Archive member included to satisfy reference by file (symbol)

d:/ciaa/tools/arm-none-eabi-gcc/bin/../lib/gcc/arm-none-eabi/8.2.1/thumb/v7e-m+fp/hard\libgcc.a(_aeabi_uldivmod.o)
                              lpc_chip_43xx/src/uart_18xx_43xx.o (__aeabi_uldivmod)
d:/ciaa/tools/arm-none-eabi-gcc/bin/../lib/gcc/arm-none-eabi/8.2.1/thumb/v7e-m+fp/hard\libgcc.a(_udivmoddi4.o)
                              d:/ciaa/tools/arm-none-eabi-gcc/bin/../lib/gcc/arm-none-eabi/8.2.1/thumb/v7e-m+fp/hard\libgcc.a(_aeabi_uldivmod.o) (__udivmoddi4)
d:/ciaa/tools/arm-none-eabi-gcc/bin/../lib/gcc/arm-none-eabi/8.2.1/thumb/v7e-m+fp/hard\libgcc.a(_dvmd_tls.o)
                              d:/ciaa/tools/arm-none-eabi-gcc/bin/../lib/gcc/arm-none-eabi/8.2.1/thumb/v7e-m+fp/hard\libgcc.a(_aeabi_uldivmod.o) (__aeabi_ldiv0)
d:/ciaa/tools/arm-none-eabi-gcc/bin/../lib/gcc/arm-none-eabi/8.2.1/../../../../arm-none-eabi/lib/thumb/v7e-m+fp/hard\libc_nano.a(lib_a-memcpy-stub.o)
                              lpc_chip_43xx/src/ring_buffer.o (memcpy)
d:/ciaa/tools/arm-none-eabi-gcc/bin/../lib/gcc/arm-none-eabi/8.2.1/../../../../arm-none-eabi/lib/thumb/v7e-m+fp/hard\libc_nano.a(lib_a-memset.o)
                              lpc_chip_43xx/src/clock_18xx_43xx.o (memset)

Allocating common symbols
Common symbol       size              file

estado              0x1               app/src/ADS131E08.o
SystemCoreClock     0x4               lpc_chip_43xx/src/chip_18xx_43xx.o
boardStat           0x4               app/src/ADS131E08.o
current_kSPS        0x1               app/src/ADS131E08.o
channelData         0x20              app/src/ADS131E08.o
id                  0x1               app/src/ADS131E08.o
regData             0x18              app/src/ADS131E08.o
currentChannel      0x1               app/src/ADS131E08.o

Discarded input sections

 .group         0x00000000        0xc app/src/GPIO.o
 .group         0x00000000        0xc app/src/GPIO.o
 .group         0x00000000        0xc app/src/GPIO.o
 .group         0x00000000        0xc app/src/GPIO.o
 .group         0x00000000        0xc app/src/GPIO.o
 .group         0x00000000        0xc app/src/GPIO.o
 .group         0x00000000        0xc app/src/GPIO.o
 .group         0x00000000        0xc app/src/GPIO.o
 .group         0x00000000        0xc app/src/GPIO.o
 .group         0x00000000        0xc app/src/GPIO.o
 .group         0x00000000        0xc app/src/GPIO.o
 .group         0x00000000        0xc app/src/GPIO.o
 .group         0x00000000        0xc app/src/GPIO.o
 .group         0x00000000        0xc app/src/GPIO.o
 .group         0x00000000        0xc app/src/GPIO.o
 .group         0x00000000        0xc app/src/GPIO.o
 .group         0x00000000        0xc app/src/GPIO.o
 .group         0x00000000        0xc app/src/GPIO.o
 .group         0x00000000        0xc app/src/GPIO.o
 .group         0x00000000        0xc app/src/GPIO.o
 .group         0x00000000        0xc app/src/GPIO.o
 .group         0x00000000        0xc app/src/GPIO.o
 .group         0x00000000        0xc app/src/GPIO.o
 .group         0x00000000        0xc app/src/GPIO.o
 .group         0x00000000        0xc app/src/GPIO.o
 .group         0x00000000        0xc app/src/GPIO.o
 .group         0x00000000        0xc app/src/GPIO.o
 .group         0x00000000        0xc app/src/GPIO.o
 .group         0x00000000        0xc app/src/GPIO.o
 .group         0x00000000        0xc app/src/GPIO.o
 .group         0x00000000        0xc app/src/GPIO.o
 .group         0x00000000        0xc app/src/GPIO.o
 .group         0x00000000        0xc app/src/GPIO.o
 .group         0x00000000        0xc app/src/GPIO.o
 .group         0x00000000        0xc app/src/GPIO.o
 .group         0x00000000        0xc app/src/GPIO.o
 .group         0x00000000        0xc app/src/GPIO.o
 .group         0x00000000        0xc app/src/GPIO.o
 .group         0x00000000        0xc app/src/GPIO.o
 .group         0x00000000        0xc app/src/GPIO.o
 .group         0x00000000        0xc app/src/GPIO.o
 .group         0x00000000        0xc app/src/GPIO.o
 .group         0x00000000        0xc app/src/GPIO.o
 .group         0x00000000        0xc app/src/GPIO.o
 .group         0x00000000        0xc app/src/GPIO.o
 .group         0x00000000        0xc app/src/GPIO.o
 .group         0x00000000        0xc app/src/GPIO.o
 .group         0x00000000        0xc app/src/GPIO.o
 .group         0x00000000        0xc app/src/GPIO.o
 .group         0x00000000        0xc app/src/GPIO.o
 .group         0x00000000        0xc app/src/GPIO.o
 .group         0x00000000        0xc app/src/GPIO.o
 .group         0x00000000        0xc app/src/GPIO.o
 .group         0x00000000        0xc app/src/GPIO.o
 .group         0x00000000        0xc app/src/GPIO.o
 .group         0x00000000        0xc app/src/GPIO.o
 .group         0x00000000        0xc app/src/GPIO.o
 .group         0x00000000        0xc app/src/GPIO.o
 .group         0x00000000        0xc app/src/GPIO.o
[...]
Memory Configuration

Name             Origin             Length             Attributes
MFlashA512       0x1a000000         0x00080000         xr
MFlashB512       0x1b000000         0x00080000         xr
RamLoc32         0x10000000         0x00008000         xrw
RamLoc40         0x10080000         0x0000a000         xrw
RamAHB32         0x20000000         0x00008000         xrw
RamAHB16         0x20008000         0x00004000         xrw
RamAHB_ETB16     0x2000c000         0x00004000         xrw
*default*        0x00000000         0xffffffff

Linker script and memory map

LOAD app/src/GPIO.o
LOAD app/src/ADS131E08.o
LOAD app/src/UART.o
LOAD app/src/Drv_Devices.o
LOAD app/src/biopotenciales.o
LOAD app/src/SPI.o
LOAD app/src/funcionamiento.o
LOAD app/src/adquisidorBiopotenciales.o
LOAD lpc_chip_43xx/src/evrt_18xx_43xx.o
LOAD lpc_chip_43xx/src/sysinit_18xx_43xx.o
LOAD lpc_chip_43xx/src/sdmmc_18xx_43xx.o
LOAD lpc_chip_43xx/src/fpu_init.o
LOAD lpc_chip_43xx/src/chip_18xx_43xx.o
LOAD lpc_chip_43xx/src/eeprom_18xx_43xx.o
LOAD lpc_chip_43xx/src/dac_18xx_43xx.o
LOAD lpc_chip_43xx/src/pinint_18xx_43xx.o
LOAD lpc_chip_43xx/src/wwdt_18xx_43xx.o
LOAD lpc_chip_43xx/src/i2cm_18xx_43xx.o
LOAD lpc_chip_43xx/src/timer_18xx_43xx.o
LOAD lpc_chip_43xx/src/sdio_18xx_43xx.o
LOAD lpc_chip_43xx/src/i2c_18xx_43xx.o
LOAD lpc_chip_43xx/src/atimer_18xx_43xx.o
LOAD lpc_chip_43xx/src/aes_18xx_43xx.o
LOAD lpc_chip_43xx/src/otp_18xx_43xx.o
LOAD lpc_chip_43xx/src/emc_18xx_43xx.o
LOAD lpc_chip_43xx/src/clock_18xx_43xx.o
LOAD lpc_chip_43xx/src/gpiogroup_18xx_43xx.o
LOAD lpc_chip_43xx/src/pmc_18xx_43xx.o
LOAD lpc_chip_43xx/src/ssp_18xx_43xx.o
LOAD lpc_chip_43xx/src/enet_18xx_43xx.o
LOAD lpc_chip_43xx/src/gpdma_18xx_43xx.o
LOAD lpc_chip_43xx/src/gpio_18xx_43xx.o
LOAD lpc_chip_43xx/src/spi_18xx_43xx.o
LOAD lpc_chip_43xx/src/rtc_18xx_43xx.o
LOAD lpc_chip_43xx/src/adc_18xx_43xx.o
LOAD lpc_chip_43xx/src/iap_18xx_43xx.o
LOAD lpc_chip_43xx/src/stopwatch_18xx_43xx.o
LOAD lpc_chip_43xx/src/sct_pwm_18xx_43xx.o
LOAD lpc_chip_43xx/src/sdif_18xx_43xx.o
LOAD lpc_chip_43xx/src/ccan_18xx_43xx.o
LOAD lpc_chip_43xx/src/ring_buffer.o
LOAD lpc_chip_43xx/src/uart_18xx_43xx.o
LOAD lpc_chip_43xx/src/lcd_18xx_43xx.o
LOAD lpc_chip_43xx/src/i2s_18xx_43xx.o
LOAD lpc_chip_43xx/src/ritimer_18xx_43xx.o
LOAD lpc_chip_43xx/src/sct_18xx_43xx.o
LOAD lpc_chip_43xx/src/hsadc_18xx_43xx.o
LOAD lpc_board_ciaa_edu_4337/src/sysinit.o
LOAD lpc_board_ciaa_edu_4337/src/system.o
LOAD lpc_board_ciaa_edu_4337/src/crp.o
LOAD lpc_board_ciaa_edu_4337/src/board_sysinit.o
LOAD lpc_board_ciaa_edu_4337/src/cr_startup_lpc43xx.o
LOAD lpc_board_ciaa_edu_4337/src/board.o
START GROUP
LOAD d:/ciaa/tools/arm-none-eabi-gcc/bin/../lib/gcc/arm-none-eabi/8.2.1/thumb/v7e-m+fp/hard\libgcc.a
LOAD d:/ciaa/tools/arm-none-eabi-gcc/bin/../lib/gcc/arm-none-eabi/8.2.1/../../../../arm-none-eabi/lib/thumb/v7e-m+fp/hard\libc_nano.a
END GROUP
START GROUP
LOAD d:/ciaa/tools/arm-none-eabi-gcc/bin/../lib/gcc/arm-none-eabi/8.2.1/thumb/v7e-m+fp/hard\libgcc.a
LOAD d:/ciaa/tools/arm-none-eabi-gcc/bin/../lib/gcc/arm-none-eabi/8.2.1/../../../../arm-none-eabi/lib/thumb/v7e-m+fp/hard\libc_nano.a
END GROUP
START GROUP
LOAD d:/ciaa/tools/arm-none-eabi-gcc/bin/../lib/gcc/arm-none-eabi/8.2.1/thumb/v7e-m+fp/hard\libgcc.a
LOAD d:/ciaa/tools/arm-none-eabi-gcc/bin/../lib/gcc/arm-none-eabi/8.2.1/../../../../arm-none-eabi/lib/thumb/v7e-m+fp/hard\libc.a
LOAD d:/ciaa/tools/arm-none-eabi-gcc/bin/../lib/gcc/arm-none-eabi/8.2.1/../../../../arm-none-eabi/lib/thumb/v7e-m+fp/hard\libm.a
END GROUP
                0x1a080000                __top_MFlashA512 = 0x1a080000
                0x1b080000                __top_MFlashB512 = 0x1b080000
                0x10008000                __top_RamLoc32 = 0x10008000
                0x1008a000                __top_RamLoc40 = 0x1008a000
                0x20008000                __top_RamAHB32 = 0x20008000
                0x2000c000                __top_RamAHB16 = 0x2000c000
                0x20010000                __top_RamAHB_ETB16 = 0x20010000

.text_Flash2    0x1b000000        0x0
 FILL mask 0xff
 *(.text_Flash2*)
 *(.text_MFlashB512*)
 *(.text.$Flash2*)
 *(.text.$MFlashB512*)
 *(.rodata.$Flash2*)
 *(.rodata.$MFlashB512*)

.text           0x1a000000     0x1fb8
 FILL mask 0xff
                0x1a000000                __vectors_start__ = ABSOLUTE (.)
 *(.isr_vector)
 .isr_vector    0x1a000000      0x114 lpc_board_ciaa_edu_4337/src/cr_startup_lpc43xx.o
                0x1a000000                g_pfnVectors
                0x1a000114                . = ALIGN (0x4)
                0x1a000114                __section_table_start = .
                0x1a000114                __data_section_table = .
                0x1a000114        0x4 LONG 0x1a001fc0 LOADADDR (.data)
                0x1a000118        0x4 LONG 0x10000000 ADDR (.data)
                0x1a00011c        0x4 LONG 0x0 SIZEOF (.data)
                0x1a000120        0x4 LONG 0x1a001fc0 LOADADDR (.data_RAM2)
                0x1a000124        0x4 LONG 0x10080000 ADDR (.data_RAM2)
                0x1a000128        0x4 LONG 0x0 SIZEOF (.data_RAM2)
                0x1a00012c        0x4 LONG 0x1a001fc0 LOADADDR (.data_RAM3)
                0x1a000130        0x4 LONG 0x20000000 ADDR (.data_RAM3)
                0x1a000134        0x4 LONG 0x0 SIZEOF (.data_RAM3)
                0x1a000138        0x4 LONG 0x1a001fc0 LOADADDR (.data_RAM4)
                0x1a00013c        0x4 LONG 0x20008000 ADDR (.data_RAM4)
                0x1a000140        0x4 LONG 0x0 SIZEOF (.data_RAM4)
                0x1a000144        0x4 LONG 0x1a001fc0 LOADADDR (.data_RAM5)
                0x1a000148        0x4 LONG 0x2000c000 ADDR (.data_RAM5)
                0x1a00014c        0x4 LONG 0x0 SIZEOF (.data_RAM5)
                0x1a000150                __data_section_table_end = .
                0x1a000150                __bss_section_table = .
                0x1a000150        0x4 LONG 0x10000000 ADDR (.bss)
                0x1a000154        0x4 LONG 0x60 SIZEOF (.bss)
                0x1a000158        0x4 LONG 0x10080000 ADDR (.bss_RAM2)
                0x1a00015c        0x4 LONG 0x0 SIZEOF (.bss_RAM2)
                0x1a000160        0x4 LONG 0x20000000 ADDR (.bss_RAM3)
                0x1a000164        0x4 LONG 0x0 SIZEOF (.bss_RAM3)
                0x1a000168        0x4 LONG 0x20008000 ADDR (.bss_RAM4)
                0x1a00016c        0x4 LONG 0x0 SIZEOF (.bss_RAM4)
                0x1a000170        0x4 LONG 0x2000c000 ADDR (.bss_RAM5)
                0x1a000174        0x4 LONG 0x0 SIZEOF (.bss_RAM5)
                0x1a000178                __bss_section_table_end = .
                0x1a000178                __section_table_end = .
 *(.after_vectors*)
 .after_vectors
                0x1a000178       0x44 lpc_board_ciaa_edu_4337/src/cr_startup_lpc43xx.o
                0x1a000178                NMI_Handler
                0x1a00017a                HardFault_Handler
                0x1a00017c                MemManage_Handler
                0x1a00017e                BusFault_Handler
                0x1a000180                UsageFault_Handler
                0x1a000182                SVC_Handler
                0x1a000184                DebugMon_Handler
                0x1a000186                PendSV_Handler
                0x1a00018a                ATIMER_IRQHandler
                0x1a00018a                SDIO_IRQHandler
                0x1a00018a                ADCHS_IRQHandler
                0x1a00018a                I2C1_IRQHandler
                0x1a00018a                UART1_IRQHandler
                0x1a00018a                GPIO5_IRQHandler
                0x1a00018a                CAN1_IRQHandler
                0x1a00018a                USB1_IRQHandler
                0x1a00018a                I2S0_IRQHandler
                0x1a00018a                TIMER3_IRQHandler
                0x1a00018a                UART0_IRQHandler
                0x1a00018a                GINT1_IRQHandler
                0x1a00018a                SGPIO_IRQHandler
                0x1a00018a                ADC0_IRQHandler
                0x1a00018a                RIT_IRQHandler
                0x1a00018a                FLASH_EEPROM_IRQHandler
                0x1a00018a                IntDefaultHandler
                0x1a00018a                GPIO1_IRQHandler
                0x1a00018a                SSP0_IRQHandler
                0x1a00018a                ADC1_IRQHandler
                0x1a00018a                RTC_IRQHandler
                0x1a00018a                TIMER0_IRQHandler
                0x1a00018a                SPI_IRQHandler
                0x1a00018a                LCD_IRQHandler
                0x1a00018a                M0APP_IRQHandler
                0x1a00018a                TIMER1_IRQHandler
                0x1a00018a                UART2_IRQHandler
                0x1a00018a                GPIO2_IRQHandler
                0x1a00018a                I2S1_IRQHandler
                0x1a00018a                SSP1_IRQHandler
                0x1a00018a                USB0_IRQHandler
                0x1a00018a                GPIO3_IRQHandler
                0x1a00018a                SCT_IRQHandler
                0x1a00018a                GPIO6_IRQHandler
                0x1a00018a                WDT_IRQHandler
                0x1a00018a                I2C0_IRQHandler
                0x1a00018a                GPIO7_IRQHandler
                0x1a00018a                SPIFI_IRQHandler
                0x1a00018a                QEI_IRQHandler
                0x1a00018a                ETH_IRQHandler
                0x1a00018a                CAN0_IRQHandler
                0x1a00018a                GINT0_IRQHandler
                0x1a00018a                DAC_IRQHandler
                0x1a00018a                M0SUB_IRQHandler
                0x1a00018a                GPIO0_IRQHandler
                0x1a00018a                DMA_IRQHandler
                0x1a00018a                EVRT_IRQHandler
                0x1a00018a                TIMER2_IRQHandler
                0x1a00018a                UART3_IRQHandler
                0x1a00018a                MCPWM_IRQHandler
                0x1a00018a                GPIO4_IRQHandler
                0x1a00018c                data_init
                0x1a0001aa                bss_init
                0x000002fc                . = 0x2fc
 *fill*         0x1a0001bc      0x140 ff
                0x1a0002fc                PROVIDE (__CRP_WORD_START__ = .)
 *(.crp)
 .crp           0x1a0002fc        0x4 lpc_board_ciaa_edu_4337/src/crp.o
                0x1a0002fc                CRP_WORD
                0x1a000300                PROVIDE (__CRP_WORD_END__ = .)
                0x00000001                ASSERT (! ((__CRP_WORD_START__ == __CRP_WORD_END__)), Linker CRP Enabled, but no CRP_WORD provided within application)
 *(.text*)
 .text.GPIO_Init
                0x1a000300      0x10c app/src/GPIO.o
                0x1a000300                GPIO_Init
 .text.GPIO_setPinState
                0x1a00040c        0xe app/src/GPIO.o
                0x1a00040c                GPIO_setPinState
 .text.GPIO_getPinState
                0x1a00041a       0x14 app/src/GPIO.o
                0x1a00041a                GPIO_getPinState
 .text.setLed   0x1a00042e       0x12 app/src/GPIO.o
                0x1a00042e                setLed
 .text.GPIO_displayOFF
                0x1a000440       0x68 app/src/GPIO.o
                0x1a000440                GPIO_displayOFF
 .text.GPIO_displayCurrentChannel
                0x1a0004a8       0x74 app/src/GPIO.o
                0x1a0004a8                GPIO_displayCurrentChannel
 .text.GPIO_displayCurrentkSPS
                0x1a00051c       0x34 app/src/GPIO.o
                0x1a00051c                GPIO_displayCurrentkSPS
 .text.GPIO_setBoardLEDs
                0x1a000550       0xe4 app/src/GPIO.o
                0x1a000550                GPIO_setBoardLEDs
 .text.GPIO_stopped
                0x1a000634       0x28 app/src/GPIO.o
                0x1a000634                GPIO_stopped
 .text.GPIO_selectChannel
                0x1a00065c       0x2e app/src/GPIO.o
                0x1a00065c                GPIO_selectChannel
 .text.GPIO_select_kSPS
                0x1a00068a       0x2e app/src/GPIO.o
                0x1a00068a                GPIO_select_kSPS
 .text.GPIO_start
                0x1a0006b8       0x20 app/src/GPIO.o
                0x1a0006b8                GPIO_start
 .text.GPIO_getSignal
                0x1a0006d8       0xc4 app/src/GPIO.o
                0x1a0006d8                GPIO_getSignal
 .text.ADS131E08_signalDown
                0x1a00079c       0x28 app/src/ADS131E08.o
                0x1a00079c                ADS131E08_signalDown
 .text.ADS131E08_csLow
                0x1a0007c4        0xe app/src/ADS131E08.o
                0x1a0007c4                ADS131E08_csLow
 .text.ADS131E08_csHigh
                0x1a0007d2        0xe app/src/ADS131E08.o
                0x1a0007d2                ADS131E08_csHigh
 .text.ADS131E08_sendCommand
                0x1a0007e0       0x26 app/src/ADS131E08.o
                0x1a0007e0                ADS131E08_sendCommand
 .text.ADS131E08_Init
                0x1a000806       0x50 app/src/ADS131E08.o
                0x1a000806                ADS131E08_Init
 *fill*         0x1a000856        0x2 ff
 .text.ADS131E08_startADS
                0x1a000858       0x30 app/src/ADS131E08.o
                0x1a000858                ADS131E08_startADS
 .text.ADS131E08_stopADS
                0x1a000888       0x16 app/src/ADS131E08.o
                0x1a000888                ADS131E08_stopADS
 *fill*         0x1a00089e        0x2 ff
 .text.ADS131E08_WREG
                0x1a0008a0       0x4c app/src/ADS131E08.o
                0x1a0008a0                ADS131E08_WREG
 .text.ADS131E08_defaultConfig
                0x1a0008ec       0xd0 app/src/ADS131E08.o
                0x1a0008ec                ADS131E08_defaultConfig
 .text.ADS131E08_isDataAvailable
                0x1a0009bc       0x12 app/src/ADS131E08.o
                0x1a0009bc                ADS131E08_isDataAvailable
 *fill*         0x1a0009ce        0x2 ff
 .text.ADS131E08_getChannelData
                0x1a0009d0       0xb4 app/src/ADS131E08.o
                0x1a0009d0                ADS131E08_getChannelData
 .text.UART_Init
                0x1a000a84       0x34 app/src/UART.o
                0x1a000a84                UART_Init
 .text.UART_Send
                0x1a000ab8       0x14 app/src/UART.o
                0x1a000ab8                UART_Send
 .text.SPI_Init
                0x1a000acc       0x28 app/src/SPI.o
                0x1a000acc                SPI_Init
 .text.SPI_Setup
                0x1a000af4       0x34 app/src/SPI.o
                0x1a000af4                SPI_Setup
 .text.SPI_transfer
                0x1a000b28       0x1c app/src/SPI.o
                0x1a000b28                SPI_transfer
 .text.Funcionamiento_Menu
                0x1a000b44      0x1b4 app/src/funcionamiento.o
                0x1a000b44                Funcionamiento_Menu
 .text.SysTick_Handler
                0x1a000cf8       0x10 app/src/funcionamiento.o
                0x1a000cf8                SysTick_Handler
 .text.delayMs  0x1a000d08       0x50 app/src/funcionamiento.o
                0x1a000d08                delayMs
 .text.Funcionamiento_Init
                0x1a000d58       0x40 app/src/funcionamiento.o
                0x1a000d58                Funcionamiento_Init
 .text.delayUs  0x1a000d98       0x50 app/src/funcionamiento.o
                0x1a000d98                delayUs
 .text.InitHardware
                0x1a000de8       0x54 app/src/adquisidorBiopotenciales.o
 .text.main     0x1a000e3c       0x2c app/src/adquisidorBiopotenciales.o
                0x1a000e3c                main
 .text.Chip_SetupCoreClock
                0x1a000e68      0x158 lpc_chip_43xx/src/sysinit_18xx_43xx.o
                0x1a000e68                Chip_SetupCoreClock
 .text.fpuInit  0x1a000fc0       0x54 lpc_chip_43xx/src/fpu_init.o
                0x1a000fc0                fpuInit
 .text.SystemCoreClockUpdate
                0x1a001014       0x14 lpc_chip_43xx/src/chip_18xx_43xx.o
                0x1a001014                SystemCoreClockUpdate
 .text.pll_calc_divs
                0x1a001028       0xa0 lpc_chip_43xx/src/clock_18xx_43xx.o
 .text.pll_get_frac
                0x1a0010c8      0x100 lpc_chip_43xx/src/clock_18xx_43xx.o
 .text.Chip_Clock_FindBaseClock
                0x1a0011c8       0x4c lpc_chip_43xx/src/clock_18xx_43xx.o
 .text.Chip_Clock_EnableCrystal
                0x1a001214       0x4c lpc_chip_43xx/src/clock_18xx_43xx.o
                0x1a001214                Chip_Clock_EnableCrystal
 .text.Chip_Clock_GetDividerSource
                0x1a001260       0x1c lpc_chip_43xx/src/clock_18xx_43xx.o
                0x1a001260                Chip_Clock_GetDividerSource
 .text.Chip_Clock_GetDividerDivisor
                0x1a00127c       0x1c lpc_chip_43xx/src/clock_18xx_43xx.o
                0x1a00127c                Chip_Clock_GetDividerDivisor
 .text.Chip_Clock_GetClockInputHz
                0x1a001298       0xb8 lpc_chip_43xx/src/clock_18xx_43xx.o
                0x1a001298                Chip_Clock_GetClockInputHz
 .text.Chip_Clock_CalcMainPLLValue
                0x1a001350       0x80 lpc_chip_43xx/src/clock_18xx_43xx.o
                0x1a001350                Chip_Clock_CalcMainPLLValue
 .text.Chip_Clock_GetMainPLLHz
                0x1a0013d0       0x6c lpc_chip_43xx/src/clock_18xx_43xx.o
                0x1a0013d0                Chip_Clock_GetMainPLLHz
 .text.Chip_Clock_GetDivRate
                0x1a00143c       0x22 lpc_chip_43xx/src/clock_18xx_43xx.o
 *fill*         0x1a00145e        0x2 ff
 .text.Chip_Clock_SetBaseClock
                0x1a001460       0x58 lpc_chip_43xx/src/clock_18xx_43xx.o
                0x1a001460                Chip_Clock_SetBaseClock
 .text.Chip_Clock_GetBaseClock
                0x1a0014b8       0x26 lpc_chip_43xx/src/clock_18xx_43xx.o
                0x1a0014b8                Chip_Clock_GetBaseClock
 .text.Chip_Clock_GetBaseClocktHz
                0x1a0014de        0xc lpc_chip_43xx/src/clock_18xx_43xx.o
                0x1a0014de                Chip_Clock_GetBaseClocktHz
 *fill*         0x1a0014ea        0x2 ff
 .text.Chip_Clock_EnableOpts
                0x1a0014ec       0x3c lpc_chip_43xx/src/clock_18xx_43xx.o
                0x1a0014ec                Chip_Clock_EnableOpts
 .text.Chip_Clock_Enable
                0x1a001528       0x34 lpc_chip_43xx/src/clock_18xx_43xx.o
                0x1a001528                Chip_Clock_Enable
 .text.Chip_Clock_GetRate
                0x1a00155c       0x4c lpc_chip_43xx/src/clock_18xx_43xx.o
                0x1a00155c                Chip_Clock_GetRate
 .text.Chip_SSP_GetClockIndex
                0x1a0015a8       0x14 lpc_chip_43xx/src/ssp_18xx_43xx.o
 .text.Chip_SSP_GetPeriphClockIndex
                0x1a0015bc       0x18 lpc_chip_43xx/src/ssp_18xx_43xx.o
 .text.Chip_SSP_SetClockRate
                0x1a0015d4       0x12 lpc_chip_43xx/src/ssp_18xx_43xx.o
                0x1a0015d4                Chip_SSP_SetClockRate
 .text.Chip_SSP_SetMaster
                0x1a0015e6       0x16 lpc_chip_43xx/src/ssp_18xx_43xx.o
                0x1a0015e6                Chip_SSP_SetMaster
 .text.Chip_SSP_SetBitRate
                0x1a0015fc       0x3e lpc_chip_43xx/src/ssp_18xx_43xx.o
                0x1a0015fc                Chip_SSP_SetBitRate
 *fill*         0x1a00163a        0x2 ff
 .text.Chip_SSP_Init
                0x1a00163c       0x38 lpc_chip_43xx/src/ssp_18xx_43xx.o
                0x1a00163c                Chip_SSP_Init
 .text.Chip_GPIO_Init
                0x1a001674        0x2 lpc_chip_43xx/src/gpio_18xx_43xx.o
                0x1a001674                Chip_GPIO_Init
 .text.Chip_GPIO_SetPinDIR
                0x1a001676       0x30 lpc_chip_43xx/src/gpio_18xx_43xx.o
                0x1a001676                Chip_GPIO_SetPinDIR
 *fill*         0x1a0016a6        0x2 ff
 .text.Chip_UART_GetIndex
                0x1a0016a8       0x2c lpc_chip_43xx/src/uart_18xx_43xx.o
 .text.Chip_UART_Init
                0x1a0016d4       0x54 lpc_chip_43xx/src/uart_18xx_43xx.o
                0x1a0016d4                Chip_UART_Init
 .text.Chip_UART_Send
                0x1a001728       0x28 lpc_chip_43xx/src/uart_18xx_43xx.o
                0x1a001728                Chip_UART_Send
 .text.Chip_UART_SendBlocking
                0x1a001750       0x24 lpc_chip_43xx/src/uart_18xx_43xx.o
                0x1a001750                Chip_UART_SendBlocking
 .text.Chip_UART_SetBaud
                0x1a001774       0x40 lpc_chip_43xx/src/uart_18xx_43xx.o
                0x1a001774                Chip_UART_SetBaud
 .text.Chip_UART_SetBaudFDR
                0x1a0017b4       0xdc lpc_chip_43xx/src/uart_18xx_43xx.o
                0x1a0017b4                Chip_UART_SetBaudFDR
 .text.SystemInit
                0x1a001890        0xc lpc_board_ciaa_edu_4337/src/sysinit.o
                0x1a001890                SystemInit
 .text.Board_SetupMuxing
                0x1a00189c       0x38 lpc_board_ciaa_edu_4337/src/board_sysinit.o
                0x1a00189c                Board_SetupMuxing
 .text.Board_SetupClocking
                0x1a0018d4       0x6c lpc_board_ciaa_edu_4337/src/board_sysinit.o
                0x1a0018d4                Board_SetupClocking
 .text.Board_SystemInit
                0x1a001940        0xc lpc_board_ciaa_edu_4337/src/board_sysinit.o
                0x1a001940                Board_SystemInit
 .text.ResetISR
                0x1a00194c       0x7c lpc_board_ciaa_edu_4337/src/cr_startup_lpc43xx.o
                0x1a00194c                ResetISR
 .text.Board_LED_Init
                0x1a0019c8       0x44 lpc_board_ciaa_edu_4337/src/board.o
 .text.Board_TEC_Init
                0x1a001a0c       0x40 lpc_board_ciaa_edu_4337/src/board.o
 .text.Board_UART_Init
                0x1a001a4c       0x14 lpc_board_ciaa_edu_4337/src/board.o
                0x1a001a4c                Board_UART_Init
 .text.Board_Debug_Init
                0x1a001a60       0x28 lpc_board_ciaa_edu_4337/src/board.o
                0x1a001a60                Board_Debug_Init
 .text.Board_LED_Set
                0x1a001a88       0x28 lpc_board_ciaa_edu_4337/src/board.o
                0x1a001a88                Board_LED_Set
 .text.Board_LED_Test
                0x1a001ab0       0x2c lpc_board_ciaa_edu_4337/src/board.o
                0x1a001ab0                Board_LED_Test
 .text.Board_LED_Toggle
                0x1a001adc       0x16 lpc_board_ciaa_edu_4337/src/board.o
                0x1a001adc                Board_LED_Toggle
 *fill*         0x1a001af2        0x2 ff
 .text.Board_TEC_GetStatus
                0x1a001af4       0x2c lpc_board_ciaa_edu_4337/src/board.o
                0x1a001af4                Board_TEC_GetStatus
 .text.Board_Init
                0x1a001b20       0x2c lpc_board_ciaa_edu_4337/src/board.o
                0x1a001b20                Board_Init
 .text          0x1a001b4c       0x30 d:/ciaa/tools/arm-none-eabi-gcc/bin/../lib/gcc/arm-none-eabi/8.2.1/thumb/v7e-m+fp/hard\libgcc.a(_aeabi_uldivmod.o)
                0x1a001b4c                __aeabi_uldivmod
 .text.__udivmoddi4
                0x1a001b7c      0x2d0 d:/ciaa/tools/arm-none-eabi-gcc/bin/../lib/gcc/arm-none-eabi/8.2.1/thumb/v7e-m+fp/hard\libgcc.a(_udivmoddi4.o)
                0x1a001b7c                __udivmoddi4
 .text          0x1a001e4c        0x4 d:/ciaa/tools/arm-none-eabi-gcc/bin/../lib/gcc/arm-none-eabi/8.2.1/thumb/v7e-m+fp/hard\libgcc.a(_dvmd_tls.o)
                0x1a001e4c                __aeabi_idiv0
                0x1a001e4c                __aeabi_ldiv0
 .text.memset   0x1a001e50       0x10 d:/ciaa/tools/arm-none-eabi-gcc/bin/../lib/gcc/arm-none-eabi/8.2.1/../../../../arm-none-eabi/lib/thumb/v7e-m+fp/hard\libc_nano.a(lib_a-memset.o)
                0x1a001e50                memset
 *(.rodata .rodata.* .constdata .constdata.*)
 .rodata.InitClkStates
                0x1a001e60       0x48 lpc_chip_43xx/src/sysinit_18xx_43xx.o
 .rodata        0x1a001ea8        0x4 lpc_chip_43xx/src/clock_18xx_43xx.o
 .rodata.Chip_Clock_SetDivider.str1.4
                0x1a001eac        0x8 lpc_chip_43xx/src/clock_18xx_43xx.o
                                  0x6 (size before relaxing)
 .rodata.periph_to_base
                0x1a001eb4       0x6c lpc_chip_43xx/src/clock_18xx_43xx.o
 .rodata.UART_BClock
                0x1a001f20        0x8 lpc_chip_43xx/src/uart_18xx_43xx.o
 .rodata.UART_PClock
                0x1a001f28        0x8 lpc_chip_43xx/src/uart_18xx_43xx.o
 .rodata.InitClkStates
                0x1a001f30        0xc lpc_board_ciaa_edu_4337/src/board_sysinit.o
 .rodata.pinmuxing
                0x1a001f3c       0x60 lpc_board_ciaa_edu_4337/src/board_sysinit.o
 .rodata.ExtRateIn
                0x1a001f9c        0x4 lpc_board_ciaa_edu_4337/src/board.o
                0x1a001f9c                ExtRateIn
 .rodata.GpioButtons
                0x1a001fa0        0x8 lpc_board_ciaa_edu_4337/src/board.o
 .rodata.OscRateIn
                0x1a001fa8        0x4 lpc_board_ciaa_edu_4337/src/board.o
                0x1a001fa8                OscRateIn
 .rodata.gpioLEDBits
                0x1a001fac        0xc lpc_board_ciaa_edu_4337/src/board.o
                0x1a001fb8                . = ALIGN (0x4)

.glue_7         0x1a001fb8        0x0
 .glue_7        0x1a001fb8        0x0 linker stubs

.glue_7t        0x1a001fb8        0x0
 .glue_7t       0x1a001fb8        0x0 linker stubs

.vfp11_veneer   0x1a001fb8        0x0
 .vfp11_veneer  0x1a001fb8        0x0 linker stubs

.v4_bx          0x1a001fb8        0x0
 .v4_bx         0x1a001fb8        0x0 linker stubs

.iplt           0x1a001fb8        0x0
 .iplt          0x1a001fb8        0x0 app/src/GPIO.o

.ARM.extab
 *(.ARM.extab* .gnu.linkonce.armextab.*)
                0x1a001fb8                __exidx_start = .

.ARM.exidx      0x1a001fb8        0x8
 *(.ARM.exidx* .gnu.linkonce.armexidx.*)
 .ARM.exidx.text.__udivmoddi4
                0x1a001fb8        0x8 d:/ciaa/tools/arm-none-eabi-gcc/bin/../lib/gcc/arm-none-eabi/8.2.1/thumb/v7e-m+fp/hard\libgcc.a(_udivmoddi4.o)
                0x1a001fc0                __exidx_end = .
                0x1a001fc0                _etext = .

.rel.dyn        0x1a001fc0        0x0
 .rel.iplt      0x1a001fc0        0x0 app/src/GPIO.o

.data_RAM2      0x10080000        0x0 load address 0x1a001fc0
 FILL mask 0xff
 *(.ramfunc.$RAM2)
 *(.ramfunc.$RamLoc40)
 *(.data.$RAM2*)
 *(.data.$RamLoc40*)
                0x10080000                . = ALIGN (0x4)

.data_RAM3      0x20000000        0x0 load address 0x1a001fc0
 FILL mask 0xff
 *(.ramfunc.$RAM3)
 *(.ramfunc.$RamAHB32)
 *(.data.$RAM3*)
 *(.data.$RamAHB32*)
                0x20000000                . = ALIGN (0x4)

.data_RAM4      0x20008000        0x0 load address 0x1a001fc0
 FILL mask 0xff
 *(.ramfunc.$RAM4)
 *(.ramfunc.$RamAHB16)
 *(.data.$RAM4*)
 *(.data.$RamAHB16*)
                0x20008000                . = ALIGN (0x4)

.data_RAM5      0x2000c000        0x0 load address 0x1a001fc0
 FILL mask 0xff
 *(.ramfunc.$RAM5)
 *(.ramfunc.$RamAHB_ETB16)
 *(.data.$RAM5*)
 *(.data.$RamAHB_ETB16*)
                0x2000c000                . = ALIGN (0x4)

.uninit_RESERVED
                0x10000000        0x0
 *(.bss.$RESERVED*)
                0x10000000                . = ALIGN (0x4)
                0x10000000                _end_uninit_RESERVED = .

.data           0x10000000        0x0 load address 0x1a001fc0
 FILL mask 0xff
                0x10000000                _data = .
 *(vtable)
 *(.ramfunc*)
 *(.data*)
                0x10000000                . = ALIGN (0x4)
                0x10000000                _edata = .

.igot.plt       0x10000000        0x0 load address 0x1a001fc0
 .igot.plt      0x10000000        0x0 app/src/GPIO.o

.bss_RAM2       0x10080000        0x0
 *(.bss.$RAM2*)
 *(.bss.$RamLoc40*)
                0x10080000                . = ALIGN (0x4)

.bss_RAM3       0x20000000        0x0
 *(.bss.$RAM3*)
 *(.bss.$RamAHB32*)
                0x20000000                . = ALIGN (0x4)

.bss_RAM4       0x20008000        0x0
 *(.bss.$RAM4*)
 *(.bss.$RamAHB16*)
                0x20008000                . = ALIGN (0x4)

.bss_RAM5       0x2000c000        0x0
 *(.bss.$RAM5*)
 *(.bss.$RamAHB_ETB16*)
                0x2000c000                . = ALIGN (0x4)

.bss            0x10000000       0x60
                0x10000000                _bss = .
 *(.bss*)
 .bss.firstDataPacket
                0x10000000        0x1 app/src/ADS131E08.o
                0x10000000                firstDataPacket
 .bss.sampleCnt
                0x10000001        0x1 app/src/ADS131E08.o
                0x10000001                sampleCnt
 .bss.sampleCounter
                0x10000002        0x1 app/src/ADS131E08.o
                0x10000002                sampleCounter
 .bss.is_running
                0x10000003        0x1 app/src/funcionamiento.o
                0x10000003                is_running
 .bss.tick_ct   0x10000004        0x4 app/src/funcionamiento.o
 .bss.audio_usb_pll_freq
                0x10000008        0x8 lpc_chip_43xx/src/clock_18xx_43xx.o
 *(COMMON)
 COMMON         0x10000010       0x49 app/src/ADS131E08.o
                0x10000010                estado
                0x10000014                boardStat
                0x10000018                current_kSPS
                0x1000001c                channelData
                0x1000003c                id
                0x10000040                regData
                0x10000058                currentChannel
 *fill*         0x10000059        0x3 
 COMMON         0x1000005c        0x4 lpc_chip_43xx/src/chip_18xx_43xx.o
                0x1000005c                SystemCoreClock
                0x10000060                . = ALIGN (0x4)
                0x10000060                _ebss = .
                [!provide]                PROVIDE (end = .)

.noinit_RAM2    0x10080000        0x0
 *(.noinit.$RAM2*)
 *(.noinit.$RamLoc40*)
                0x10080000                . = ALIGN (0x4)

.noinit_RAM3    0x20000000        0x0
 *(.noinit.$RAM3*)
 *(.noinit.$RamAHB32*)
                0x20000000                . = ALIGN (0x4)

.noinit_RAM4    0x20008000        0x0
 *(.noinit.$RAM4*)
 *(.noinit.$RamAHB16*)
                0x20008000                . = ALIGN (0x4)

.noinit_RAM5    0x2000c000        0x0
 *(.noinit.$RAM5*)
 *(.noinit.$RamAHB_ETB16*)
                0x2000c000                . = ALIGN (0x4)

.noinit         0x10000060        0x0
                0x10000060                _noinit = .
 *(.noinit*)
                0x10000060                . = ALIGN (0x4)
                0x10000060                _end_noinit = .
                0x10000060                PROVIDE (_pvHeapStart = .)
                0x10008000                PROVIDE (_vStackTop = (__top_RamLoc32 - 0x0))
OUTPUT(adquisidorBiopotenciales.elf elf32-littlearm)

.debug_info     0x00000000    0x135cb
 .debug_info    0x00000000     0x24ba app/src/GPIO.o
 .debug_info    0x000024ba     0x1add app/src/ADS131E08.o
 .debug_info    0x00003f97      0x8f2 app/src/UART.o
 .debug_info    0x00004889      0x780 app/src/SPI.o
 .debug_info    0x00005009     0x189b app/src/funcionamiento.o
 .debug_info    0x000068a4     0x1608 app/src/adquisidorBiopotenciales.o
 .debug_info    0x00007eac      0xb94 lpc_chip_43xx/src/sysinit_18xx_43xx.o
 .debug_info    0x00008a40      0x156 lpc_chip_43xx/src/fpu_init.o
 .debug_info    0x00008b96      0xc97 lpc_chip_43xx/src/chip_18xx_43xx.o
 .debug_info    0x0000982d     0x1b68 lpc_chip_43xx/src/clock_18xx_43xx.o
 .debug_info    0x0000b395     0x1a33 lpc_chip_43xx/src/ssp_18xx_43xx.o
 .debug_info    0x0000cdc8      0x568 lpc_chip_43xx/src/gpio_18xx_43xx.o
 .debug_info    0x0000d330     0x1981 lpc_chip_43xx/src/uart_18xx_43xx.o
 .debug_info    0x0000ecb1      0x9e3 lpc_board_ciaa_edu_4337/src/sysinit.o
 .debug_info    0x0000f694       0x40 lpc_board_ciaa_edu_4337/src/crp.o
 .debug_info    0x0000f6d4     0x15bc lpc_board_ciaa_edu_4337/src/board_sysinit.o
 .debug_info    0x00010c90      0x33f lpc_board_ciaa_edu_4337/src/cr_startup_lpc43xx.o
 .debug_info    0x00010fcf     0x25fc lpc_board_ciaa_edu_4337/src/board.o

.debug_abbrev   0x00000000     0x3186
 .debug_abbrev  0x00000000      0x39e app/src/GPIO.o
 .debug_abbrev  0x0000039e      0x3f6 app/src/ADS131E08.o
 .debug_abbrev  0x00000794      0x2a8 app/src/UART.o
 .debug_abbrev  0x00000a3c      0x26f app/src/SPI.o
 .debug_abbrev  0x00000cab      0x405 app/src/funcionamiento.o
 .debug_abbrev  0x000010b0      0x366 app/src/adquisidorBiopotenciales.o
 .debug_abbrev  0x00001416      0x250 lpc_chip_43xx/src/sysinit_18xx_43xx.o
 .debug_abbrev  0x00001666       0xb1 lpc_chip_43xx/src/fpu_init.o
 .debug_abbrev  0x00001717      0x1ee lpc_chip_43xx/src/chip_18xx_43xx.o
 .debug_abbrev  0x00001905      0x3ef lpc_chip_43xx/src/clock_18xx_43xx.o
 .debug_abbrev  0x00001cf4      0x38a lpc_chip_43xx/src/ssp_18xx_43xx.o
 .debug_abbrev  0x0000207e      0x1af lpc_chip_43xx/src/gpio_18xx_43xx.o
 .debug_abbrev  0x0000222d      0x42c lpc_chip_43xx/src/uart_18xx_43xx.o
 .debug_abbrev  0x00002659      0x20a lpc_board_ciaa_edu_4337/src/sysinit.o
 .debug_abbrev  0x00002863       0x38 lpc_board_ciaa_edu_4337/src/crp.o
 .debug_abbrev  0x0000289b      0x356 lpc_board_ciaa_edu_4337/src/board_sysinit.o
 .debug_abbrev  0x00002bf1      0x130 lpc_board_ciaa_edu_4337/src/cr_startup_lpc43xx.o
 .debug_abbrev  0x00002d21      0x465 lpc_board_ciaa_edu_4337/src/board.o

.debug_loc      0x00000000     0x5ac5
 .debug_loc     0x00000000      0xd86 app/src/GPIO.o
 .debug_loc     0x00000d86      0x2c1 app/src/ADS131E08.o
 .debug_loc     0x00001047      0x2b4 app/src/UART.o
 .debug_loc     0x000012fb      0x178 app/src/SPI.o
 .debug_loc     0x00001473      0x177 app/src/funcionamiento.o
 .debug_loc     0x000015ea       0x63 app/src/adquisidorBiopotenciales.o
 .debug_loc     0x0000164d      0x15a lpc_chip_43xx/src/sysinit_18xx_43xx.o
 .debug_loc     0x000017a7       0x31 lpc_chip_43xx/src/fpu_init.o
 .debug_loc     0x000017d8     0x1505 lpc_chip_43xx/src/clock_18xx_43xx.o
 .debug_loc     0x00002cdd      0xfd3 lpc_chip_43xx/src/ssp_18xx_43xx.o
 .debug_loc     0x00003cb0      0x39e lpc_chip_43xx/src/gpio_18xx_43xx.o
 .debug_loc     0x0000404e      0xf38 lpc_chip_43xx/src/uart_18xx_43xx.o
 .debug_loc     0x00004f86       0xd9 lpc_board_ciaa_edu_4337/src/board_sysinit.o
 .debug_loc     0x0000505f      0x282 lpc_board_ciaa_edu_4337/src/cr_startup_lpc43xx.o
 .debug_loc     0x000052e1      0x7e4 lpc_board_ciaa_edu_4337/src/board.o

.debug_aranges  0x00000000      0x708
 .debug_aranges
                0x00000000       0xa8 app/src/GPIO.o
 .debug_aranges
                0x000000a8       0x98 app/src/ADS131E08.o
 .debug_aranges
                0x00000140       0x48 app/src/UART.o
 .debug_aranges
                0x00000188       0x48 app/src/SPI.o
 .debug_aranges
                0x000001d0       0x40 app/src/funcionamiento.o
 .debug_aranges
                0x00000210       0x28 app/src/adquisidorBiopotenciales.o
 .debug_aranges
                0x00000238       0x38 lpc_chip_43xx/src/sysinit_18xx_43xx.o
 .debug_aranges
                0x00000270       0x20 lpc_chip_43xx/src/fpu_init.o
 .debug_aranges
                0x00000290       0x38 lpc_chip_43xx/src/chip_18xx_43xx.o
 .debug_aranges
                0x000002c8      0x128 lpc_chip_43xx/src/clock_18xx_43xx.o
 .debug_aranges
                0x000003f0       0xa0 lpc_chip_43xx/src/ssp_18xx_43xx.o
 .debug_aranges
                0x00000490       0x48 lpc_chip_43xx/src/gpio_18xx_43xx.o
 .debug_aranges
                0x000004d8       0xa8 lpc_chip_43xx/src/uart_18xx_43xx.o
 .debug_aranges
                0x00000580       0x20 lpc_board_ciaa_edu_4337/src/sysinit.o
 .debug_aranges
                0x000005a0       0x18 lpc_board_ciaa_edu_4337/src/crp.o
 .debug_aranges
                0x000005b8       0x30 lpc_board_ciaa_edu_4337/src/board_sysinit.o
 .debug_aranges
                0x000005e8       0x80 lpc_board_ciaa_edu_4337/src/cr_startup_lpc43xx.o
 .debug_aranges
                0x00000668       0xa0 lpc_board_ciaa_edu_4337/src/board.o

.debug_ranges   0x00000000      0x870
 .debug_ranges  0x00000000      0x200 app/src/GPIO.o
 .debug_ranges  0x00000200       0x88 app/src/ADS131E08.o
 .debug_ranges  0x00000288       0x68 app/src/UART.o
 .debug_ranges  0x000002f0       0x38 app/src/SPI.o
 .debug_ranges  0x00000328       0x30 app/src/funcionamiento.o
 .debug_ranges  0x00000358       0x18 app/src/adquisidorBiopotenciales.o
 .debug_ranges  0x00000370       0x28 lpc_chip_43xx/src/sysinit_18xx_43xx.o
 .debug_ranges  0x00000398       0x10 lpc_chip_43xx/src/fpu_init.o
 .debug_ranges  0x000003a8       0x28 lpc_chip_43xx/src/chip_18xx_43xx.o
 .debug_ranges  0x000003d0      0x198 lpc_chip_43xx/src/clock_18xx_43xx.o
 .debug_ranges  0x00000568       0xc0 lpc_chip_43xx/src/ssp_18xx_43xx.o
 .debug_ranges  0x00000628       0x38 lpc_chip_43xx/src/gpio_18xx_43xx.o
 .debug_ranges  0x00000660       0xb0 lpc_chip_43xx/src/uart_18xx_43xx.o
 .debug_ranges  0x00000710       0x10 lpc_board_ciaa_edu_4337/src/sysinit.o
 .debug_ranges  0x00000720       0x38 lpc_board_ciaa_edu_4337/src/board_sysinit.o
 .debug_ranges  0x00000758       0x70 lpc_board_ciaa_edu_4337/src/cr_startup_lpc43xx.o
 .debug_ranges  0x000007c8       0xa8 lpc_board_ciaa_edu_4337/src/board.o

.debug_macro    0x00000000     0x9395
 .debug_macro   0x00000000      0x48e app/src/GPIO.o
 .debug_macro   0x0000048e      0xa9c app/src/GPIO.o
 .debug_macro   0x00000f2a       0x22 app/src/GPIO.o
 .debug_macro   0x00000f4c       0x8e app/src/GPIO.o
 .debug_macro   0x00000fda       0x51 app/src/GPIO.o
 .debug_macro   0x0000102b       0xef app/src/GPIO.o
 .debug_macro   0x0000111a       0x6a app/src/GPIO.o
 .debug_macro   0x00001184      0x1df app/src/GPIO.o
 .debug_macro   0x00001363       0x22 app/src/GPIO.o
 .debug_macro   0x00001385       0x66 app/src/GPIO.o
 .debug_macro   0x000013eb       0x10 app/src/GPIO.o
 .debug_macro   0x000013fb       0x28 app/src/GPIO.o
 .debug_macro   0x00001423       0x3b app/src/GPIO.o
 .debug_macro   0x0000145e       0x2d app/src/GPIO.o
 .debug_macro   0x0000148b       0x42 app/src/GPIO.o
 .debug_macro   0x000014cd      0xd39 app/src/GPIO.o
 .debug_macro   0x00002206      0x2bc app/src/GPIO.o
 .debug_macro   0x000024c2      0x112 app/src/GPIO.o
 .debug_macro   0x000025d4       0x11 app/src/GPIO.o
 .debug_macro   0x000025e5       0x2a app/src/GPIO.o
 .debug_macro   0x0000260f       0x16 app/src/GPIO.o
 .debug_macro   0x00002625      0x2e6 app/src/GPIO.o
 .debug_macro   0x0000290b       0x82 app/src/GPIO.o
 .debug_macro   0x0000298d      0x13d app/src/GPIO.o
 .debug_macro   0x00002aca      0x198 app/src/GPIO.o
 .debug_macro   0x00002c62       0x34 app/src/GPIO.o
 .debug_macro   0x00002c96       0x58 app/src/GPIO.o
 .debug_macro   0x00002cee      0x236 app/src/GPIO.o
 .debug_macro   0x00002f24      0x572 app/src/GPIO.o
 .debug_macro   0x00003496       0x16 app/src/GPIO.o
 .debug_macro   0x000034ac      0x18a app/src/GPIO.o
 .debug_macro   0x00003636       0x88 app/src/GPIO.o
 .debug_macro   0x000036be      0x1b9 app/src/GPIO.o
 .debug_macro   0x00003877      0x1da app/src/GPIO.o
 .debug_macro   0x00003a51       0x40 app/src/GPIO.o
 .debug_macro   0x00003a91       0x1c app/src/GPIO.o
 .debug_macro   0x00003aad       0x2e app/src/GPIO.o
 .debug_macro   0x00003adb       0x2e app/src/GPIO.o
 .debug_macro   0x00003b09       0x22 app/src/GPIO.o
 .debug_macro   0x00003b2b      0x201 app/src/GPIO.o
 .debug_macro   0x00003d2c       0xe0 app/src/GPIO.o
 .debug_macro   0x00003e0c      0x34c app/src/GPIO.o
 .debug_macro   0x00004158       0xdc app/src/GPIO.o
 .debug_macro   0x00004234       0xc4 app/src/GPIO.o
 .debug_macro   0x000042f8       0x94 app/src/GPIO.o
 .debug_macro   0x0000438c       0xb8 app/src/GPIO.o
 .debug_macro   0x00004444       0x4c app/src/GPIO.o
 .debug_macro   0x00004490       0x16 app/src/GPIO.o
 .debug_macro   0x000044a6      0x328 app/src/GPIO.o
 .debug_macro   0x000047ce       0x3a app/src/GPIO.o
 .debug_macro   0x00004808       0xd0 app/src/GPIO.o
 .debug_macro   0x000048d8       0x18 app/src/GPIO.o
 .debug_macro   0x000048f0       0x22 app/src/GPIO.o
 .debug_macro   0x00004912       0x40 app/src/GPIO.o
 .debug_macro   0x00004952       0x5e app/src/GPIO.o
 .debug_macro   0x000049b0       0x64 app/src/GPIO.o
 .debug_macro   0x00004a14       0x18 app/src/GPIO.o
 .debug_macro   0x00004a2c       0x35 app/src/GPIO.o
 .debug_macro   0x00004a61       0x34 app/src/GPIO.o
 .debug_macro   0x00004a95       0x16 app/src/GPIO.o
 .debug_macro   0x00004aab       0x97 app/src/GPIO.o
 .debug_macro   0x00004b42      0x339 app/src/GPIO.o
 .debug_macro   0x00004e7b       0xfd app/src/GPIO.o
 .debug_macro   0x00004f78       0x10 app/src/GPIO.o
 .debug_macro   0x00004f88       0x58 app/src/GPIO.o
 .debug_macro   0x00004fe0       0x1f app/src/GPIO.o
 .debug_macro   0x00004fff       0x43 app/src/GPIO.o
 .debug_macro   0x00005042       0x20 app/src/GPIO.o
 .debug_macro   0x00005062      0x18e app/src/GPIO.o
 .debug_macro   0x000051f0       0x10 app/src/GPIO.o
 .debug_macro   0x00005200       0x1c app/src/GPIO.o
 .debug_macro   0x0000521c       0x52 app/src/GPIO.o
 .debug_macro   0x0000526e       0x40 app/src/GPIO.o
 .debug_macro   0x000052ae       0x10 app/src/GPIO.o
 .debug_macro   0x000052be       0x40 app/src/GPIO.o
 .debug_macro   0x000052fe       0xd7 app/src/GPIO.o
 .debug_macro   0x000053d5       0x1c app/src/GPIO.o
 .debug_macro   0x000053f1       0x3d app/src/GPIO.o
 .debug_macro   0x0000542e       0x16 app/src/GPIO.o
 .debug_macro   0x00005444      0x16f app/src/GPIO.o
 .debug_macro   0x000055b3       0x20 app/src/GPIO.o
 .debug_macro   0x000055d3       0x94 app/src/GPIO.o
 .debug_macro   0x00005667      0x4f1 app/src/ADS131E08.o
 .debug_macro   0x00005b58      0x683 app/src/ADS131E08.o
 .debug_macro   0x000061db       0x10 app/src/ADS131E08.o
 .debug_macro   0x000061eb       0x2e app/src/ADS131E08.o
 .debug_macro   0x00006219       0x16 app/src/ADS131E08.o
 .debug_macro   0x0000622f       0x35 app/src/ADS131E08.o
 .debug_macro   0x00006264       0x16 app/src/ADS131E08.o
 .debug_macro   0x0000627a       0x29 app/src/ADS131E08.o
 .debug_macro   0x000062a3      0x314 app/src/UART.o
 .debug_macro   0x000065b7       0x28 app/src/UART.o
 .debug_macro   0x000065df      0x31e app/src/SPI.o
 .debug_macro   0x000068fd      0x4e2 app/src/funcionamiento.o
 .debug_macro   0x00006ddf      0x4c5 app/src/adquisidorBiopotenciales.o
 .debug_macro   0x000072a4      0x301 lpc_chip_43xx/src/sysinit_18xx_43xx.o
 .debug_macro   0x000075a5       0xe7 lpc_chip_43xx/src/fpu_init.o
 .debug_macro   0x0000768c      0x301 lpc_chip_43xx/src/chip_18xx_43xx.o
 .debug_macro   0x0000798d      0x307 lpc_chip_43xx/src/clock_18xx_43xx.o
 .debug_macro   0x00007c94      0x301 lpc_chip_43xx/src/ssp_18xx_43xx.o
 .debug_macro   0x00007f95      0x301 lpc_chip_43xx/src/gpio_18xx_43xx.o
 .debug_macro   0x00008296      0x301 lpc_chip_43xx/src/uart_18xx_43xx.o
 .debug_macro   0x00008597      0x47f lpc_board_ciaa_edu_4337/src/sysinit.o
 .debug_macro   0x00008a16       0x17 lpc_board_ciaa_edu_4337/src/crp.o
 .debug_macro   0x00008a2d      0x47f lpc_board_ciaa_edu_4337/src/board_sysinit.o
 .debug_macro   0x00008eac       0x1d lpc_board_ciaa_edu_4337/src/cr_startup_lpc43xx.o
 .debug_macro   0x00008ec9      0x4b6 lpc_board_ciaa_edu_4337/src/board.o
 .debug_macro   0x0000937f       0x16 lpc_board_ciaa_edu_4337/src/board.o

.debug_line     0x00000000     0xa8d8
 .debug_line    0x00000000      0xcd0 app/src/GPIO.o
 .debug_line    0x00000cd0      0xbeb app/src/ADS131E08.o
 .debug_line    0x000018bb      0x78a app/src/UART.o
 .debug_line    0x00002045      0x7b1 app/src/SPI.o
 .debug_line    0x000027f6      0xb17 app/src/funcionamiento.o
 .debug_line    0x0000330d      0x89c app/src/adquisidorBiopotenciales.o
 .debug_line    0x00003ba9      0x893 lpc_chip_43xx/src/sysinit_18xx_43xx.o
 .debug_line    0x0000443c      0x2ae lpc_chip_43xx/src/fpu_init.o
 .debug_line    0x000046ea      0x6f1 lpc_chip_43xx/src/chip_18xx_43xx.o
 .debug_line    0x00004ddb     0x1389 lpc_chip_43xx/src/clock_18xx_43xx.o
 .debug_line    0x00006164     0x11a1 lpc_chip_43xx/src/ssp_18xx_43xx.o
 .debug_line    0x00007305      0x78b lpc_chip_43xx/src/gpio_18xx_43xx.o
 .debug_line    0x00007a90      0xe23 lpc_chip_43xx/src/uart_18xx_43xx.o
 .debug_line    0x000088b3      0x7c1 lpc_board_ciaa_edu_4337/src/sysinit.o
 .debug_line    0x00009074       0x42 lpc_board_ciaa_edu_4337/src/crp.o
 .debug_line    0x000090b6      0x8a3 lpc_board_ciaa_edu_4337/src/board_sysinit.o
 .debug_line    0x00009959      0x24b lpc_board_ciaa_edu_4337/src/cr_startup_lpc43xx.o
 .debug_line    0x00009ba4      0xd34 lpc_board_ciaa_edu_4337/src/board.o

.debug_str      0x00000000    0x1e90f
 .debug_str     0x00000000    0x1946c app/src/GPIO.o
                              0x19748 (size before relaxing)
 .debug_str     0x0001946c     0x302d app/src/ADS131E08.o
                              0x1c4f4 (size before relaxing)
 .debug_str     0x0001c499      0x140 app/src/UART.o
                              0x1536b (size before relaxing)
 .debug_str     0x0001c5d9      0x2ec app/src/SPI.o
                              0x154e1 (size before relaxing)
 .debug_str     0x0001c8c5      0x44e app/src/funcionamiento.o
                              0x1c876 (size before relaxing)
 .debug_str     0x0001cd13       0x85 app/src/adquisidorBiopotenciales.o
                              0x1c710 (size before relaxing)
 .debug_str     0x0001cd98      0x3ad lpc_chip_43xx/src/sysinit_18xx_43xx.o
                              0x15e10 (size before relaxing)
 .debug_str     0x0001d145       0xc0 lpc_chip_43xx/src/fpu_init.o
                               0x996f (size before relaxing)
 .debug_str     0x0001d205      0x212 lpc_chip_43xx/src/chip_18xx_43xx.o
                              0x15eb2 (size before relaxing)
 .debug_str     0x0001d417      0x422 lpc_chip_43xx/src/clock_18xx_43xx.o
                              0x16385 (size before relaxing)
 .debug_str     0x0001d839      0x415 lpc_chip_43xx/src/ssp_18xx_43xx.o
                              0x15b53 (size before relaxing)
 .debug_str     0x0001dc4e       0xe7 lpc_chip_43xx/src/gpio_18xx_43xx.o
                              0x15200 (size before relaxing)
 .debug_str     0x0001dd35      0x35d lpc_chip_43xx/src/uart_18xx_43xx.o
                              0x15fc2 (size before relaxing)
 .debug_str     0x0001e092       0x41 lpc_board_ciaa_edu_4337/src/sysinit.o
                              0x193a6 (size before relaxing)
 .debug_str     0x0001e0d3       0x41 lpc_board_ciaa_edu_4337/src/crp.o
                               0x2e0f (size before relaxing)
 .debug_str     0x0001e114       0xc9 lpc_board_ciaa_edu_4337/src/board_sysinit.o
                              0x1a17f (size before relaxing)
 .debug_str     0x0001e1dd      0x1f7 lpc_board_ciaa_edu_4337/src/cr_startup_lpc43xx.o
                               0x2ff0 (size before relaxing)
 .debug_str     0x0001e3d4      0x53b lpc_board_ciaa_edu_4337/src/board.o
                              0x1a674 (size before relaxing)

.comment        0x00000000       0x68
 .comment       0x00000000       0x68 app/src/GPIO.o
                                 0x69 (size before relaxing)
 .comment       0x00000068       0x69 app/src/ADS131E08.o
 .comment       0x00000068       0x69 app/src/UART.o
 .comment       0x00000068       0x69 app/src/SPI.o
 .comment       0x00000068       0x69 app/src/funcionamiento.o
 .comment       0x00000068       0x69 app/src/adquisidorBiopotenciales.o
 .comment       0x00000068       0x69 lpc_chip_43xx/src/sysinit_18xx_43xx.o
 .comment       0x00000068       0x69 lpc_chip_43xx/src/fpu_init.o
 .comment       0x00000068       0x69 lpc_chip_43xx/src/chip_18xx_43xx.o
 .comment       0x00000068       0x69 lpc_chip_43xx/src/clock_18xx_43xx.o
 .comment       0x00000068       0x69 lpc_chip_43xx/src/ssp_18xx_43xx.o
 .comment       0x00000068       0x69 lpc_chip_43xx/src/gpio_18xx_43xx.o
 .comment       0x00000068       0x69 lpc_chip_43xx/src/uart_18xx_43xx.o
 .comment       0x00000068       0x69 lpc_board_ciaa_edu_4337/src/sysinit.o
 .comment       0x00000068       0x69 lpc_board_ciaa_edu_4337/src/crp.o
 .comment       0x00000068       0x69 lpc_board_ciaa_edu_4337/src/board_sysinit.o
 .comment       0x00000068       0x69 lpc_board_ciaa_edu_4337/src/cr_startup_lpc43xx.o
 .comment       0x00000068       0x69 lpc_board_ciaa_edu_4337/src/board.o

.ARM.attributes
                0x00000000       0x34
 .ARM.attributes
                0x00000000       0x34 app/src/GPIO.o
 .ARM.attributes
                0x00000034       0x34 app/src/ADS131E08.o
 .ARM.attributes
                0x00000068       0x34 app/src/UART.o
 .ARM.attributes
                0x0000009c       0x34 app/src/SPI.o
 .ARM.attributes
                0x000000d0       0x34 app/src/funcionamiento.o
 .ARM.attributes
                0x00000104       0x34 app/src/adquisidorBiopotenciales.o
 .ARM.attributes
                0x00000138       0x34 lpc_chip_43xx/src/sysinit_18xx_43xx.o
 .ARM.attributes
                0x0000016c       0x34 lpc_chip_43xx/src/fpu_init.o
 .ARM.attributes
                0x000001a0       0x34 lpc_chip_43xx/src/chip_18xx_43xx.o
 .ARM.attributes
                0x000001d4       0x34 lpc_chip_43xx/src/clock_18xx_43xx.o
 .ARM.attributes
                0x00000208       0x34 lpc_chip_43xx/src/ssp_18xx_43xx.o
 .ARM.attributes
                0x0000023c       0x34 lpc_chip_43xx/src/gpio_18xx_43xx.o
 .ARM.attributes
                0x00000270       0x34 lpc_chip_43xx/src/uart_18xx_43xx.o
 .ARM.attributes
                0x000002a4       0x34 lpc_board_ciaa_edu_4337/src/sysinit.o
 .ARM.attributes
                0x000002d8       0x39 lpc_board_ciaa_edu_4337/src/crp.o
 .ARM.attributes
                0x00000311       0x34 lpc_board_ciaa_edu_4337/src/board_sysinit.o
 .ARM.attributes
                0x00000345       0x34 lpc_board_ciaa_edu_4337/src/cr_startup_lpc43xx.o
 .ARM.attributes
                0x00000379       0x34 lpc_board_ciaa_edu_4337/src/board.o
 .ARM.attributes
                0x000003ad       0x1e d:/ciaa/tools/arm-none-eabi-gcc/bin/../lib/gcc/arm-none-eabi/8.2.1/thumb/v7e-m+fp/hard\libgcc.a(_aeabi_uldivmod.o)
 .ARM.attributes
                0x000003cb       0x34 d:/ciaa/tools/arm-none-eabi-gcc/bin/../lib/gcc/arm-none-eabi/8.2.1/thumb/v7e-m+fp/hard\libgcc.a(_udivmoddi4.o)
 .ARM.attributes
                0x000003ff       0x1e d:/ciaa/tools/arm-none-eabi-gcc/bin/../lib/gcc/arm-none-eabi/8.2.1/thumb/v7e-m+fp/hard\libgcc.a(_dvmd_tls.o)
 .ARM.attributes
                0x0000041d       0x34 d:/ciaa/tools/arm-none-eabi-gcc/bin/../lib/gcc/arm-none-eabi/8.2.1/../../../../arm-none-eabi/lib/thumb/v7e-m+fp/hard\libc_nano.a(lib_a-memset.o)

.debug_frame    0x00000000     0x10ac
 .debug_frame   0x00000000      0x1a0 app/src/GPIO.o
 .debug_frame   0x000001a0      0x194 app/src/ADS131E08.o
 .debug_frame   0x00000334       0x90 app/src/UART.o
 .debug_frame   0x000003c4       0x88 app/src/SPI.o
 .debug_frame   0x0000044c       0x70 app/src/funcionamiento.o
 .debug_frame   0x000004bc       0x40 app/src/adquisidorBiopotenciales.o
 .debug_frame   0x000004fc       0x80 lpc_chip_43xx/src/sysinit_18xx_43xx.o
 .debug_frame   0x0000057c       0x2c lpc_chip_43xx/src/fpu_init.o
 .debug_frame   0x000005a8       0x70 lpc_chip_43xx/src/chip_18xx_43xx.o
 .debug_frame   0x00000618      0x31c lpc_chip_43xx/src/clock_18xx_43xx.o
 .debug_frame   0x00000934      0x198 lpc_chip_43xx/src/ssp_18xx_43xx.o
 .debug_frame   0x00000acc       0x90 lpc_chip_43xx/src/gpio_18xx_43xx.o
 .debug_frame   0x00000b5c      0x1f4 lpc_chip_43xx/src/uart_18xx_43xx.o
 .debug_frame   0x00000d50       0x28 lpc_board_ciaa_edu_4337/src/sysinit.o
 .debug_frame   0x00000d78       0x5c lpc_board_ciaa_edu_4337/src/board_sysinit.o
 .debug_frame   0x00000dd4       0xf4 lpc_board_ciaa_edu_4337/src/cr_startup_lpc43xx.o
 .debug_frame   0x00000ec8      0x164 lpc_board_ciaa_edu_4337/src/board.o
 .debug_frame   0x0000102c       0x2c d:/ciaa/tools/arm-none-eabi-gcc/bin/../lib/gcc/arm-none-eabi/8.2.1/thumb/v7e-m+fp/hard\libgcc.a(_aeabi_uldivmod.o)
 .debug_frame   0x00001058       0x34 d:/ciaa/tools/arm-none-eabi-gcc/bin/../lib/gcc/arm-none-eabi/8.2.1/thumb/v7e-m+fp/hard\libgcc.a(_udivmoddi4.o)
 .debug_frame   0x0000108c       0x20 d:/ciaa/tools/arm-none-eabi-gcc/bin/../lib/gcc/arm-none-eabi/8.2.1/../../../../arm-none-eabi/lib/thumb/v7e-m+fp/hard\libc_nano.a(lib_a-memset.o)

Cross Reference Table

Symbol                                            File
ADC0_IRQHandler                                   lpc_board_ciaa_edu_4337/src/cr_startup_lpc43xx.o
ADC1_IRQHandler                                   lpc_board_ciaa_edu_4337/src/cr_startup_lpc43xx.o
ADCHS_IRQHandler                                  lpc_board_ciaa_edu_4337/src/cr_startup_lpc43xx.o
ADS131E08_Init                                    app/src/ADS131E08.o
                                                  app/src/funcionamiento.o
ADS131E08_RREG                                    app/src/ADS131E08.o
ADS131E08_WREG                                    app/src/ADS131E08.o
ADS131E08_configureTestSignal                     app/src/ADS131E08.o
ADS131E08_csHigh                                  app/src/ADS131E08.o
ADS131E08_csLow                                   app/src/ADS131E08.o
ADS131E08_defaultConfig                           app/src/ADS131E08.o
                                                  app/src/funcionamiento.o
ADS131E08_getChannelData                          app/src/ADS131E08.o
                                                  app/src/funcionamiento.o
ADS131E08_getDeviceID                             app/src/ADS131E08.o
ADS131E08_getRegistersData                        app/src/ADS131E08.o
ADS131E08_isDataAvailable                         app/src/ADS131E08.o
                                                  app/src/funcionamiento.o
ADS131E08_sendCommand                             app/src/ADS131E08.o
ADS131E08_signalDown                              app/src/ADS131E08.o
                                                  app/src/funcionamiento.o
ADS131E08_startADS                                app/src/ADS131E08.o
                                                  app/src/funcionamiento.o
ADS131E08_stopADS                                 app/src/ADS131E08.o
                                                  app/src/funcionamiento.o
ADS131E08_transfer                                app/src/ADS131E08.o
ATIMER_IRQHandler                                 lpc_board_ciaa_edu_4337/src/cr_startup_lpc43xx.o
Board_DAC_Init                                    lpc_board_ciaa_edu_4337/src/board.o
Board_Debug_Init                                  lpc_board_ciaa_edu_4337/src/board.o
Board_ENET_GetMacADDR                             lpc_board_ciaa_edu_4337/src/board.o
Board_I2C_Init                                    lpc_board_ciaa_edu_4337/src/board.o
Board_Init                                        lpc_board_ciaa_edu_4337/src/board.o
                                                  app/src/adquisidorBiopotenciales.o
Board_LED_Set                                     lpc_board_ciaa_edu_4337/src/board.o
                                                  app/src/GPIO.o
Board_LED_Test                                    lpc_board_ciaa_edu_4337/src/board.o
Board_LED_Toggle                                  lpc_board_ciaa_edu_4337/src/board.o
                                                  app/src/adquisidorBiopotenciales.o
Board_SDMMC_Init                                  lpc_board_ciaa_edu_4337/src/board.o
Board_SSP_Init                                    lpc_board_ciaa_edu_4337/src/board.o
Board_SetupClocking                               lpc_board_ciaa_edu_4337/src/board_sysinit.o
Board_SetupMuxing                                 lpc_board_ciaa_edu_4337/src/board_sysinit.o
Board_SystemInit                                  lpc_board_ciaa_edu_4337/src/board_sysinit.o
                                                  lpc_board_ciaa_edu_4337/src/sysinit.o
Board_TEC_GetStatus                               lpc_board_ciaa_edu_4337/src/board.o
                                                  app/src/funcionamiento.o
Board_UARTGetChar                                 lpc_board_ciaa_edu_4337/src/board.o
                                                  lpc_board_ciaa_edu_4337/src/system.o
Board_UARTPutChar                                 lpc_board_ciaa_edu_4337/src/board.o
                                                  lpc_board_ciaa_edu_4337/src/system.o
Board_UARTPutSTR                                  lpc_board_ciaa_edu_4337/src/board.o
Board_UART_Init                                   lpc_board_ciaa_edu_4337/src/board.o
BusFault_Handler                                  lpc_board_ciaa_edu_4337/src/cr_startup_lpc43xx.o
CAN0_IRQHandler                                   lpc_board_ciaa_edu_4337/src/cr_startup_lpc43xx.o
CAN1_IRQHandler                                   lpc_board_ciaa_edu_4337/src/cr_startup_lpc43xx.o
CRP_WORD                                          lpc_board_ciaa_edu_4337/src/crp.o
Chip_ADC_DeInit                                   lpc_chip_43xx/src/adc_18xx_43xx.o
Chip_ADC_EnableChannel                            lpc_chip_43xx/src/adc_18xx_43xx.o
Chip_ADC_Init                                     lpc_chip_43xx/src/adc_18xx_43xx.o
Chip_ADC_Int_SetChannelCmd                        lpc_chip_43xx/src/adc_18xx_43xx.o
Chip_ADC_ReadByte                                 lpc_chip_43xx/src/adc_18xx_43xx.o
Chip_ADC_ReadStatus                               lpc_chip_43xx/src/adc_18xx_43xx.o
Chip_ADC_ReadValue                                lpc_chip_43xx/src/adc_18xx_43xx.o
Chip_ADC_SetBurstCmd                              lpc_chip_43xx/src/adc_18xx_43xx.o
Chip_ADC_SetResolution                            lpc_chip_43xx/src/adc_18xx_43xx.o
Chip_ADC_SetSampleRate                            lpc_chip_43xx/src/adc_18xx_43xx.o
Chip_ADC_SetStartMode                             lpc_chip_43xx/src/adc_18xx_43xx.o
Chip_AES_Config_DMA                               lpc_chip_43xx/src/aes_18xx_43xx.o
Chip_AES_GetStatusDMA                             lpc_chip_43xx/src/aes_18xx_43xx.o
Chip_AES_Init                                     lpc_chip_43xx/src/aes_18xx_43xx.o
Chip_AES_LoadIV_IC                                lpc_chip_43xx/src/aes_18xx_43xx.o
Chip_AES_LoadIV_SW                                lpc_chip_43xx/src/aes_18xx_43xx.o
Chip_AES_LoadKey                                  lpc_chip_43xx/src/aes_18xx_43xx.o
Chip_AES_LoadKeyRNG                               lpc_chip_43xx/src/aes_18xx_43xx.o
Chip_AES_LoadKeySW                                lpc_chip_43xx/src/aes_18xx_43xx.o
Chip_AES_Operate                                  lpc_chip_43xx/src/aes_18xx_43xx.o
Chip_AES_OperateDMA                               lpc_chip_43xx/src/aes_18xx_43xx.o
Chip_AES_ProgramKey                               lpc_chip_43xx/src/aes_18xx_43xx.o
Chip_AES_SetMode                                  lpc_chip_43xx/src/aes_18xx_43xx.o
Chip_ATIMER_DeInit                                lpc_chip_43xx/src/atimer_18xx_43xx.o
Chip_ATIMER_Init                                  lpc_chip_43xx/src/atimer_18xx_43xx.o
Chip_CCAN_AddReceiveID                            lpc_chip_43xx/src/ccan_18xx_43xx.o
Chip_CCAN_ClearStatus                             lpc_chip_43xx/src/ccan_18xx_43xx.o
Chip_CCAN_DeInit                                  lpc_chip_43xx/src/ccan_18xx_43xx.o
Chip_CCAN_DeleteReceiveID                         lpc_chip_43xx/src/ccan_18xx_43xx.o
Chip_CCAN_GetMsgObject                            lpc_chip_43xx/src/ccan_18xx_43xx.o
Chip_CCAN_Init                                    lpc_chip_43xx/src/ccan_18xx_43xx.o
Chip_CCAN_Send                                    lpc_chip_43xx/src/ccan_18xx_43xx.o
Chip_CCAN_SetBitRate                              lpc_chip_43xx/src/ccan_18xx_43xx.o
Chip_CCAN_SetMsgObject                            lpc_chip_43xx/src/ccan_18xx_43xx.o
Chip_CCAN_SetValidMsg                             lpc_chip_43xx/src/ccan_18xx_43xx.o
Chip_CCAN_TransferMsgObject                       lpc_chip_43xx/src/ccan_18xx_43xx.o
Chip_Clock_CalcMainPLLValue                       lpc_chip_43xx/src/clock_18xx_43xx.o
                                                  lpc_chip_43xx/src/sysinit_18xx_43xx.o
Chip_Clock_ClearPowerDown                         lpc_chip_43xx/src/clock_18xx_43xx.o
Chip_Clock_Disable                                lpc_chip_43xx/src/clock_18xx_43xx.o
                                                  lpc_chip_43xx/src/hsadc_18xx_43xx.o
                                                  lpc_chip_43xx/src/sct_18xx_43xx.o
                                                  lpc_chip_43xx/src/ritimer_18xx_43xx.o
                                                  lpc_chip_43xx/src/i2s_18xx_43xx.o
                                                  lpc_chip_43xx/src/lcd_18xx_43xx.o
                                                  lpc_chip_43xx/src/uart_18xx_43xx.o
                                                  lpc_chip_43xx/src/ccan_18xx_43xx.o
                                                  lpc_chip_43xx/src/sdif_18xx_43xx.o
                                                  lpc_chip_43xx/src/adc_18xx_43xx.o
                                                  lpc_chip_43xx/src/spi_18xx_43xx.o
                                                  lpc_chip_43xx/src/gpdma_18xx_43xx.o
                                                  lpc_chip_43xx/src/enet_18xx_43xx.o
                                                  lpc_chip_43xx/src/ssp_18xx_43xx.o
                                                  lpc_chip_43xx/src/i2c_18xx_43xx.o
                                                  lpc_chip_43xx/src/timer_18xx_43xx.o
                                                  lpc_chip_43xx/src/i2cm_18xx_43xx.o
                                                  lpc_chip_43xx/src/dac_18xx_43xx.o
Chip_Clock_DisableBaseClock                       lpc_chip_43xx/src/clock_18xx_43xx.o
Chip_Clock_DisableCrystal                         lpc_chip_43xx/src/clock_18xx_43xx.o
Chip_Clock_DisablePLL                             lpc_chip_43xx/src/clock_18xx_43xx.o
Chip_Clock_Enable                                 lpc_chip_43xx/src/clock_18xx_43xx.o
                                                  lpc_chip_43xx/src/hsadc_18xx_43xx.o
                                                  lpc_chip_43xx/src/i2s_18xx_43xx.o
                                                  lpc_chip_43xx/src/spi_18xx_43xx.o
                                                  lpc_chip_43xx/src/ssp_18xx_43xx.o
                                                  lpc_chip_43xx/src/i2c_18xx_43xx.o
                                                  lpc_chip_43xx/src/timer_18xx_43xx.o
                                                  lpc_chip_43xx/src/i2cm_18xx_43xx.o
Chip_Clock_EnableBaseClock                        lpc_chip_43xx/src/clock_18xx_43xx.o
                                                  lpc_chip_43xx/src/chip_18xx_43xx.o
Chip_Clock_EnableCrystal                          lpc_chip_43xx/src/clock_18xx_43xx.o
                                                  lpc_chip_43xx/src/sysinit_18xx_43xx.o
Chip_Clock_EnableOpts                             lpc_chip_43xx/src/clock_18xx_43xx.o
                                                  lpc_chip_43xx/src/hsadc_18xx_43xx.o
                                                  lpc_chip_43xx/src/sct_18xx_43xx.o
                                                  lpc_chip_43xx/src/ritimer_18xx_43xx.o
                                                  lpc_chip_43xx/src/lcd_18xx_43xx.o
                                                  lpc_chip_43xx/src/uart_18xx_43xx.o
                                                  lpc_chip_43xx/src/ccan_18xx_43xx.o
                                                  lpc_chip_43xx/src/sdif_18xx_43xx.o
                                                  lpc_chip_43xx/src/adc_18xx_43xx.o
                                                  lpc_chip_43xx/src/gpdma_18xx_43xx.o
                                                  lpc_chip_43xx/src/enet_18xx_43xx.o
                                                  lpc_chip_43xx/src/dac_18xx_43xx.o
                                                  lpc_chip_43xx/src/chip_18xx_43xx.o
Chip_Clock_EnablePLL                              lpc_chip_43xx/src/clock_18xx_43xx.o
                                                  lpc_chip_43xx/src/chip_18xx_43xx.o
Chip_Clock_GetBaseClock                           lpc_chip_43xx/src/clock_18xx_43xx.o
Chip_Clock_GetBaseClockOpts                       lpc_chip_43xx/src/clock_18xx_43xx.o
Chip_Clock_GetBaseClocktHz                        lpc_chip_43xx/src/clock_18xx_43xx.o
                                                  lpc_chip_43xx/src/sdio_18xx_43xx.o
                                                  lpc_chip_43xx/src/sdmmc_18xx_43xx.o
Chip_Clock_GetClockInputHz                        lpc_chip_43xx/src/clock_18xx_43xx.o
                                                  lpc_chip_43xx/src/chip_18xx_43xx.o
Chip_Clock_GetDividerDivisor                      lpc_chip_43xx/src/clock_18xx_43xx.o
Chip_Clock_GetDividerSource                       lpc_chip_43xx/src/clock_18xx_43xx.o
Chip_Clock_GetEMCRate                             lpc_chip_43xx/src/clock_18xx_43xx.o
                                                  lpc_chip_43xx/src/emc_18xx_43xx.o
Chip_Clock_GetMainPLLHz                           lpc_chip_43xx/src/clock_18xx_43xx.o
Chip_Clock_GetPLLStatus                           lpc_chip_43xx/src/clock_18xx_43xx.o
                                                  lpc_chip_43xx/src/chip_18xx_43xx.o
Chip_Clock_GetRate                                lpc_chip_43xx/src/clock_18xx_43xx.o
                                                  lpc_chip_43xx/src/hsadc_18xx_43xx.o
                                                  lpc_chip_43xx/src/ritimer_18xx_43xx.o
                                                  lpc_chip_43xx/src/i2s_18xx_43xx.o
                                                  lpc_chip_43xx/src/uart_18xx_43xx.o
                                                  lpc_chip_43xx/src/ccan_18xx_43xx.o
                                                  lpc_chip_43xx/src/sct_pwm_18xx_43xx.o
                                                  lpc_chip_43xx/src/stopwatch_18xx_43xx.o
                                                  lpc_chip_43xx/src/adc_18xx_43xx.o
                                                  lpc_chip_43xx/src/spi_18xx_43xx.o
                                                  lpc_chip_43xx/src/ssp_18xx_43xx.o
                                                  lpc_chip_43xx/src/i2c_18xx_43xx.o
                                                  lpc_chip_43xx/src/i2cm_18xx_43xx.o
                                                  lpc_chip_43xx/src/eeprom_18xx_43xx.o
                                                  lpc_chip_43xx/src/chip_18xx_43xx.o
Chip_Clock_IsBaseClockEnabled                     lpc_chip_43xx/src/clock_18xx_43xx.o
Chip_Clock_RTCEnable                              lpc_chip_43xx/src/clock_18xx_43xx.o
                                                  lpc_chip_43xx/src/rtc_18xx_43xx.o
Chip_Clock_SetBaseClock                           lpc_chip_43xx/src/clock_18xx_43xx.o
                                                  lpc_board_ciaa_edu_4337/src/board_sysinit.o
                                                  lpc_chip_43xx/src/chip_18xx_43xx.o
                                                  lpc_chip_43xx/src/sysinit_18xx_43xx.o
Chip_Clock_SetDivider                             lpc_chip_43xx/src/clock_18xx_43xx.o
                                                  lpc_chip_43xx/src/chip_18xx_43xx.o
Chip_Clock_SetupMainPLLHz                         lpc_chip_43xx/src/clock_18xx_43xx.o
Chip_Clock_SetupMainPLLMult                       lpc_chip_43xx/src/clock_18xx_43xx.o
Chip_Clock_SetupPLL                               lpc_chip_43xx/src/clock_18xx_43xx.o
                                                  lpc_chip_43xx/src/chip_18xx_43xx.o
Chip_Clock_StartPowerDown                         lpc_chip_43xx/src/clock_18xx_43xx.o
Chip_DAC_DeInit                                   lpc_chip_43xx/src/dac_18xx_43xx.o
Chip_DAC_Init                                     lpc_chip_43xx/src/dac_18xx_43xx.o
Chip_DAC_SetBias                                  lpc_chip_43xx/src/dac_18xx_43xx.o
Chip_DAC_UpdateValue                              lpc_chip_43xx/src/dac_18xx_43xx.o
Chip_EEPROM_EraseProgramPage                      lpc_chip_43xx/src/eeprom_18xx_43xx.o
Chip_EEPROM_Init                                  lpc_chip_43xx/src/eeprom_18xx_43xx.o
Chip_EEPROM_WaitForIntStatus                      lpc_chip_43xx/src/eeprom_18xx_43xx.o
Chip_EMC_Dynamic_Enable                           lpc_chip_43xx/src/emc_18xx_43xx.o
Chip_EMC_Dynamic_Init                             lpc_chip_43xx/src/emc_18xx_43xx.o
Chip_EMC_Enable                                   lpc_chip_43xx/src/emc_18xx_43xx.o
Chip_EMC_Init                                     lpc_chip_43xx/src/emc_18xx_43xx.o
Chip_EMC_LowPowerMode                             lpc_chip_43xx/src/emc_18xx_43xx.o
Chip_EMC_Mirror                                   lpc_chip_43xx/src/emc_18xx_43xx.o
Chip_EMC_Static_Init                              lpc_chip_43xx/src/emc_18xx_43xx.o
Chip_ENET_DeInit                                  lpc_chip_43xx/src/enet_18xx_43xx.o
Chip_ENET_Init                                    lpc_chip_43xx/src/enet_18xx_43xx.o
Chip_ENET_SetDuplex                               lpc_chip_43xx/src/enet_18xx_43xx.o
Chip_ENET_SetSpeed                                lpc_chip_43xx/src/enet_18xx_43xx.o
Chip_ENET_SetupMII                                lpc_chip_43xx/src/enet_18xx_43xx.o
Chip_ENET_StartMIIRead                            lpc_chip_43xx/src/enet_18xx_43xx.o
Chip_ENET_StartMIIWrite                           lpc_chip_43xx/src/enet_18xx_43xx.o
Chip_EVRT_ConfigIntSrcActiveType                  lpc_chip_43xx/src/evrt_18xx_43xx.o
Chip_EVRT_Init                                    lpc_chip_43xx/src/evrt_18xx_43xx.o
Chip_EVRT_IsSourceInterrupting                    lpc_chip_43xx/src/evrt_18xx_43xx.o
Chip_EVRT_SetUpIntSrc                             lpc_chip_43xx/src/evrt_18xx_43xx.o
Chip_GPDMA_ChannelCmd                             lpc_chip_43xx/src/gpdma_18xx_43xx.o
Chip_GPDMA_ClearIntPending                        lpc_chip_43xx/src/gpdma_18xx_43xx.o
Chip_GPDMA_DeInit                                 lpc_chip_43xx/src/gpdma_18xx_43xx.o
Chip_GPDMA_GetFreeChannel                         lpc_chip_43xx/src/gpdma_18xx_43xx.o
Chip_GPDMA_Init                                   lpc_chip_43xx/src/gpdma_18xx_43xx.o
Chip_GPDMA_InitChannelCfg                         lpc_chip_43xx/src/gpdma_18xx_43xx.o
Chip_GPDMA_IntGetStatus                           lpc_chip_43xx/src/gpdma_18xx_43xx.o
Chip_GPDMA_Interrupt                              lpc_chip_43xx/src/gpdma_18xx_43xx.o
Chip_GPDMA_PrepareDescriptor                      lpc_chip_43xx/src/gpdma_18xx_43xx.o
Chip_GPDMA_SGTransfer                             lpc_chip_43xx/src/gpdma_18xx_43xx.o
Chip_GPDMA_Stop                                   lpc_chip_43xx/src/gpdma_18xx_43xx.o
Chip_GPDMA_Transfer                               lpc_chip_43xx/src/gpdma_18xx_43xx.o
Chip_GPIO_DeInit                                  lpc_chip_43xx/src/gpio_18xx_43xx.o
                                                  app/src/GPIO.o
Chip_GPIO_Init                                    lpc_chip_43xx/src/gpio_18xx_43xx.o
                                                  lpc_board_ciaa_edu_4337/src/board.o
                                                  app/src/GPIO.o
Chip_GPIO_SetDir                                  lpc_chip_43xx/src/gpio_18xx_43xx.o
Chip_GPIO_SetPinDIR                               lpc_chip_43xx/src/gpio_18xx_43xx.o
                                                  app/src/GPIO.o
Chip_GPIO_SetPortDIR                              lpc_chip_43xx/src/gpio_18xx_43xx.o
Chip_GPIO_WriteDirBit                             lpc_chip_43xx/src/gpio_18xx_43xx.o
Chip_HSADC_DeInit                                 lpc_chip_43xx/src/hsadc_18xx_43xx.o
Chip_HSADC_Init                                   lpc_chip_43xx/src/hsadc_18xx_43xx.o
Chip_HSADC_SetACDCBias                            lpc_chip_43xx/src/hsadc_18xx_43xx.o
Chip_HSADC_SetPowerSpeed                          lpc_chip_43xx/src/hsadc_18xx_43xx.o
Chip_HSADC_SetSpeed                               lpc_chip_43xx/src/hsadc_18xx_43xx.o
Chip_HSADC_SetThrHighValue                        lpc_chip_43xx/src/hsadc_18xx_43xx.o
Chip_HSADC_SetThrLowValue                         lpc_chip_43xx/src/hsadc_18xx_43xx.o
Chip_HSADC_SetupFIFO                              lpc_chip_43xx/src/hsadc_18xx_43xx.o
Chip_I2CM_DeInit                                  lpc_chip_43xx/src/i2cm_18xx_43xx.o
Chip_I2CM_Init                                    lpc_chip_43xx/src/i2cm_18xx_43xx.o
Chip_I2CM_Read                                    lpc_chip_43xx/src/i2cm_18xx_43xx.o
Chip_I2CM_SetBusSpeed                             lpc_chip_43xx/src/i2cm_18xx_43xx.o
Chip_I2CM_Write                                   lpc_chip_43xx/src/i2cm_18xx_43xx.o
Chip_I2CM_Xfer                                    lpc_chip_43xx/src/i2cm_18xx_43xx.o
Chip_I2CM_XferBlocking                            lpc_chip_43xx/src/i2cm_18xx_43xx.o
Chip_I2CM_XferHandler                             lpc_chip_43xx/src/i2cm_18xx_43xx.o
Chip_I2C_DeInit                                   lpc_chip_43xx/src/i2c_18xx_43xx.o
Chip_I2C_Disable                                  lpc_chip_43xx/src/i2c_18xx_43xx.o
Chip_I2C_EventHandler                             lpc_chip_43xx/src/i2c_18xx_43xx.o
Chip_I2C_EventHandlerPolling                      lpc_chip_43xx/src/i2c_18xx_43xx.o
Chip_I2C_GetClockRate                             lpc_chip_43xx/src/i2c_18xx_43xx.o
Chip_I2C_GetMasterEventHandler                    lpc_chip_43xx/src/i2c_18xx_43xx.o
Chip_I2C_Init                                     lpc_chip_43xx/src/i2c_18xx_43xx.o
Chip_I2C_IsMasterActive                           lpc_chip_43xx/src/i2c_18xx_43xx.o
Chip_I2C_IsStateChanged                           lpc_chip_43xx/src/i2c_18xx_43xx.o
Chip_I2C_MasterCmdRead                            lpc_chip_43xx/src/i2c_18xx_43xx.o
Chip_I2C_MasterRead                               lpc_chip_43xx/src/i2c_18xx_43xx.o
Chip_I2C_MasterSend                               lpc_chip_43xx/src/i2c_18xx_43xx.o
Chip_I2C_MasterStateHandler                       lpc_chip_43xx/src/i2c_18xx_43xx.o
Chip_I2C_MasterTransfer                           lpc_chip_43xx/src/i2c_18xx_43xx.o
Chip_I2C_SetClockRate                             lpc_chip_43xx/src/i2c_18xx_43xx.o
Chip_I2C_SetMasterEventHandler                    lpc_chip_43xx/src/i2c_18xx_43xx.o
Chip_I2C_SlaveSetup                               lpc_chip_43xx/src/i2c_18xx_43xx.o
Chip_I2C_SlaveStateHandler                        lpc_chip_43xx/src/i2c_18xx_43xx.o
Chip_I2S_DMA_RxCmd                                lpc_chip_43xx/src/i2s_18xx_43xx.o
Chip_I2S_DMA_TxCmd                                lpc_chip_43xx/src/i2s_18xx_43xx.o
Chip_I2S_DeInit                                   lpc_chip_43xx/src/i2s_18xx_43xx.o
Chip_I2S_Init                                     lpc_chip_43xx/src/i2s_18xx_43xx.o
Chip_I2S_Int_RxCmd                                lpc_chip_43xx/src/i2s_18xx_43xx.o
Chip_I2S_Int_TxCmd                                lpc_chip_43xx/src/i2s_18xx_43xx.o
Chip_I2S_RxConfig                                 lpc_chip_43xx/src/i2s_18xx_43xx.o
Chip_I2S_TxConfig                                 lpc_chip_43xx/src/i2s_18xx_43xx.o
Chip_IAP_BlankCheckSector                         lpc_chip_43xx/src/iap_18xx_43xx.o
Chip_IAP_Compare                                  lpc_chip_43xx/src/iap_18xx_43xx.o
Chip_IAP_CopyRamToFlash                           lpc_chip_43xx/src/iap_18xx_43xx.o
Chip_IAP_ErasePage                                lpc_chip_43xx/src/iap_18xx_43xx.o
Chip_IAP_EraseSector                              lpc_chip_43xx/src/iap_18xx_43xx.o
Chip_IAP_PreSectorForReadWrite                    lpc_chip_43xx/src/iap_18xx_43xx.o
Chip_IAP_ReadBootCode                             lpc_chip_43xx/src/iap_18xx_43xx.o
Chip_IAP_ReadPID                                  lpc_chip_43xx/src/iap_18xx_43xx.o
Chip_IAP_ReadUID                                  lpc_chip_43xx/src/iap_18xx_43xx.o
Chip_IAP_ReinvokeISP                              lpc_chip_43xx/src/iap_18xx_43xx.o
Chip_IAP_SetBootFlashBank                         lpc_chip_43xx/src/iap_18xx_43xx.o
Chip_LCD_Cursor_Config                            lpc_chip_43xx/src/lcd_18xx_43xx.o
Chip_LCD_Cursor_WriteImage                        lpc_chip_43xx/src/lcd_18xx_43xx.o
Chip_LCD_DeInit                                   lpc_chip_43xx/src/lcd_18xx_43xx.o
Chip_LCD_Init                                     lpc_chip_43xx/src/lcd_18xx_43xx.o
Chip_LCD_LoadPalette                              lpc_chip_43xx/src/lcd_18xx_43xx.o
Chip_OTP_GenRand                                  lpc_chip_43xx/src/otp_18xx_43xx.o
Chip_OTP_Init                                     lpc_chip_43xx/src/otp_18xx_43xx.o
Chip_OTP_ProgBootSrc                              lpc_chip_43xx/src/otp_18xx_43xx.o
Chip_OTP_ProgGPWord                               lpc_chip_43xx/src/otp_18xx_43xx.o
Chip_OTP_ProgJTAGDis                              lpc_chip_43xx/src/otp_18xx_43xx.o
Chip_OTP_ProgKey                                  lpc_chip_43xx/src/otp_18xx_43xx.o
Chip_OTP_ProgUSBID                                lpc_chip_43xx/src/otp_18xx_43xx.o
Chip_PMC_Set_PwrState                             lpc_chip_43xx/src/pmc_18xx_43xx.o
Chip_PMC_Sleep                                    lpc_chip_43xx/src/pmc_18xx_43xx.o
Chip_RIT_DeInit                                   lpc_chip_43xx/src/ritimer_18xx_43xx.o
Chip_RIT_GetIntStatus                             lpc_chip_43xx/src/ritimer_18xx_43xx.o
Chip_RIT_Init                                     lpc_chip_43xx/src/ritimer_18xx_43xx.o
Chip_RIT_SetTimerInterval                         lpc_chip_43xx/src/ritimer_18xx_43xx.o
Chip_RTC_AlarmIntConfig                           lpc_chip_43xx/src/rtc_18xx_43xx.o
Chip_RTC_CalibCounterCmd                          lpc_chip_43xx/src/rtc_18xx_43xx.o
Chip_RTC_CntIncrIntConfig                         lpc_chip_43xx/src/rtc_18xx_43xx.o
Chip_RTC_DeInit                                   lpc_chip_43xx/src/rtc_18xx_43xx.o
Chip_RTC_EV_GetFirstTimeStamp                     lpc_chip_43xx/src/rtc_18xx_43xx.o
Chip_RTC_EV_GetLastTimeStamp                      lpc_chip_43xx/src/rtc_18xx_43xx.o
Chip_RTC_Enable                                   lpc_chip_43xx/src/rtc_18xx_43xx.o
Chip_RTC_GetFullAlarmTime                         lpc_chip_43xx/src/rtc_18xx_43xx.o
Chip_RTC_GetFullTime                              lpc_chip_43xx/src/rtc_18xx_43xx.o
Chip_RTC_Init                                     lpc_chip_43xx/src/rtc_18xx_43xx.o
Chip_RTC_ResetClockTickCounter                    lpc_chip_43xx/src/rtc_18xx_43xx.o
Chip_RTC_SetFullAlarmTime                         lpc_chip_43xx/src/rtc_18xx_43xx.o
Chip_RTC_SetFullTime                              lpc_chip_43xx/src/rtc_18xx_43xx.o
Chip_SCTPWM_SetOutPin                             lpc_chip_43xx/src/sct_pwm_18xx_43xx.o
Chip_SCTPWM_SetRate                               lpc_chip_43xx/src/sct_pwm_18xx_43xx.o
Chip_SCT_DeInit                                   lpc_chip_43xx/src/sct_18xx_43xx.o
Chip_SCT_Init                                     lpc_chip_43xx/src/sct_18xx_43xx.o
Chip_SCT_SetClrControl                            lpc_chip_43xx/src/sct_18xx_43xx.o
Chip_SCT_SetConflictResolution                    lpc_chip_43xx/src/sct_18xx_43xx.o
Chip_SDIF_DeInit                                  lpc_chip_43xx/src/sdif_18xx_43xx.o
Chip_SDIF_DmaSetup                                lpc_chip_43xx/src/sdif_18xx_43xx.o
                                                  lpc_chip_43xx/src/sdio_18xx_43xx.o
                                                  lpc_chip_43xx/src/sdmmc_18xx_43xx.o
Chip_SDIF_GetResponse                             lpc_chip_43xx/src/sdif_18xx_43xx.o
                                                  lpc_chip_43xx/src/sdio_18xx_43xx.o
                                                  lpc_chip_43xx/src/sdmmc_18xx_43xx.o
Chip_SDIF_Init                                    lpc_chip_43xx/src/sdif_18xx_43xx.o
Chip_SDIF_SendCmd                                 lpc_chip_43xx/src/sdif_18xx_43xx.o
                                                  lpc_chip_43xx/src/sdio_18xx_43xx.o
                                                  lpc_chip_43xx/src/sdmmc_18xx_43xx.o
Chip_SDIF_SetClearIntFifo                         lpc_chip_43xx/src/sdif_18xx_43xx.o
                                                  lpc_chip_43xx/src/sdmmc_18xx_43xx.o
Chip_SDIF_SetClock                                lpc_chip_43xx/src/sdif_18xx_43xx.o
                                                  lpc_chip_43xx/src/sdio_18xx_43xx.o
                                                  lpc_chip_43xx/src/sdmmc_18xx_43xx.o
Chip_SDMMC_Acquire                                lpc_chip_43xx/src/sdmmc_18xx_43xx.o
Chip_SDMMC_GetDeviceBlocks                        lpc_chip_43xx/src/sdmmc_18xx_43xx.o
Chip_SDMMC_GetDeviceSize                          lpc_chip_43xx/src/sdmmc_18xx_43xx.o
Chip_SDMMC_GetState                               lpc_chip_43xx/src/sdmmc_18xx_43xx.o
Chip_SDMMC_ReadBlocks                             lpc_chip_43xx/src/sdmmc_18xx_43xx.o
Chip_SDMMC_WriteBlocks                            lpc_chip_43xx/src/sdmmc_18xx_43xx.o
Chip_SPI_DeInit                                   lpc_chip_43xx/src/spi_18xx_43xx.o
Chip_SPI_Init                                     lpc_chip_43xx/src/spi_18xx_43xx.o
Chip_SPI_Int_FlushData                            lpc_chip_43xx/src/spi_18xx_43xx.o
Chip_SPI_Int_RWFrames                             lpc_chip_43xx/src/spi_18xx_43xx.o
Chip_SPI_Int_RWFrames16Bits                       lpc_chip_43xx/src/spi_18xx_43xx.o
Chip_SPI_Int_RWFrames8Bits                        lpc_chip_43xx/src/spi_18xx_43xx.o
Chip_SPI_RWFrames_Blocking                        lpc_chip_43xx/src/spi_18xx_43xx.o
Chip_SPI_SetBitRate                               lpc_chip_43xx/src/spi_18xx_43xx.o
Chip_SSP_DeInit                                   lpc_chip_43xx/src/ssp_18xx_43xx.o
                                                  app/src/SPI.o
Chip_SSP_Init                                     lpc_chip_43xx/src/ssp_18xx_43xx.o
                                                  app/src/SPI.o
Chip_SSP_Int_FlushData                            lpc_chip_43xx/src/ssp_18xx_43xx.o
Chip_SSP_Int_RWFrames16Bits                       lpc_chip_43xx/src/ssp_18xx_43xx.o
Chip_SSP_Int_RWFrames8Bits                        lpc_chip_43xx/src/ssp_18xx_43xx.o
Chip_SSP_RWFrames_Blocking                        lpc_chip_43xx/src/ssp_18xx_43xx.o
Chip_SSP_ReadFrames_Blocking                      lpc_chip_43xx/src/ssp_18xx_43xx.o
Chip_SSP_SetBitRate                               lpc_chip_43xx/src/ssp_18xx_43xx.o
                                                  app/src/SPI.o
Chip_SSP_SetClockRate                             lpc_chip_43xx/src/ssp_18xx_43xx.o
Chip_SSP_SetMaster                                lpc_chip_43xx/src/ssp_18xx_43xx.o
                                                  app/src/SPI.o
Chip_SSP_WriteFrames_Blocking                     lpc_chip_43xx/src/ssp_18xx_43xx.o
Chip_SetupCoreClock                               lpc_chip_43xx/src/sysinit_18xx_43xx.o
                                                  lpc_board_ciaa_edu_4337/src/board_sysinit.o
Chip_SetupIrcClocking                             lpc_chip_43xx/src/sysinit_18xx_43xx.o
Chip_SetupXtalClocking                            lpc_chip_43xx/src/sysinit_18xx_43xx.o
Chip_SystemInit                                   lpc_chip_43xx/src/sysinit_18xx_43xx.o
Chip_TIMER_DeInit                                 lpc_chip_43xx/src/timer_18xx_43xx.o
Chip_TIMER_ExtMatchControlSet                     lpc_chip_43xx/src/timer_18xx_43xx.o
Chip_TIMER_Init                                   lpc_chip_43xx/src/timer_18xx_43xx.o
                                                  lpc_chip_43xx/src/stopwatch_18xx_43xx.o
Chip_TIMER_Reset                                  lpc_chip_43xx/src/timer_18xx_43xx.o
Chip_UART_ABCmd                                   lpc_chip_43xx/src/uart_18xx_43xx.o
Chip_UART_CheckBusy                               lpc_chip_43xx/src/uart_18xx_43xx.o
Chip_UART_DeInit                                  lpc_chip_43xx/src/uart_18xx_43xx.o
                                                  app/src/UART.o
Chip_UART_GetABEOStatus                           lpc_chip_43xx/src/uart_18xx_43xx.o
Chip_UART_IRQRBHandler                            lpc_chip_43xx/src/uart_18xx_43xx.o
Chip_UART_Init                                    lpc_chip_43xx/src/uart_18xx_43xx.o
                                                  lpc_board_ciaa_edu_4337/src/board.o
                                                  app/src/UART.o
Chip_UART_RXIntHandlerRB                          lpc_chip_43xx/src/uart_18xx_43xx.o
Chip_UART_Read                                    lpc_chip_43xx/src/uart_18xx_43xx.o
                                                  app/src/UART.o
Chip_UART_ReadBlocking                            lpc_chip_43xx/src/uart_18xx_43xx.o
Chip_UART_ReadRB                                  lpc_chip_43xx/src/uart_18xx_43xx.o
Chip_UART_Send                                    lpc_chip_43xx/src/uart_18xx_43xx.o
Chip_UART_SendBlocking                            lpc_chip_43xx/src/uart_18xx_43xx.o
                                                  app/src/UART.o
Chip_UART_SendRB                                  lpc_chip_43xx/src/uart_18xx_43xx.o
Chip_UART_SetBaud                                 lpc_chip_43xx/src/uart_18xx_43xx.o
                                                  app/src/UART.o
Chip_UART_SetBaudFDR                              lpc_chip_43xx/src/uart_18xx_43xx.o
                                                  lpc_board_ciaa_edu_4337/src/board.o
Chip_UART_TXIntHandlerRB                          lpc_chip_43xx/src/uart_18xx_43xx.o
Chip_USB0_Init                                    lpc_chip_43xx/src/chip_18xx_43xx.o
Chip_USB1_Init                                    lpc_chip_43xx/src/chip_18xx_43xx.o
Chip_WWDT_ClearStatusFlag                         lpc_chip_43xx/src/wwdt_18xx_43xx.o
Chip_WWDT_DeInit                                  lpc_chip_43xx/src/wwdt_18xx_43xx.o
Chip_WWDT_Init                                    lpc_chip_43xx/src/wwdt_18xx_43xx.o
DAC_IRQHandler                                    lpc_board_ciaa_edu_4337/src/cr_startup_lpc43xx.o
DMA_IRQHandler                                    lpc_board_ciaa_edu_4337/src/cr_startup_lpc43xx.o
DebugMon_Handler                                  lpc_board_ciaa_edu_4337/src/cr_startup_lpc43xx.o
Drv_Devices_getIsMaster                           app/src/Drv_Devices.o
Drv_Devices_getIsRunning                          app/src/Drv_Devices.o
Drv_Devices_isMaster                              app/src/Drv_Devices.o
ETH_IRQHandler                                    lpc_board_ciaa_edu_4337/src/cr_startup_lpc43xx.o
EVRT_IRQHandler                                   lpc_board_ciaa_edu_4337/src/cr_startup_lpc43xx.o
ExtRateIn                                         lpc_board_ciaa_edu_4337/src/board.o
                                                  lpc_chip_43xx/src/clock_18xx_43xx.o
FLASH_EEPROM_IRQHandler                           lpc_board_ciaa_edu_4337/src/cr_startup_lpc43xx.o
Funcionamiento_Init                               app/src/funcionamiento.o
                                                  app/src/adquisidorBiopotenciales.o
Funcionamiento_Menu                               app/src/funcionamiento.o
                                                  app/src/adquisidorBiopotenciales.o
GINT0_IRQHandler                                  lpc_board_ciaa_edu_4337/src/cr_startup_lpc43xx.o
GINT1_IRQHandler                                  lpc_board_ciaa_edu_4337/src/cr_startup_lpc43xx.o
GPIO0_IRQHandler                                  lpc_board_ciaa_edu_4337/src/cr_startup_lpc43xx.o
GPIO1_IRQHandler                                  lpc_board_ciaa_edu_4337/src/cr_startup_lpc43xx.o
GPIO2_IRQHandler                                  lpc_board_ciaa_edu_4337/src/cr_startup_lpc43xx.o
GPIO3_IRQHandler                                  lpc_board_ciaa_edu_4337/src/cr_startup_lpc43xx.o
GPIO4_IRQHandler                                  lpc_board_ciaa_edu_4337/src/cr_startup_lpc43xx.o
GPIO5_IRQHandler                                  lpc_board_ciaa_edu_4337/src/cr_startup_lpc43xx.o
GPIO6_IRQHandler                                  lpc_board_ciaa_edu_4337/src/cr_startup_lpc43xx.o
GPIO7_IRQHandler                                  lpc_board_ciaa_edu_4337/src/cr_startup_lpc43xx.o
GPIO_Init                                         app/src/GPIO.o
                                                  app/src/adquisidorBiopotenciales.o
GPIO_deInit                                       app/src/GPIO.o
GPIO_displayCurrentChannel                        app/src/GPIO.o
GPIO_displayCurrentkSPS                           app/src/GPIO.o
GPIO_displayOFF                                   app/src/GPIO.o
GPIO_displayON                                    app/src/GPIO.o
GPIO_getPinDir                                    app/src/GPIO.o
GPIO_getPinState                                  app/src/GPIO.o
                                                  app/src/Drv_Devices.o
                                                  app/src/ADS131E08.o
GPIO_getSignal                                    app/src/GPIO.o
                                                  app/src/funcionamiento.o
GPIO_selectChannel                                app/src/GPIO.o
                                                  app/src/funcionamiento.o
GPIO_select_kSPS                                  app/src/GPIO.o
                                                  app/src/funcionamiento.o
GPIO_setBoardLEDs                                 app/src/GPIO.o
GPIO_setPinDir                                    app/src/GPIO.o
GPIO_setPinState                                  app/src/GPIO.o
                                                  app/src/ADS131E08.o
GPIO_setPinToggle                                 app/src/GPIO.o
GPIO_start                                        app/src/GPIO.o
                                                  app/src/funcionamiento.o
GPIO_stopped                                      app/src/GPIO.o
                                                  app/src/funcionamiento.o
HardFault_Handler                                 lpc_board_ciaa_edu_4337/src/cr_startup_lpc43xx.o
I2C0_IRQHandler                                   lpc_board_ciaa_edu_4337/src/cr_startup_lpc43xx.o
I2C1_IRQHandler                                   lpc_board_ciaa_edu_4337/src/cr_startup_lpc43xx.o
I2S0_IRQHandler                                   lpc_board_ciaa_edu_4337/src/cr_startup_lpc43xx.o
I2S1_IRQHandler                                   lpc_board_ciaa_edu_4337/src/cr_startup_lpc43xx.o
IntDefaultHandler                                 lpc_board_ciaa_edu_4337/src/cr_startup_lpc43xx.o
LCD_IRQHandler                                    lpc_board_ciaa_edu_4337/src/cr_startup_lpc43xx.o
M0APP_IRQHandler                                  lpc_board_ciaa_edu_4337/src/cr_startup_lpc43xx.o
M0SUB_IRQHandler                                  lpc_board_ciaa_edu_4337/src/cr_startup_lpc43xx.o
MCPWM_IRQHandler                                  lpc_board_ciaa_edu_4337/src/cr_startup_lpc43xx.o
MemManage_Handler                                 lpc_board_ciaa_edu_4337/src/cr_startup_lpc43xx.o
NMI_Handler                                       lpc_board_ciaa_edu_4337/src/cr_startup_lpc43xx.o
OscRateIn                                         lpc_board_ciaa_edu_4337/src/board.o
                                                  lpc_chip_43xx/src/clock_18xx_43xx.o
PendSV_Handler                                    lpc_board_ciaa_edu_4337/src/cr_startup_lpc43xx.o
QEI_IRQHandler                                    lpc_board_ciaa_edu_4337/src/cr_startup_lpc43xx.o
RIT_IRQHandler                                    lpc_board_ciaa_edu_4337/src/cr_startup_lpc43xx.o
RTC_IRQHandler                                    lpc_board_ciaa_edu_4337/src/cr_startup_lpc43xx.o
ResetISR                                          lpc_board_ciaa_edu_4337/src/cr_startup_lpc43xx.o
RingBuffer_Init                                   lpc_chip_43xx/src/ring_buffer.o
RingBuffer_Insert                                 lpc_chip_43xx/src/ring_buffer.o
                                                  lpc_chip_43xx/src/uart_18xx_43xx.o
RingBuffer_InsertMult                             lpc_chip_43xx/src/ring_buffer.o
                                                  lpc_chip_43xx/src/uart_18xx_43xx.o
RingBuffer_Pop                                    lpc_chip_43xx/src/ring_buffer.o
                                                  lpc_chip_43xx/src/uart_18xx_43xx.o
RingBuffer_PopMult                                lpc_chip_43xx/src/ring_buffer.o
                                                  lpc_chip_43xx/src/uart_18xx_43xx.o
SCT_IRQHandler                                    lpc_board_ciaa_edu_4337/src/cr_startup_lpc43xx.o
SDIO_Card_DisableInt                              lpc_chip_43xx/src/sdio_18xx_43xx.o
SDIO_Card_EnableInt                               lpc_chip_43xx/src/sdio_18xx_43xx.o
SDIO_Card_GetBlockSize                            lpc_chip_43xx/src/sdio_18xx_43xx.o
SDIO_Card_Init                                    lpc_chip_43xx/src/sdio_18xx_43xx.o
SDIO_Card_ReadData                                lpc_chip_43xx/src/sdio_18xx_43xx.o
SDIO_Card_SetBlockSize                            lpc_chip_43xx/src/sdio_18xx_43xx.o
SDIO_Card_WriteData                               lpc_chip_43xx/src/sdio_18xx_43xx.o
SDIO_Handler                                      lpc_chip_43xx/src/sdio_18xx_43xx.o
SDIO_IRQHandler                                   lpc_board_ciaa_edu_4337/src/cr_startup_lpc43xx.o
SDIO_Read_Direct                                  lpc_chip_43xx/src/sdio_18xx_43xx.o
SDIO_Send_Command                                 lpc_chip_43xx/src/sdio_18xx_43xx.o
SDIO_Setup_Callback                               lpc_chip_43xx/src/sdio_18xx_43xx.o
SDIO_WriteRead_Direct                             lpc_chip_43xx/src/sdio_18xx_43xx.o
SDIO_Write_Direct                                 lpc_chip_43xx/src/sdio_18xx_43xx.o
SGPIO_IRQHandler                                  lpc_board_ciaa_edu_4337/src/cr_startup_lpc43xx.o