Archive member included to satisfy reference by file (symbol)

d:/ciaa/tools/arm-none-eabi-gcc/bin/../lib/gcc/arm-none-eabi/8.2.1/thumb/v7e-m+fp/hard\libgcc.a(_aeabi_uldivmod.o)
                              lpc_chip_43xx/src/uart_18xx_43xx.o (__aeabi_uldivmod)
d:/ciaa/tools/arm-none-eabi-gcc/bin/../lib/gcc/arm-none-eabi/8.2.1/thumb/v7e-m+fp/hard\libgcc.a(_udivmoddi4.o)
                              d:/ciaa/tools/arm-none-eabi-gcc/bin/../lib/gcc/arm-none-eabi/8.2.1/thumb/v7e-m+fp/hard\libgcc.a(_aeabi_uldivmod.o) (__udivmoddi4)
d:/ciaa/tools/arm-none-eabi-gcc/bin/../lib/gcc/arm-none-eabi/8.2.1/thumb/v7e-m+fp/hard\libgcc.a(_dvmd_tls.o)
                              d:/ciaa/tools/arm-none-eabi-gcc/bin/../lib/gcc/arm-none-eabi/8.2.1/thumb/v7e-m+fp/hard\libgcc.a(_aeabi_uldivmod.o) (__aeabi_ldiv0)
d:/ciaa/tools/arm-none-eabi-gcc/bin/../lib/gcc/arm-none-eabi/8.2.1/../../../../arm-none-eabi/lib/thumb/v7e-m+fp/hard\libc_nano.a(lib_a-memcpy-stub.o)
                              lpc_chip_43xx/src/ring_buffer.o (memcpy)
d:/ciaa/tools/arm-none-eabi-gcc/bin/../lib/gcc/arm-none-eabi/8.2.1/../../../../arm-none-eabi/lib/thumb/v7e-m+fp/hard\libc_nano.a(lib_a-memset.o)
                              lpc_chip_43xx/src/clock_18xx_43xx.o (memset)

Allocating common symbols
Common symbol       size              file

estado              0x1               app/src/ADS131E08.o
SystemCoreClock     0x4               lpc_chip_43xx/src/chip_18xx_43xx.o
boardStat           0x4               app/src/GPIO.o
current_kSPS        0x1               app/src/ADS131E08.o
channelData         0x20              app/src/ADS131E08.o
id                  0x1               app/src/ADS131E08.o
regData             0x18              app/src/ADS131E08.o
currentMode         0x1               app/src/ADS131E08.o
currentChannel      0x1               app/src/ADS131E08.o

Discarded input sections

 .group         0x00000000        0xc app/src/GPIO.o
 .group         0x00000000        0xc app/src/GPIO.o
 .group         0x00000000        0xc app/src/GPIO.o
 .group         0x00000000        0xc app/src/GPIO.o
 .group         0x00000000        0xc app/src/GPIO.o
 .group         0x00000000        0xc app/src/GPIO.o
 .group         0x00000000        0xc app/src/GPIO.o
 .group         0x00000000        0xc app/src/GPIO.o
 .group         0x00000000        0xc app/src/GPIO.o
 .group         0x00000000        0xc app/src/GPIO.o
 .group         0x00000000        0xc app/src/GPIO.o
 .group         0x00000000        0xc app/src/GPIO.o
 .group         0x00000000        0xc app/src/GPIO.o
 .group         0x00000000        0xc app/src/GPIO.o
 .group         0x00000000        0xc app/src/GPIO.o
 .group         0x00000000        0xc app/src/GPIO.o
 .group         0x00000000        0xc app/src/GPIO.o
 .group         0x00000000        0xc app/src/GPIO.o
 .group         0x00000000        0xc app/src/GPIO.o
 .group         0x00000000        0xc app/src/GPIO.o
 .group         0x00000000        0xc app/src/GPIO.o
 .group         0x00000000        0xc app/src/GPIO.o
 .group         0x00000000        0xc app/src/GPIO.o
 .group         0x00000000        0xc app/src/GPIO.o
 .group         0x00000000        0xc app/src/GPIO.o
 .group         0x00000000        0xc app/src/GPIO.o
 .group         0x00000000        0xc app/src/GPIO.o
 .group         0x00000000        0xc app/src/GPIO.o
 .group         0x00000000        0xc app/src/GPIO.o
 .group         0x00000000        0xc app/src/GPIO.o
 .group         0x00000000        0xc app/src/GPIO.o
 .group         0x00000000        0xc app/src/GPIO.o
 .group         0x00000000        0xc app/src/GPIO.o
 .group         0x00000000        0xc app/src/GPIO.o
 .group         0x00000000        0xc app/src/GPIO.o
 .group         0x00000000        0xc app/src/GPIO.o
 .group         0x00000000        0xc app/src/GPIO.o
 .group         0x00000000        0xc app/src/GPIO.o
 .group         0x00000000        0xc app/src/GPIO.o
 .group         0x00000000        0xc app/src/GPIO.o
 .group         0x00000000        0xc app/src/GPIO.o
 .group         0x00000000        0xc app/src/GPIO.o
 .group         0x00000000        0xc app/src/GPIO.o
 .group         0x00000000        0xc app/src/GPIO.o
 .group         0x00000000        0xc app/src/GPIO.o
 .group         0x00000000        0xc app/src/GPIO.o
 .group         0x00000000        0xc app/src/GPIO.o
 .group         0x00000000        0xc app/src/GPIO.o
 .group         0x00000000        0xc app/src/GPIO.o
 .group         0x00000000        0xc app/src/GPIO.o
 .group         0x00000000        0xc app/src/GPIO.o
 .group         0x00000000        0xc app/src/GPIO.o
 .group         0x00000000        0xc app/src/GPIO.o
 .group         0x00000000        0xc app/src/GPIO.o
 .group         0x00000000        0xc app/src/GPIO.o
 .group         0x00000000        0xc app/src/GPIO.o
 .group         0x00000000        0xc app/src/GPIO.o
 .group         0x00000000        0xc app/src/GPIO.o
[...]
Memory Configuration

Name             Origin             Length             Attributes
MFlashA512       0x1a000000         0x00080000         xr
MFlashB512       0x1b000000         0x00080000         xr
RamLoc32         0x10000000         0x00008000         xrw
RamLoc40         0x10080000         0x0000a000         xrw
RamAHB32         0x20000000         0x00008000         xrw
RamAHB16         0x20008000         0x00004000         xrw
RamAHB_ETB16     0x2000c000         0x00004000         xrw
*default*        0x00000000         0xffffffff

Linker script and memory map

LOAD app/src/GPIO.o
LOAD app/src/ADS131E08.o
LOAD app/src/UART.o
LOAD app/src/SPI.o
LOAD app/src/funcionamiento.o
LOAD app/src/adquisidorBiopotenciales.o
LOAD lpc_chip_43xx/src/evrt_18xx_43xx.o
LOAD lpc_chip_43xx/src/sysinit_18xx_43xx.o
LOAD lpc_chip_43xx/src/sdmmc_18xx_43xx.o
LOAD lpc_chip_43xx/src/fpu_init.o
LOAD lpc_chip_43xx/src/chip_18xx_43xx.o
LOAD lpc_chip_43xx/src/eeprom_18xx_43xx.o
LOAD lpc_chip_43xx/src/dac_18xx_43xx.o
LOAD lpc_chip_43xx/src/pinint_18xx_43xx.o
LOAD lpc_chip_43xx/src/wwdt_18xx_43xx.o
LOAD lpc_chip_43xx/src/i2cm_18xx_43xx.o
LOAD lpc_chip_43xx/src/timer_18xx_43xx.o
LOAD lpc_chip_43xx/src/sdio_18xx_43xx.o
LOAD lpc_chip_43xx/src/i2c_18xx_43xx.o
LOAD lpc_chip_43xx/src/atimer_18xx_43xx.o
LOAD lpc_chip_43xx/src/aes_18xx_43xx.o
LOAD lpc_chip_43xx/src/otp_18xx_43xx.o
LOAD lpc_chip_43xx/src/emc_18xx_43xx.o
LOAD lpc_chip_43xx/src/clock_18xx_43xx.o
LOAD lpc_chip_43xx/src/gpiogroup_18xx_43xx.o
LOAD lpc_chip_43xx/src/pmc_18xx_43xx.o
LOAD lpc_chip_43xx/src/ssp_18xx_43xx.o
LOAD lpc_chip_43xx/src/enet_18xx_43xx.o
LOAD lpc_chip_43xx/src/gpdma_18xx_43xx.o
LOAD lpc_chip_43xx/src/gpio_18xx_43xx.o
LOAD lpc_chip_43xx/src/spi_18xx_43xx.o
LOAD lpc_chip_43xx/src/rtc_18xx_43xx.o
LOAD lpc_chip_43xx/src/adc_18xx_43xx.o
LOAD lpc_chip_43xx/src/iap_18xx_43xx.o
LOAD lpc_chip_43xx/src/stopwatch_18xx_43xx.o
LOAD lpc_chip_43xx/src/sct_pwm_18xx_43xx.o
LOAD lpc_chip_43xx/src/sdif_18xx_43xx.o
LOAD lpc_chip_43xx/src/ccan_18xx_43xx.o
LOAD lpc_chip_43xx/src/ring_buffer.o
LOAD lpc_chip_43xx/src/uart_18xx_43xx.o
LOAD lpc_chip_43xx/src/lcd_18xx_43xx.o
LOAD lpc_chip_43xx/src/i2s_18xx_43xx.o
LOAD lpc_chip_43xx/src/ritimer_18xx_43xx.o
LOAD lpc_chip_43xx/src/sct_18xx_43xx.o
LOAD lpc_chip_43xx/src/hsadc_18xx_43xx.o
LOAD lpc_board_ciaa_edu_4337/src/sysinit.o
LOAD lpc_board_ciaa_edu_4337/src/system.o
LOAD lpc_board_ciaa_edu_4337/src/crp.o
LOAD lpc_board_ciaa_edu_4337/src/board_sysinit.o
LOAD lpc_board_ciaa_edu_4337/src/cr_startup_lpc43xx.o
LOAD lpc_board_ciaa_edu_4337/src/board.o
START GROUP
LOAD d:/ciaa/tools/arm-none-eabi-gcc/bin/../lib/gcc/arm-none-eabi/8.2.1/thumb/v7e-m+fp/hard\libgcc.a
LOAD d:/ciaa/tools/arm-none-eabi-gcc/bin/../lib/gcc/arm-none-eabi/8.2.1/../../../../arm-none-eabi/lib/thumb/v7e-m+fp/hard\libc_nano.a
END GROUP
START GROUP
LOAD d:/ciaa/tools/arm-none-eabi-gcc/bin/../lib/gcc/arm-none-eabi/8.2.1/thumb/v7e-m+fp/hard\libgcc.a
LOAD d:/ciaa/tools/arm-none-eabi-gcc/bin/../lib/gcc/arm-none-eabi/8.2.1/../../../../arm-none-eabi/lib/thumb/v7e-m+fp/hard\libc_nano.a
END GROUP
START GROUP
LOAD d:/ciaa/tools/arm-none-eabi-gcc/bin/../lib/gcc/arm-none-eabi/8.2.1/thumb/v7e-m+fp/hard\libgcc.a
LOAD d:/ciaa/tools/arm-none-eabi-gcc/bin/../lib/gcc/arm-none-eabi/8.2.1/../../../../arm-none-eabi/lib/thumb/v7e-m+fp/hard\libc.a
LOAD d:/ciaa/tools/arm-none-eabi-gcc/bin/../lib/gcc/arm-none-eabi/8.2.1/../../../../arm-none-eabi/lib/thumb/v7e-m+fp/hard\libm.a
END GROUP
                0x1a080000                __top_MFlashA512 = 0x1a080000
                0x1b080000                __top_MFlashB512 = 0x1b080000
                0x10008000                __top_RamLoc32 = 0x10008000
                0x1008a000                __top_RamLoc40 = 0x1008a000
                0x20008000                __top_RamAHB32 = 0x20008000
                0x2000c000                __top_RamAHB16 = 0x2000c000
                0x20010000                __top_RamAHB_ETB16 = 0x20010000

.text_Flash2    0x1b000000        0x0
 FILL mask 0xff
 *(.text_Flash2*)
 *(.text_MFlashB512*)
 *(.text.$Flash2*)
 *(.text.$MFlashB512*)
 *(.rodata.$Flash2*)
 *(.rodata.$MFlashB512*)

.text           0x1a000000     0x22ec
 FILL mask 0xff
                0x1a000000                __vectors_start__ = ABSOLUTE (.)
 *(.isr_vector)
 .isr_vector    0x1a000000      0x114 lpc_board_ciaa_edu_4337/src/cr_startup_lpc43xx.o
                0x1a000000                g_pfnVectors
                0x1a000114                . = ALIGN (0x4)
                0x1a000114                __section_table_start = .
                0x1a000114                __data_section_table = .
                0x1a000114        0x4 LONG 0x1a0022f4 LOADADDR (.data)
                0x1a000118        0x4 LONG 0x10000000 ADDR (.data)
                0x1a00011c        0x4 LONG 0x4 SIZEOF (.data)
                0x1a000120        0x4 LONG 0x1a0022f4 LOADADDR (.data_RAM2)
                0x1a000124        0x4 LONG 0x10080000 ADDR (.data_RAM2)
                0x1a000128        0x4 LONG 0x0 SIZEOF (.data_RAM2)
                0x1a00012c        0x4 LONG 0x1a0022f4 LOADADDR (.data_RAM3)
                0x1a000130        0x4 LONG 0x20000000 ADDR (.data_RAM3)
                0x1a000134        0x4 LONG 0x0 SIZEOF (.data_RAM3)
                0x1a000138        0x4 LONG 0x1a0022f4 LOADADDR (.data_RAM4)
                0x1a00013c        0x4 LONG 0x20008000 ADDR (.data_RAM4)
                0x1a000140        0x4 LONG 0x0 SIZEOF (.data_RAM4)
                0x1a000144        0x4 LONG 0x1a0022f4 LOADADDR (.data_RAM5)
                0x1a000148        0x4 LONG 0x2000c000 ADDR (.data_RAM5)
                0x1a00014c        0x4 LONG 0x0 SIZEOF (.data_RAM5)
                0x1a000150                __data_section_table_end = .
                0x1a000150                __bss_section_table = .
                0x1a000150        0x4 LONG 0x10000004 ADDR (.bss)
                0x1a000154        0x4 LONG 0x60 SIZEOF (.bss)
                0x1a000158        0x4 LONG 0x10080000 ADDR (.bss_RAM2)
                0x1a00015c        0x4 LONG 0x0 SIZEOF (.bss_RAM2)
                0x1a000160        0x4 LONG 0x20000000 ADDR (.bss_RAM3)
                0x1a000164        0x4 LONG 0x0 SIZEOF (.bss_RAM3)
                0x1a000168        0x4 LONG 0x20008000 ADDR (.bss_RAM4)
                0x1a00016c        0x4 LONG 0x0 SIZEOF (.bss_RAM4)
                0x1a000170        0x4 LONG 0x2000c000 ADDR (.bss_RAM5)
                0x1a000174        0x4 LONG 0x0 SIZEOF (.bss_RAM5)
                0x1a000178                __bss_section_table_end = .
                0x1a000178                __section_table_end = .
 *(.after_vectors*)
 .after_vectors
                0x1a000178       0x44 lpc_board_ciaa_edu_4337/src/cr_startup_lpc43xx.o
                0x1a000178                NMI_Handler
                0x1a00017a                HardFault_Handler
                0x1a00017c                MemManage_Handler
                0x1a00017e                BusFault_Handler
                0x1a000180                UsageFault_Handler
                0x1a000182                SVC_Handler
                0x1a000184                DebugMon_Handler
                0x1a000186                PendSV_Handler
                0x1a00018a                ATIMER_IRQHandler
                0x1a00018a                SDIO_IRQHandler
                0x1a00018a                ADCHS_IRQHandler
                0x1a00018a                I2C1_IRQHandler
                0x1a00018a                UART1_IRQHandler
                0x1a00018a                GPIO5_IRQHandler
                0x1a00018a                CAN1_IRQHandler
                0x1a00018a                USB1_IRQHandler
                0x1a00018a                I2S0_IRQHandler
                0x1a00018a                TIMER3_IRQHandler
                0x1a00018a                UART0_IRQHandler
                0x1a00018a                GINT1_IRQHandler
                0x1a00018a                SGPIO_IRQHandler
                0x1a00018a                ADC0_IRQHandler
                0x1a00018a                RIT_IRQHandler
                0x1a00018a                FLASH_EEPROM_IRQHandler
                0x1a00018a                IntDefaultHandler
                0x1a00018a                GPIO1_IRQHandler
                0x1a00018a                SSP0_IRQHandler
                0x1a00018a                ADC1_IRQHandler
                0x1a00018a                RTC_IRQHandler
                0x1a00018a                TIMER0_IRQHandler
                0x1a00018a                SPI_IRQHandler
                0x1a00018a                LCD_IRQHandler
                0x1a00018a                M0APP_IRQHandler
                0x1a00018a                TIMER1_IRQHandler
                0x1a00018a                UART2_IRQHandler
                0x1a00018a                GPIO2_IRQHandler
                0x1a00018a                I2S1_IRQHandler
                0x1a00018a                SSP1_IRQHandler
                0x1a00018a                USB0_IRQHandler
                0x1a00018a                GPIO3_IRQHandler
                0x1a00018a                SCT_IRQHandler
                0x1a00018a                GPIO6_IRQHandler
                0x1a00018a                WDT_IRQHandler
                0x1a00018a                I2C0_IRQHandler
                0x1a00018a                GPIO7_IRQHandler
                0x1a00018a                SPIFI_IRQHandler
                0x1a00018a                QEI_IRQHandler
                0x1a00018a                ETH_IRQHandler
                0x1a00018a                CAN0_IRQHandler
                0x1a00018a                GINT0_IRQHandler
                0x1a00018a                DAC_IRQHandler
                0x1a00018a                M0SUB_IRQHandler
                0x1a00018a                GPIO0_IRQHandler
                0x1a00018a                DMA_IRQHandler
                0x1a00018a                EVRT_IRQHandler
                0x1a00018a                TIMER2_IRQHandler
                0x1a00018a                UART3_IRQHandler
                0x1a00018a                MCPWM_IRQHandler
                0x1a00018a                GPIO4_IRQHandler
                0x1a00018c                data_init
                0x1a0001aa                bss_init
                0x000002fc                . = 0x2fc
 *fill*         0x1a0001bc      0x140 ff
                0x1a0002fc                PROVIDE (__CRP_WORD_START__ = .)
 *(.crp)
 .crp           0x1a0002fc        0x4 lpc_board_ciaa_edu_4337/src/crp.o
                0x1a0002fc                CRP_WORD
                0x1a000300                PROVIDE (__CRP_WORD_END__ = .)
                0x00000001                ASSERT (! ((__CRP_WORD_START__ == __CRP_WORD_END__)), Linker CRP Enabled, but no CRP_WORD provided within application)
 *(.text*)
 .text.GPIO_Init
                0x1a000300      0x10c app/src/GPIO.o
                0x1a000300                GPIO_Init
 .text.GPIO_setPinState
                0x1a00040c        0xe app/src/GPIO.o
                0x1a00040c                GPIO_setPinState
 .text.GPIO_getPinState
                0x1a00041a       0x14 app/src/GPIO.o
                0x1a00041a                GPIO_getPinState
 .text.setLed   0x1a00042e       0x12 app/src/GPIO.o
                0x1a00042e                setLed
 .text.GPIO_displayOFF
                0x1a000440       0x68 app/src/GPIO.o
                0x1a000440                GPIO_displayOFF
 .text.GPIO_displayCurrentChannel
                0x1a0004a8       0x74 app/src/GPIO.o
                0x1a0004a8                GPIO_displayCurrentChannel
 .text.GPIO_displayCurrentkSPS
                0x1a00051c       0x4e app/src/GPIO.o
                0x1a00051c                GPIO_displayCurrentkSPS
 .text.GPIO_displayCurrentMode
                0x1a00056a       0x22 app/src/GPIO.o
                0x1a00056a                GPIO_displayCurrentMode
 .text.GPIO_setBoardLEDs_channel
                0x1a00058c       0xe4 app/src/GPIO.o
                0x1a00058c                GPIO_setBoardLEDs_channel
 .text.GPIO_setBoardLEDs_kSPS
                0x1a000670       0xc8 app/src/GPIO.o
                0x1a000670                GPIO_setBoardLEDs_kSPS
 .text.GPIO_setBoardLEDs_mode
                0x1a000738       0x3e app/src/GPIO.o
                0x1a000738                GPIO_setBoardLEDs_mode
 .text.GPIO_stopped
                0x1a000776       0x2e app/src/GPIO.o
                0x1a000776                GPIO_stopped
 .text.GPIO_selectChannel
                0x1a0007a4       0x2e app/src/GPIO.o
                0x1a0007a4                GPIO_selectChannel
 .text.GPIO_select_kSPS
                0x1a0007d2       0x2e app/src/GPIO.o
                0x1a0007d2                GPIO_select_kSPS
 .text.GPIO_selectMode
                0x1a000800       0x2e app/src/GPIO.o
                0x1a000800                GPIO_selectMode
 .text.GPIO_start
                0x1a00082e       0x20 app/src/GPIO.o
                0x1a00082e                GPIO_start
 *fill*         0x1a00084e        0x2 ff
 .text.GPIO_getSignal
                0x1a000850      0x11c app/src/GPIO.o
                0x1a000850                GPIO_getSignal
 .text.ADS131E08_signalDown
                0x1a00096c       0x28 app/src/ADS131E08.o
                0x1a00096c                ADS131E08_signalDown
 .text.ADS131E08_csLow
                0x1a000994        0xe app/src/ADS131E08.o
                0x1a000994                ADS131E08_csLow
 .text.ADS131E08_csHigh
                0x1a0009a2        0xe app/src/ADS131E08.o
                0x1a0009a2                ADS131E08_csHigh
 .text.ADS131E08_sendCommand
                0x1a0009b0       0x26 app/src/ADS131E08.o
                0x1a0009b0                ADS131E08_sendCommand
 .text.ADS131E08_Init
                0x1a0009d6       0x50 app/src/ADS131E08.o
                0x1a0009d6                ADS131E08_Init
 *fill*         0x1a000a26        0x2 ff
 .text.ADS131E08_startADS
                0x1a000a28       0x30 app/src/ADS131E08.o
                0x1a000a28                ADS131E08_startADS
 .text.ADS131E08_stopADS
                0x1a000a58       0x16 app/src/ADS131E08.o
                0x1a000a58                ADS131E08_stopADS
 *fill*         0x1a000a6e        0x2 ff
 .text.ADS131E08_WREG
                0x1a000a70       0x4c app/src/ADS131E08.o
                0x1a000a70                ADS131E08_WREG
 .text.ADS131E08_defaultConfig
                0x1a000abc       0xac app/src/ADS131E08.o
                0x1a000abc                ADS131E08_defaultConfig
 .text.ADS131E08_isDataAvailable
                0x1a000b68       0x12 app/src/ADS131E08.o
                0x1a000b68                ADS131E08_isDataAvailable
 *fill*         0x1a000b7a        0x2 ff
 .text.ADS131E08_getChannelData
                0x1a000b7c       0xbc app/src/ADS131E08.o
                0x1a000b7c                ADS131E08_getChannelData
 .text.ADS131E08_configureTestSignal
                0x1a000c38       0x38 app/src/ADS131E08.o
                0x1a000c38                ADS131E08_configureTestSignal
 .text.ADS131E08_configureExternalSignal
                0x1a000c70       0x38 app/src/ADS131E08.o
                0x1a000c70                ADS131E08_configureExternalSignal
 .text.ADS131E08_selectMode
                0x1a000ca8       0x14 app/src/ADS131E08.o
                0x1a000ca8                ADS131E08_selectMode
 .text.ADS131E08_selectChannel
                0x1a000cbc       0x30 app/src/ADS131E08.o
                0x1a000cbc                ADS131E08_selectChannel
 .text.ADS131E08_selectkSPS
                0x1a000cec       0x1e app/src/ADS131E08.o
                0x1a000cec                ADS131E08_selectkSPS
 *fill*         0x1a000d0a        0x2 ff
 .text.UART_Init
                0x1a000d0c       0x34 app/src/UART.o
                0x1a000d0c                UART_Init
 .text.UART_Send
                0x1a000d40       0x14 app/src/UART.o
                0x1a000d40                UART_Send
 .text.SPI_Init
                0x1a000d54       0x28 app/src/SPI.o
                0x1a000d54                SPI_Init
 .text.SPI_Setup
                0x1a000d7c       0x34 app/src/SPI.o
                0x1a000d7c                SPI_Setup
 .text.SPI_transfer
                0x1a000db0       0x1c app/src/SPI.o
                0x1a000db0                SPI_transfer
 .text.SysTick_Handler
                0x1a000dcc       0x10 app/src/funcionamiento.o
                0x1a000dcc                SysTick_Handler
 .text.delayMs  0x1a000ddc       0x50 app/src/funcionamiento.o
                0x1a000ddc                delayMs
 .text.Funcionamiento_Init
                0x1a000e2c       0x48 app/src/funcionamiento.o
                0x1a000e2c                Funcionamiento_Init
 .text.getPulsador
                0x1a000e74       0x2a app/src/funcionamiento.o
                0x1a000e74                getPulsador
 *fill*         0x1a000e9e        0x2 ff
 .text.Funcionamiento_Menu
                0x1a000ea0      0x22c app/src/funcionamiento.o
                0x1a000ea0                Funcionamiento_Menu
 .text.delayUs  0x1a0010cc       0x50 app/src/funcionamiento.o
                0x1a0010cc                delayUs
 .text.InitHardware
                0x1a00111c       0x54 app/src/adquisidorBiopotenciales.o
 .text.main     0x1a001170       0x2c app/src/adquisidorBiopotenciales.o
                0x1a001170                main
 .text.Chip_SetupCoreClock
                0x1a00119c      0x158 lpc_chip_43xx/src/sysinit_18xx_43xx.o
                0x1a00119c                Chip_SetupCoreClock
 .text.fpuInit  0x1a0012f4       0x54 lpc_chip_43xx/src/fpu_init.o
                0x1a0012f4                fpuInit
 .text.SystemCoreClockUpdate
                0x1a001348       0x14 lpc_chip_43xx/src/chip_18xx_43xx.o
                0x1a001348                SystemCoreClockUpdate
 .text.pll_calc_divs
                0x1a00135c       0xa0 lpc_chip_43xx/src/clock_18xx_43xx.o
 .text.pll_get_frac
                0x1a0013fc      0x100 lpc_chip_43xx/src/clock_18xx_43xx.o
 .text.Chip_Clock_FindBaseClock
                0x1a0014fc       0x4c lpc_chip_43xx/src/clock_18xx_43xx.o
 .text.Chip_Clock_EnableCrystal
                0x1a001548       0x4c lpc_chip_43xx/src/clock_18xx_43xx.o
                0x1a001548                Chip_Clock_EnableCrystal
 .text.Chip_Clock_GetDividerSource
                0x1a001594       0x1c lpc_chip_43xx/src/clock_18xx_43xx.o
                0x1a001594                Chip_Clock_GetDividerSource
 .text.Chip_Clock_GetDividerDivisor
                0x1a0015b0       0x1c lpc_chip_43xx/src/clock_18xx_43xx.o
                0x1a0015b0                Chip_Clock_GetDividerDivisor
 .text.Chip_Clock_GetClockInputHz
                0x1a0015cc       0xb8 lpc_chip_43xx/src/clock_18xx_43xx.o
                0x1a0015cc                Chip_Clock_GetClockInputHz
 .text.Chip_Clock_CalcMainPLLValue
                0x1a001684       0x80 lpc_chip_43xx/src/clock_18xx_43xx.o
                0x1a001684                Chip_Clock_CalcMainPLLValue
 .text.Chip_Clock_GetMainPLLHz
                0x1a001704       0x6c lpc_chip_43xx/src/clock_18xx_43xx.o
                0x1a001704                Chip_Clock_GetMainPLLHz
 .text.Chip_Clock_GetDivRate
                0x1a001770       0x22 lpc_chip_43xx/src/clock_18xx_43xx.o
 *fill*         0x1a001792        0x2 ff
 .text.Chip_Clock_SetBaseClock
                0x1a001794       0x58 lpc_chip_43xx/src/clock_18xx_43xx.o
                0x1a001794                Chip_Clock_SetBaseClock
 .text.Chip_Clock_GetBaseClock
                0x1a0017ec       0x26 lpc_chip_43xx/src/clock_18xx_43xx.o
                0x1a0017ec                Chip_Clock_GetBaseClock
 .text.Chip_Clock_GetBaseClocktHz
                0x1a001812        0xc lpc_chip_43xx/src/clock_18xx_43xx.o
                0x1a001812                Chip_Clock_GetBaseClocktHz
 *fill*         0x1a00181e        0x2 ff
 .text.Chip_Clock_EnableOpts
                0x1a001820       0x3c lpc_chip_43xx/src/clock_18xx_43xx.o
                0x1a001820                Chip_Clock_EnableOpts
 .text.Chip_Clock_Enable
                0x1a00185c       0x34 lpc_chip_43xx/src/clock_18xx_43xx.o
                0x1a00185c                Chip_Clock_Enable
 .text.Chip_Clock_GetRate
                0x1a001890       0x4c lpc_chip_43xx/src/clock_18xx_43xx.o
                0x1a001890                Chip_Clock_GetRate
 .text.Chip_SSP_GetClockIndex
                0x1a0018dc       0x14 lpc_chip_43xx/src/ssp_18xx_43xx.o
 .text.Chip_SSP_GetPeriphClockIndex
                0x1a0018f0       0x18 lpc_chip_43xx/src/ssp_18xx_43xx.o
 .text.Chip_SSP_SetClockRate
                0x1a001908       0x12 lpc_chip_43xx/src/ssp_18xx_43xx.o
                0x1a001908                Chip_SSP_SetClockRate
 .text.Chip_SSP_SetMaster
                0x1a00191a       0x16 lpc_chip_43xx/src/ssp_18xx_43xx.o
                0x1a00191a                Chip_SSP_SetMaster
 .text.Chip_SSP_SetBitRate
                0x1a001930       0x3e lpc_chip_43xx/src/ssp_18xx_43xx.o
                0x1a001930                Chip_SSP_SetBitRate
 *fill*         0x1a00196e        0x2 ff
 .text.Chip_SSP_Init
                0x1a001970       0x38 lpc_chip_43xx/src/ssp_18xx_43xx.o
                0x1a001970                Chip_SSP_Init
 .text.Chip_GPIO_Init
                0x1a0019a8        0x2 lpc_chip_43xx/src/gpio_18xx_43xx.o
                0x1a0019a8                Chip_GPIO_Init
 .text.Chip_GPIO_SetPinDIR
                0x1a0019aa       0x30 lpc_chip_43xx/src/gpio_18xx_43xx.o
                0x1a0019aa                Chip_GPIO_SetPinDIR
 *fill*         0x1a0019da        0x2 ff
 .text.Chip_UART_GetIndex
                0x1a0019dc       0x2c lpc_chip_43xx/src/uart_18xx_43xx.o
 .text.Chip_UART_Init
                0x1a001a08       0x54 lpc_chip_43xx/src/uart_18xx_43xx.o
                0x1a001a08                Chip_UART_Init
 .text.Chip_UART_Send
                0x1a001a5c       0x28 lpc_chip_43xx/src/uart_18xx_43xx.o
                0x1a001a5c                Chip_UART_Send
 .text.Chip_UART_SendBlocking
                0x1a001a84       0x24 lpc_chip_43xx/src/uart_18xx_43xx.o
                0x1a001a84                Chip_UART_SendBlocking
 .text.Chip_UART_SetBaud
                0x1a001aa8       0x40 lpc_chip_43xx/src/uart_18xx_43xx.o
                0x1a001aa8                Chip_UART_SetBaud
 .text.Chip_UART_SetBaudFDR
                0x1a001ae8       0xdc lpc_chip_43xx/src/uart_18xx_43xx.o
                0x1a001ae8                Chip_UART_SetBaudFDR
 .text.SystemInit
                0x1a001bc4        0xc lpc_board_ciaa_edu_4337/src/sysinit.o
                0x1a001bc4                SystemInit
 .text.Board_SetupMuxing
                0x1a001bd0       0x38 lpc_board_ciaa_edu_4337/src/board_sysinit.o
                0x1a001bd0                Board_SetupMuxing
 .text.Board_SetupClocking
                0x1a001c08       0x6c lpc_board_ciaa_edu_4337/src/board_sysinit.o
                0x1a001c08                Board_SetupClocking
 .text.Board_SystemInit
                0x1a001c74        0xc lpc_board_ciaa_edu_4337/src/board_sysinit.o
                0x1a001c74                Board_SystemInit
 .text.ResetISR
                0x1a001c80       0x7c lpc_board_ciaa_edu_4337/src/cr_startup_lpc43xx.o
                0x1a001c80                ResetISR
 .text.Board_LED_Init
                0x1a001cfc       0x44 lpc_board_ciaa_edu_4337/src/board.o
 .text.Board_TEC_Init
                0x1a001d40       0x40 lpc_board_ciaa_edu_4337/src/board.o
 .text.Board_UART_Init
                0x1a001d80       0x14 lpc_board_ciaa_edu_4337/src/board.o
                0x1a001d80                Board_UART_Init
 .text.Board_Debug_Init
                0x1a001d94       0x28 lpc_board_ciaa_edu_4337/src/board.o
                0x1a001d94                Board_Debug_Init
 .text.Board_LED_Set
                0x1a001dbc       0x28 lpc_board_ciaa_edu_4337/src/board.o
                0x1a001dbc                Board_LED_Set
 .text.Board_LED_Test
                0x1a001de4       0x2c lpc_board_ciaa_edu_4337/src/board.o
                0x1a001de4                Board_LED_Test
 .text.Board_LED_Toggle
                0x1a001e10       0x16 lpc_board_ciaa_edu_4337/src/board.o
                0x1a001e10                Board_LED_Toggle
 *fill*         0x1a001e26        0x2 ff
 .text.Board_TEC_GetStatus
                0x1a001e28       0x2c lpc_board_ciaa_edu_4337/src/board.o
                0x1a001e28                Board_TEC_GetStatus
 .text.Board_Init
                0x1a001e54       0x2c lpc_board_ciaa_edu_4337/src/board.o
                0x1a001e54                Board_Init
 .text          0x1a001e80       0x30 d:/ciaa/tools/arm-none-eabi-gcc/bin/../lib/gcc/arm-none-eabi/8.2.1/thumb/v7e-m+fp/hard\libgcc.a(_aeabi_uldivmod.o)
                0x1a001e80                __aeabi_uldivmod
 .text.__udivmoddi4
                0x1a001eb0      0x2d0 d:/ciaa/tools/arm-none-eabi-gcc/bin/../lib/gcc/arm-none-eabi/8.2.1/thumb/v7e-m+fp/hard\libgcc.a(_udivmoddi4.o)
                0x1a001eb0                __udivmoddi4
 .text          0x1a002180        0x4 d:/ciaa/tools/arm-none-eabi-gcc/bin/../lib/gcc/arm-none-eabi/8.2.1/thumb/v7e-m+fp/hard\libgcc.a(_dvmd_tls.o)
                0x1a002180                __aeabi_idiv0
                0x1a002180                __aeabi_ldiv0
 .text.memset   0x1a002184       0x10 d:/ciaa/tools/arm-none-eabi-gcc/bin/../lib/gcc/arm-none-eabi/8.2.1/../../../../arm-none-eabi/lib/thumb/v7e-m+fp/hard\libc_nano.a(lib_a-memset.o)
                0x1a002184                memset
 *(.rodata .rodata.* .constdata .constdata.*)
 .rodata.InitClkStates
                0x1a002194       0x48 lpc_chip_43xx/src/sysinit_18xx_43xx.o
 .rodata        0x1a0021dc        0x4 lpc_chip_43xx/src/clock_18xx_43xx.o
 .rodata.Chip_Clock_SetDivider.str1.4
                0x1a0021e0        0x8 lpc_chip_43xx/src/clock_18xx_43xx.o
                                  0x6 (size before relaxing)
 .rodata.periph_to_base
                0x1a0021e8       0x6c lpc_chip_43xx/src/clock_18xx_43xx.o
 .rodata.UART_BClock
                0x1a002254        0x8 lpc_chip_43xx/src/uart_18xx_43xx.o
 .rodata.UART_PClock
                0x1a00225c        0x8 lpc_chip_43xx/src/uart_18xx_43xx.o
 .rodata.InitClkStates
                0x1a002264        0xc lpc_board_ciaa_edu_4337/src/board_sysinit.o
 .rodata.pinmuxing
                0x1a002270       0x60 lpc_board_ciaa_edu_4337/src/board_sysinit.o
 .rodata.ExtRateIn
                0x1a0022d0        0x4 lpc_board_ciaa_edu_4337/src/board.o
                0x1a0022d0                ExtRateIn
 .rodata.GpioButtons
                0x1a0022d4        0x8 lpc_board_ciaa_edu_4337/src/board.o
 .rodata.OscRateIn
                0x1a0022dc        0x4 lpc_board_ciaa_edu_4337/src/board.o
                0x1a0022dc                OscRateIn
 .rodata.gpioLEDBits
                0x1a0022e0        0xc lpc_board_ciaa_edu_4337/src/board.o
                0x1a0022ec                . = ALIGN (0x4)

.glue_7         0x1a0022ec        0x0
 .glue_7        0x1a0022ec        0x0 linker stubs

.glue_7t        0x1a0022ec        0x0
 .glue_7t       0x1a0022ec        0x0 linker stubs

.vfp11_veneer   0x1a0022ec        0x0
 .vfp11_veneer  0x1a0022ec        0x0 linker stubs

.v4_bx          0x1a0022ec        0x0
 .v4_bx         0x1a0022ec        0x0 linker stubs

.iplt           0x1a0022ec        0x0
 .iplt          0x1a0022ec        0x0 app/src/GPIO.o

.ARM.extab
 *(.ARM.extab* .gnu.linkonce.armextab.*)
                0x1a0022ec                __exidx_start = .

.ARM.exidx      0x1a0022ec        0x8
 *(.ARM.exidx* .gnu.linkonce.armexidx.*)
 .ARM.exidx.text.__udivmoddi4
                0x1a0022ec        0x8 d:/ciaa/tools/arm-none-eabi-gcc/bin/../lib/gcc/arm-none-eabi/8.2.1/thumb/v7e-m+fp/hard\libgcc.a(_udivmoddi4.o)
                0x1a0022f4                __exidx_end = .
                0x1a0022f4                _etext = .

.rel.dyn        0x1a0022f4        0x0
 .rel.iplt      0x1a0022f4        0x0 app/src/GPIO.o

.data_RAM2      0x10080000        0x0 load address 0x1a0022f4
 FILL mask 0xff
 *(.ramfunc.$RAM2)
 *(.ramfunc.$RamLoc40)
 *(.data.$RAM2*)
 *(.data.$RamLoc40*)
                0x10080000                . = ALIGN (0x4)

.data_RAM3      0x20000000        0x0 load address 0x1a0022f4
 FILL mask 0xff
 *(.ramfunc.$RAM3)
 *(.ramfunc.$RamAHB32)
 *(.data.$RAM3*)
 *(.data.$RamAHB32*)
                0x20000000                . = ALIGN (0x4)

.data_RAM4      0x20008000        0x0 load address 0x1a0022f4
 FILL mask 0xff
 *(.ramfunc.$RAM4)
 *(.ramfunc.$RamAHB16)
 *(.data.$RAM4*)
 *(.data.$RamAHB16*)
                0x20008000                . = ALIGN (0x4)

.data_RAM5      0x2000c000        0x0 load address 0x1a0022f4
 FILL mask 0xff
 *(.ramfunc.$RAM5)
 *(.ramfunc.$RamAHB_ETB16)
 *(.data.$RAM5*)
 *(.data.$RamAHB_ETB16*)
                0x2000c000                . = ALIGN (0x4)

.uninit_RESERVED
                0x10000000        0x0
 *(.bss.$RESERVED*)
                0x10000000                . = ALIGN (0x4)
                0x10000000                _end_uninit_RESERVED = .

.data           0x10000000        0x4 load address 0x1a0022f4
 FILL mask 0xff
                0x10000000                _data = .
 *(vtable)
 *(.ramfunc*)
 *(.data*)
 .data.min      0x10000000        0x4 app/src/funcionamiento.o
                0x10000000                min
                0x10000004                . = ALIGN (0x4)
                0x10000004                _edata = .

.igot.plt       0x10000004        0x0 load address 0x1a0022f8
 .igot.plt      0x10000004        0x0 app/src/GPIO.o

.bss_RAM2       0x10080000        0x0
 *(.bss.$RAM2*)
 *(.bss.$RamLoc40*)
                0x10080000                . = ALIGN (0x4)

.bss_RAM3       0x20000000        0x0
 *(.bss.$RAM3*)
 *(.bss.$RamAHB32*)
                0x20000000                . = ALIGN (0x4)

.bss_RAM4       0x20008000        0x0
 *(.bss.$RAM4*)
 *(.bss.$RamAHB16*)
                0x20008000                . = ALIGN (0x4)

.bss_RAM5       0x2000c000        0x0
 *(.bss.$RAM5*)
 *(.bss.$RamAHB_ETB16*)
                0x2000c000                . = ALIGN (0x4)

.bss            0x10000004       0x60
                0x10000004                _bss = .
 *(.bss*)
 .bss.firstDataPacket
                0x10000004        0x1 app/src/ADS131E08.o
                0x10000004                firstDataPacket
 .bss.sampleCnt
                0x10000005        0x1 app/src/ADS131E08.o
                0x10000005                sampleCnt
 .bss.sampleCounter
                0x10000006        0x1 app/src/ADS131E08.o
                0x10000006                sampleCounter
 .bss.is_running
                0x10000007        0x1 app/src/funcionamiento.o
                0x10000007                is_running
 .bss.max       0x10000008        0x4 app/src/funcionamiento.o
                0x10000008                max
 .bss.tick_ct   0x1000000c        0x4 app/src/funcionamiento.o
 .bss.audio_usb_pll_freq
                0x10000010        0x8 lpc_chip_43xx/src/clock_18xx_43xx.o
 *(COMMON)
 COMMON         0x10000018        0x4 app/src/GPIO.o
                0x10000018                boardStat
 COMMON         0x1000001c       0x42 app/src/ADS131E08.o
                0x1000001c                estado
                0x1000001d                current_kSPS
                0x10000020                channelData
                0x10000040                id
                0x10000044                regData
                0x1000005c                currentMode
                0x1000005d                currentChannel
 *fill*         0x1000005e        0x2 
 COMMON         0x10000060        0x4 lpc_chip_43xx/src/chip_18xx_43xx.o
                0x10000060                SystemCoreClock
                0x10000064                . = ALIGN (0x4)
                0x10000064                _ebss = .
                [!provide]                PROVIDE (end = .)

.noinit_RAM2    0x10080000        0x0
 *(.noinit.$RAM2*)
 *(.noinit.$RamLoc40*)
                0x10080000                . = ALIGN (0x4)

.noinit_RAM3    0x20000000        0x0
 *(.noinit.$RAM3*)
 *(.noinit.$RamAHB32*)
                0x20000000                . = ALIGN (0x4)

.noinit_RAM4    0x20008000        0x0
 *(.noinit.$RAM4*)
 *(.noinit.$RamAHB16*)
                0x20008000                . = ALIGN (0x4)

.noinit_RAM5    0x2000c000        0x0
 *(.noinit.$RAM5*)
 *(.noinit.$RamAHB_ETB16*)
                0x2000c000                . = ALIGN (0x4)

.noinit         0x10000064        0x0
                0x10000064                _noinit = .
 *(.noinit*)
                0x10000064                . = ALIGN (0x4)
                0x10000064                _end_noinit = .
                0x10000064                PROVIDE (_pvHeapStart = .)
                0x10008000                PROVIDE (_vStackTop = (__top_RamLoc32 - 0x0))
OUTPUT(adquisidorBiopotenciales.elf elf32-littlearm)

.debug_info     0x00000000    0x14296
 .debug_info    0x00000000     0x2ef5 app/src/GPIO.o
 .debug_info    0x00002ef5     0x1c0b app/src/ADS131E08.o
 .debug_info    0x00004b00      0x8f2 app/src/UART.o
 .debug_info    0x000053f2      0x780 app/src/SPI.o
 .debug_info    0x00005b72     0x19eb app/src/funcionamiento.o
 .debug_info    0x0000755d     0x161a app/src/adquisidorBiopotenciales.o
 .debug_info    0x00008b77      0xb94 lpc_chip_43xx/src/sysinit_18xx_43xx.o
 .debug_info    0x0000970b      0x156 lpc_chip_43xx/src/fpu_init.o
 .debug_info    0x00009861      0xc97 lpc_chip_43xx/src/chip_18xx_43xx.o
 .debug_info    0x0000a4f8     0x1b68 lpc_chip_43xx/src/clock_18xx_43xx.o
 .debug_info    0x0000c060     0x1a33 lpc_chip_43xx/src/ssp_18xx_43xx.o
 .debug_info    0x0000da93      0x568 lpc_chip_43xx/src/gpio_18xx_43xx.o
 .debug_info    0x0000dffb     0x1981 lpc_chip_43xx/src/uart_18xx_43xx.o
 .debug_info    0x0000f97c      0x9e3 lpc_board_ciaa_edu_4337/src/sysinit.o
 .debug_info    0x0001035f       0x40 lpc_board_ciaa_edu_4337/src/crp.o
 .debug_info    0x0001039f     0x15bc lpc_board_ciaa_edu_4337/src/board_sysinit.o
 .debug_info    0x0001195b      0x33f lpc_board_ciaa_edu_4337/src/cr_startup_lpc43xx.o
 .debug_info    0x00011c9a     0x25fc lpc_board_ciaa_edu_4337/src/board.o

.debug_abbrev   0x00000000     0x326d
 .debug_abbrev  0x00000000      0x45e app/src/GPIO.o
 .debug_abbrev  0x0000045e      0x3e3 app/src/ADS131E08.o
 .debug_abbrev  0x00000841      0x2a8 app/src/UART.o
 .debug_abbrev  0x00000ae9      0x26f app/src/SPI.o
 .debug_abbrev  0x00000d58      0x43f app/src/funcionamiento.o
 .debug_abbrev  0x00001197      0x366 app/src/adquisidorBiopotenciales.o
 .debug_abbrev  0x000014fd      0x250 lpc_chip_43xx/src/sysinit_18xx_43xx.o
 .debug_abbrev  0x0000174d       0xb1 lpc_chip_43xx/src/fpu_init.o
 .debug_abbrev  0x000017fe      0x1ee lpc_chip_43xx/src/chip_18xx_43xx.o
 .debug_abbrev  0x000019ec      0x3ef lpc_chip_43xx/src/clock_18xx_43xx.o
 .debug_abbrev  0x00001ddb      0x38a lpc_chip_43xx/src/ssp_18xx_43xx.o
 .debug_abbrev  0x00002165      0x1af lpc_chip_43xx/src/gpio_18xx_43xx.o
 .debug_abbrev  0x00002314      0x42c lpc_chip_43xx/src/uart_18xx_43xx.o
 .debug_abbrev  0x00002740      0x20a lpc_board_ciaa_edu_4337/src/sysinit.o
 .debug_abbrev  0x0000294a       0x38 lpc_board_ciaa_edu_4337/src/crp.o
 .debug_abbrev  0x00002982      0x356 lpc_board_ciaa_edu_4337/src/board_sysinit.o
 .debug_abbrev  0x00002cd8      0x130 lpc_board_ciaa_edu_4337/src/cr_startup_lpc43xx.o
 .debug_abbrev  0x00002e08      0x465 lpc_board_ciaa_edu_4337/src/board.o

.debug_loc      0x00000000     0x5e54
 .debug_loc     0x00000000      0xf21 app/src/GPIO.o
 .debug_loc     0x00000f21      0x4cd app/src/ADS131E08.o
 .debug_loc     0x000013ee      0x2b4 app/src/UART.o
 .debug_loc     0x000016a2      0x178 app/src/SPI.o
 .debug_loc     0x0000181a      0x15f app/src/funcionamiento.o
 .debug_loc     0x00001979       0x63 app/src/adquisidorBiopotenciales.o
 .debug_loc     0x000019dc      0x15a lpc_chip_43xx/src/sysinit_18xx_43xx.o
 .debug_loc     0x00001b36       0x31 lpc_chip_43xx/src/fpu_init.o
 .debug_loc     0x00001b67     0x1505 lpc_chip_43xx/src/clock_18xx_43xx.o
 .debug_loc     0x0000306c      0xfd3 lpc_chip_43xx/src/ssp_18xx_43xx.o
 .debug_loc     0x0000403f      0x39e lpc_chip_43xx/src/gpio_18xx_43xx.o
 .debug_loc     0x000043dd      0xf38 lpc_chip_43xx/src/uart_18xx_43xx.o
 .debug_loc     0x00005315       0xd9 lpc_board_ciaa_edu_4337/src/board_sysinit.o
 .debug_loc     0x000053ee      0x282 lpc_board_ciaa_edu_4337/src/cr_startup_lpc43xx.o
 .debug_loc     0x00005670      0x7e4 lpc_board_ciaa_edu_4337/src/board.o

.debug_aranges  0x00000000      0x750
 .debug_aranges
                0x00000000       0xc8 app/src/GPIO.o
 .debug_aranges
                0x000000c8       0xb8 app/src/ADS131E08.o
 .debug_aranges
                0x00000180       0x48 app/src/UART.o
 .debug_aranges
                0x000001c8       0x48 app/src/SPI.o
 .debug_aranges
                0x00000210       0x48 app/src/funcionamiento.o
 .debug_aranges
                0x00000258       0x28 app/src/adquisidorBiopotenciales.o
 .debug_aranges
                0x00000280       0x38 lpc_chip_43xx/src/sysinit_18xx_43xx.o
 .debug_aranges
                0x000002b8       0x20 lpc_chip_43xx/src/fpu_init.o
 .debug_aranges
                0x000002d8       0x38 lpc_chip_43xx/src/chip_18xx_43xx.o
 .debug_aranges
                0x00000310      0x128 lpc_chip_43xx/src/clock_18xx_43xx.o
 .debug_aranges
                0x00000438       0xa0 lpc_chip_43xx/src/ssp_18xx_43xx.o
 .debug_aranges
                0x000004d8       0x48 lpc_chip_43xx/src/gpio_18xx_43xx.o
 .debug_aranges
                0x00000520       0xa8 lpc_chip_43xx/src/uart_18xx_43xx.o
 .debug_aranges
                0x000005c8       0x20 lpc_board_ciaa_edu_4337/src/sysinit.o
 .debug_aranges
                0x000005e8       0x18 lpc_board_ciaa_edu_4337/src/crp.o
 .debug_aranges
                0x00000600       0x30 lpc_board_ciaa_edu_4337/src/board_sysinit.o
 .debug_aranges
                0x00000630       0x80 lpc_board_ciaa_edu_4337/src/cr_startup_lpc43xx.o
 .debug_aranges
                0x000006b0       0xa0 lpc_board_ciaa_edu_4337/src/board.o

.debug_ranges   0x00000000      0x8b8
 .debug_ranges  0x00000000      0x220 app/src/GPIO.o
 .debug_ranges  0x00000220       0xa8 app/src/ADS131E08.o
 .debug_ranges  0x000002c8       0x68 app/src/UART.o
 .debug_ranges  0x00000330       0x38 app/src/SPI.o
 .debug_ranges  0x00000368       0x38 app/src/funcionamiento.o
 .debug_ranges  0x000003a0       0x18 app/src/adquisidorBiopotenciales.o
 .debug_ranges  0x000003b8       0x28 lpc_chip_43xx/src/sysinit_18xx_43xx.o
 .debug_ranges  0x000003e0       0x10 lpc_chip_43xx/src/fpu_init.o
 .debug_ranges  0x000003f0       0x28 lpc_chip_43xx/src/chip_18xx_43xx.o
 .debug_ranges  0x00000418      0x198 lpc_chip_43xx/src/clock_18xx_43xx.o
 .debug_ranges  0x000005b0       0xc0 lpc_chip_43xx/src/ssp_18xx_43xx.o
 .debug_ranges  0x00000670       0x38 lpc_chip_43xx/src/gpio_18xx_43xx.o
 .debug_ranges  0x000006a8       0xb0 lpc_chip_43xx/src/uart_18xx_43xx.o
 .debug_ranges  0x00000758       0x10 lpc_board_ciaa_edu_4337/src/sysinit.o
 .debug_ranges  0x00000768       0x38 lpc_board_ciaa_edu_4337/src/board_sysinit.o
 .debug_ranges  0x000007a0       0x70 lpc_board_ciaa_edu_4337/src/cr_startup_lpc43xx.o
 .debug_ranges  0x00000810       0xa8 lpc_board_ciaa_edu_4337/src/board.o

.debug_macro    0x00000000     0x9a68
 .debug_macro   0x00000000      0x4d8 app/src/GPIO.o
 .debug_macro   0x000004d8      0xa9c app/src/GPIO.o
 .debug_macro   0x00000f74       0x22 app/src/GPIO.o
 .debug_macro   0x00000f96       0x8e app/src/GPIO.o
 .debug_macro   0x00001024       0x51 app/src/GPIO.o
 .debug_macro   0x00001075       0xef app/src/GPIO.o
 .debug_macro   0x00001164       0x6a app/src/GPIO.o
 .debug_macro   0x000011ce      0x1df app/src/GPIO.o
 .debug_macro   0x000013ad       0x22 app/src/GPIO.o
 .debug_macro   0x000013cf       0x66 app/src/GPIO.o
 .debug_macro   0x00001435       0x10 app/src/GPIO.o
 .debug_macro   0x00001445       0x28 app/src/GPIO.o
 .debug_macro   0x0000146d       0x3b app/src/GPIO.o
 .debug_macro   0x000014a8       0x2d app/src/GPIO.o
 .debug_macro   0x000014d5       0x42 app/src/GPIO.o
 .debug_macro   0x00001517      0xd39 app/src/GPIO.o
 .debug_macro   0x00002250      0x2bc app/src/GPIO.o
 .debug_macro   0x0000250c      0x112 app/src/GPIO.o
 .debug_macro   0x0000261e       0x11 app/src/GPIO.o
 .debug_macro   0x0000262f       0x2a app/src/GPIO.o
 .debug_macro   0x00002659       0x16 app/src/GPIO.o
 .debug_macro   0x0000266f      0x2e6 app/src/GPIO.o
 .debug_macro   0x00002955       0x82 app/src/GPIO.o
 .debug_macro   0x000029d7      0x13d app/src/GPIO.o
 .debug_macro   0x00002b14      0x198 app/src/GPIO.o
 .debug_macro   0x00002cac       0x34 app/src/GPIO.o
 .debug_macro   0x00002ce0       0x58 app/src/GPIO.o
 .debug_macro   0x00002d38      0x236 app/src/GPIO.o
 .debug_macro   0x00002f6e      0x572 app/src/GPIO.o
 .debug_macro   0x000034e0       0x16 app/src/GPIO.o
 .debug_macro   0x000034f6      0x18a app/src/GPIO.o
 .debug_macro   0x00003680       0x88 app/src/GPIO.o
 .debug_macro   0x00003708      0x1b9 app/src/GPIO.o
 .debug_macro   0x000038c1      0x1da app/src/GPIO.o
 .debug_macro   0x00003a9b       0x40 app/src/GPIO.o
 .debug_macro   0x00003adb       0x1c app/src/GPIO.o
 .debug_macro   0x00003af7       0x2e app/src/GPIO.o
 .debug_macro   0x00003b25       0x2e app/src/GPIO.o
 .debug_macro   0x00003b53       0x22 app/src/GPIO.o
 .debug_macro   0x00003b75      0x201 app/src/GPIO.o
 .debug_macro   0x00003d76       0xe0 app/src/GPIO.o
 .debug_macro   0x00003e56      0x34c app/src/GPIO.o
 .debug_macro   0x000041a2       0xdc app/src/GPIO.o
 .debug_macro   0x0000427e       0xc4 app/src/GPIO.o
 .debug_macro   0x00004342       0x94 app/src/GPIO.o
 .debug_macro   0x000043d6       0xb8 app/src/GPIO.o
 .debug_macro   0x0000448e       0x4c app/src/GPIO.o
 .debug_macro   0x000044da       0x16 app/src/GPIO.o
 .debug_macro   0x000044f0      0x328 app/src/GPIO.o
 .debug_macro   0x00004818       0x3a app/src/GPIO.o
 .debug_macro   0x00004852       0xd0 app/src/GPIO.o
 .debug_macro   0x00004922       0x18 app/src/GPIO.o
 .debug_macro   0x0000493a       0x22 app/src/GPIO.o
 .debug_macro   0x0000495c       0x40 app/src/GPIO.o
 .debug_macro   0x0000499c       0x5e app/src/GPIO.o
 .debug_macro   0x000049fa       0x64 app/src/GPIO.o
 .debug_macro   0x00004a5e       0x18 app/src/GPIO.o
 .debug_macro   0x00004a76       0x35 app/src/GPIO.o
 .debug_macro   0x00004aab       0x34 app/src/GPIO.o
 .debug_macro   0x00004adf       0x16 app/src/GPIO.o
 .debug_macro   0x00004af5       0x97 app/src/GPIO.o
 .debug_macro   0x00004b8c      0x339 app/src/GPIO.o
 .debug_macro   0x00004ec5       0xfd app/src/GPIO.o
 .debug_macro   0x00004fc2       0x10 app/src/GPIO.o
 .debug_macro   0x00004fd2       0x58 app/src/GPIO.o
 .debug_macro   0x0000502a       0x1f app/src/GPIO.o
 .debug_macro   0x00005049       0x43 app/src/GPIO.o
 .debug_macro   0x0000508c       0x20 app/src/GPIO.o
 .debug_macro   0x000050ac      0x18e app/src/GPIO.o
 .debug_macro   0x0000523a       0x10 app/src/GPIO.o
 .debug_macro   0x0000524a       0x1c app/src/GPIO.o
 .debug_macro   0x00005266       0x52 app/src/GPIO.o
 .debug_macro   0x000052b8       0x40 app/src/GPIO.o
 .debug_macro   0x000052f8       0x10 app/src/GPIO.o
 .debug_macro   0x00005308       0x40 app/src/GPIO.o
 .debug_macro   0x00005348       0xd7 app/src/GPIO.o
 .debug_macro   0x0000541f       0x1c app/src/GPIO.o
 .debug_macro   0x0000543b       0x3d app/src/GPIO.o
 .debug_macro   0x00005478       0x16 app/src/GPIO.o
 .debug_macro   0x0000548e      0x16f app/src/GPIO.o
 .debug_macro   0x000055fd       0x20 app/src/GPIO.o
 .debug_macro   0x0000561d       0x94 app/src/GPIO.o
 .debug_macro   0x000056b1       0x2e app/src/GPIO.o
 .debug_macro   0x000056df      0x689 app/src/GPIO.o
 .debug_macro   0x00005d68       0x16 app/src/GPIO.o
 .debug_macro   0x00005d7e       0x35 app/src/GPIO.o
 .debug_macro   0x00005db3       0x16 app/src/GPIO.o
 .debug_macro   0x00005dc9       0x29 app/src/GPIO.o
 .debug_macro   0x00005df2      0x4f1 app/src/ADS131E08.o
 .debug_macro   0x000062e3      0x683 app/src/ADS131E08.o
 .debug_macro   0x00006966       0x10 app/src/ADS131E08.o
 .debug_macro   0x00006976      0x314 app/src/UART.o
 .debug_macro   0x00006c8a       0x28 app/src/UART.o
 .debug_macro   0x00006cb2      0x31e app/src/SPI.o
 .debug_macro   0x00006fd0      0x4e2 app/src/funcionamiento.o
 .debug_macro   0x000074b2      0x4c5 app/src/adquisidorBiopotenciales.o
 .debug_macro   0x00007977      0x301 lpc_chip_43xx/src/sysinit_18xx_43xx.o
 .debug_macro   0x00007c78       0xe7 lpc_chip_43xx/src/fpu_init.o
 .debug_macro   0x00007d5f      0x301 lpc_chip_43xx/src/chip_18xx_43xx.o
 .debug_macro   0x00008060      0x307 lpc_chip_43xx/src/clock_18xx_43xx.o
 .debug_macro   0x00008367      0x301 lpc_chip_43xx/src/ssp_18xx_43xx.o
 .debug_macro   0x00008668      0x301 lpc_chip_43xx/src/gpio_18xx_43xx.o
 .debug_macro   0x00008969      0x301 lpc_chip_43xx/src/uart_18xx_43xx.o
 .debug_macro   0x00008c6a      0x47f lpc_board_ciaa_edu_4337/src/sysinit.o
 .debug_macro   0x000090e9       0x17 lpc_board_ciaa_edu_4337/src/crp.o
 .debug_macro   0x00009100      0x47f lpc_board_ciaa_edu_4337/src/board_sysinit.o
 .debug_macro   0x0000957f       0x1d lpc_board_ciaa_edu_4337/src/cr_startup_lpc43xx.o
 .debug_macro   0x0000959c      0x4b6 lpc_board_ciaa_edu_4337/src/board.o
 .debug_macro   0x00009a52       0x16 lpc_board_ciaa_edu_4337/src/board.o

.debug_line     0x00000000     0xac09
 .debug_line    0x00000000      0xe28 app/src/GPIO.o
 .debug_line    0x00000e28      0xd36 app/src/ADS131E08.o
 .debug_line    0x00001b5e      0x78a app/src/UART.o
 .debug_line    0x000022e8      0x7b1 app/src/SPI.o
 .debug_line    0x00002a99      0xba5 app/src/funcionamiento.o
 .debug_line    0x0000363e      0x89c app/src/adquisidorBiopotenciales.o
 .debug_line    0x00003eda      0x893 lpc_chip_43xx/src/sysinit_18xx_43xx.o
 .debug_line    0x0000476d      0x2ae lpc_chip_43xx/src/fpu_init.o
 .debug_line    0x00004a1b      0x6f1 lpc_chip_43xx/src/chip_18xx_43xx.o
 .debug_line    0x0000510c     0x1389 lpc_chip_43xx/src/clock_18xx_43xx.o
 .debug_line    0x00006495     0x11a1 lpc_chip_43xx/src/ssp_18xx_43xx.o
 .debug_line    0x00007636      0x78b lpc_chip_43xx/src/gpio_18xx_43xx.o
 .debug_line    0x00007dc1      0xe23 lpc_chip_43xx/src/uart_18xx_43xx.o
 .debug_line    0x00008be4      0x7c1 lpc_board_ciaa_edu_4337/src/sysinit.o
 .debug_line    0x000093a5       0x42 lpc_board_ciaa_edu_4337/src/crp.o
 .debug_line    0x000093e7      0x8a3 lpc_board_ciaa_edu_4337/src/board_sysinit.o
 .debug_line    0x00009c8a      0x24b lpc_board_ciaa_edu_4337/src/cr_startup_lpc43xx.o
 .debug_line    0x00009ed5      0xd34 lpc_board_ciaa_edu_4337/src/board.o

.debug_str      0x00000000    0x1e99d
 .debug_str     0x00000000    0x1c2f3 app/src/GPIO.o
                              0x1c5e3 (size before relaxing)
 .debug_str     0x0001c2f3      0x28c app/src/ADS131E08.o
                              0x1c576 (size before relaxing)
 .debug_str     0x0001c57f      0x13b app/src/UART.o
                              0x1536c (size before relaxing)
 .debug_str     0x0001c6ba      0x2ec app/src/SPI.o
                              0x154e2 (size before relaxing)
 .debug_str     0x0001c9a6      0x463 app/src/funcionamiento.o
                              0x1c8ea (size before relaxing)
 .debug_str     0x0001ce09       0x85 app/src/adquisidorBiopotenciales.o
                              0x1c71d (size before relaxing)
 .debug_str     0x0001ce8e      0x345 lpc_chip_43xx/src/sysinit_18xx_43xx.o
                              0x15df7 (size before relaxing)
 .debug_str     0x0001d1d3       0xc0 lpc_chip_43xx/src/fpu_init.o
                               0x9956 (size before relaxing)
 .debug_str     0x0001d293      0x212 lpc_chip_43xx/src/chip_18xx_43xx.o
                              0x15e99 (size before relaxing)
 .debug_str     0x0001d4a5      0x422 lpc_chip_43xx/src/clock_18xx_43xx.o
                              0x1636c (size before relaxing)
 .debug_str     0x0001d8c7      0x415 lpc_chip_43xx/src/ssp_18xx_43xx.o
                              0x15b3a (size before relaxing)
 .debug_str     0x0001dcdc       0xe7 lpc_chip_43xx/src/gpio_18xx_43xx.o
                              0x151e7 (size before relaxing)
 .debug_str     0x0001ddc3      0x35d lpc_chip_43xx/src/uart_18xx_43xx.o
                              0x15fa9 (size before relaxing)
 .debug_str     0x0001e120       0x41 lpc_board_ciaa_edu_4337/src/sysinit.o
                              0x1938d (size before relaxing)
 .debug_str     0x0001e161       0x41 lpc_board_ciaa_edu_4337/src/crp.o
                               0x2df6 (size before relaxing)
 .debug_str     0x0001e1a2       0xc9 lpc_board_ciaa_edu_4337/src/board_sysinit.o
                              0x1a166 (size before relaxing)
 .debug_str     0x0001e26b      0x1f7 lpc_board_ciaa_edu_4337/src/cr_startup_lpc43xx.o
                               0x2fd7 (size before relaxing)
 .debug_str     0x0001e462      0x53b lpc_board_ciaa_edu_4337/src/board.o
                              0x1a65b (size before relaxing)

.comment        0x00000000       0x68
 .comment       0x00000000       0x68 app/src/GPIO.o
                                 0x69 (size before relaxing)
 .comment       0x00000068       0x69 app/src/ADS131E08.o
 .comment       0x00000068       0x69 app/src/UART.o
 .comment       0x00000068       0x69 app/src/SPI.o
 .comment       0x00000068       0x69 app/src/funcionamiento.o
 .comment       0x00000068       0x69 app/src/adquisidorBiopotenciales.o
 .comment       0x00000068       0x69 lpc_chip_43xx/src/sysinit_18xx_43xx.o
 .comment       0x00000068       0x69 lpc_chip_43xx/src/fpu_init.o
 .comment       0x00000068       0x69 lpc_chip_43xx/src/chip_18xx_43xx.o
 .comment       0x00000068       0x69 lpc_chip_43xx/src/clock_18xx_43xx.o
 .comment       0x00000068       0x69 lpc_chip_43xx/src/ssp_18xx_43xx.o
 .comment       0x00000068       0x69 lpc_chip_43xx/src/gpio_18xx_43xx.o
 .comment       0x00000068       0x69 lpc_chip_43xx/src/uart_18xx_43xx.o
 .comment       0x00000068       0x69 lpc_board_ciaa_edu_4337/src/sysinit.o
 .comment       0x00000068       0x69 lpc_board_ciaa_edu_4337/src/crp.o
 .comment       0x00000068       0x69 lpc_board_ciaa_edu_4337/src/board_sysinit.o
 .comment       0x00000068       0x69 lpc_board_ciaa_edu_4337/src/cr_startup_lpc43xx.o
 .comment       0x00000068       0x69 lpc_board_ciaa_edu_4337/src/board.o

.ARM.attributes
                0x00000000       0x34
 .ARM.attributes
                0x00000000       0x34 app/src/GPIO.o
 .ARM.attributes
                0x00000034       0x34 app/src/ADS131E08.o
 .ARM.attributes
                0x00000068       0x34 app/src/UART.o
 .ARM.attributes
                0x0000009c       0x34 app/src/SPI.o
 .ARM.attributes
                0x000000d0       0x34 app/src/funcionamiento.o
 .ARM.attributes
                0x00000104       0x34 app/src/adquisidorBiopotenciales.o
 .ARM.attributes
                0x00000138       0x34 lpc_chip_43xx/src/sysinit_18xx_43xx.o
 .ARM.attributes
                0x0000016c       0x34 lpc_chip_43xx/src/fpu_init.o
 .ARM.attributes
                0x000001a0       0x34 lpc_chip_43xx/src/chip_18xx_43xx.o
 .ARM.attributes
                0x000001d4       0x34 lpc_chip_43xx/src/clock_18xx_43xx.o
 .ARM.attributes
                0x00000208       0x34 lpc_chip_43xx/src/ssp_18xx_43xx.o
 .ARM.attributes
                0x0000023c       0x34 lpc_chip_43xx/src/gpio_18xx_43xx.o
 .ARM.attributes
                0x00000270       0x34 lpc_chip_43xx/src/uart_18xx_43xx.o
 .ARM.attributes
                0x000002a4       0x34 lpc_board_ciaa_edu_4337/src/sysinit.o
 .ARM.attributes
                0x000002d8       0x39 lpc_board_ciaa_edu_4337/src/crp.o
 .ARM.attributes
                0x00000311       0x34 lpc_board_ciaa_edu_4337/src/board_sysinit.o
 .ARM.attributes
                0x00000345       0x34 lpc_board_ciaa_edu_4337/src/cr_startup_lpc43xx.o
 .ARM.attributes
                0x00000379       0x34 lpc_board_ciaa_edu_4337/src/board.o
 .ARM.attributes
                0x000003ad       0x1e d:/ciaa/tools/arm-none-eabi-gcc/bin/../lib/gcc/arm-none-eabi/8.2.1/thumb/v7e-m+fp/hard\libgcc.a(_aeabi_uldivmod.o)
 .ARM.attributes
                0x000003cb       0x34 d:/ciaa/tools/arm-none-eabi-gcc/bin/../lib/gcc/arm-none-eabi/8.2.1/thumb/v7e-m+fp/hard\libgcc.a(_udivmoddi4.o)
 .ARM.attributes
                0x000003ff       0x1e d:/ciaa/tools/arm-none-eabi-gcc/bin/../lib/gcc/arm-none-eabi/8.2.1/thumb/v7e-m+fp/hard\libgcc.a(_dvmd_tls.o)
 .ARM.attributes
                0x0000041d       0x34 d:/ciaa/tools/arm-none-eabi-gcc/bin/../lib/gcc/arm-none-eabi/8.2.1/../../../../arm-none-eabi/lib/thumb/v7e-m+fp/hard\libc_nano.a(lib_a-memset.o)

.debug_frame    0x00000000     0x11a4
 .debug_frame   0x00000000      0x208 app/src/GPIO.o
 .debug_frame   0x00000208      0x204 app/src/ADS131E08.o
 .debug_frame   0x0000040c       0x90 app/src/UART.o
 .debug_frame   0x0000049c       0x88 app/src/SPI.o
 .debug_frame   0x00000524       0x90 app/src/funcionamiento.o
 .debug_frame   0x000005b4       0x40 app/src/adquisidorBiopotenciales.o
 .debug_frame   0x000005f4       0x80 lpc_chip_43xx/src/sysinit_18xx_43xx.o
 .debug_frame   0x00000674       0x2c lpc_chip_43xx/src/fpu_init.o
 .debug_frame   0x000006a0       0x70 lpc_chip_43xx/src/chip_18xx_43xx.o
 .debug_frame   0x00000710      0x31c lpc_chip_43xx/src/clock_18xx_43xx.o
 .debug_frame   0x00000a2c      0x198 lpc_chip_43xx/src/ssp_18xx_43xx.o
 .debug_frame   0x00000bc4       0x90 lpc_chip_43xx/src/gpio_18xx_43xx.o
 .debug_frame   0x00000c54      0x1f4 lpc_chip_43xx/src/uart_18xx_43xx.o
 .debug_frame   0x00000e48       0x28 lpc_board_ciaa_edu_4337/src/sysinit.o
 .debug_frame   0x00000e70       0x5c lpc_board_ciaa_edu_4337/src/board_sysinit.o
 .debug_frame   0x00000ecc       0xf4 lpc_board_ciaa_edu_4337/src/cr_startup_lpc43xx.o
 .debug_frame   0x00000fc0      0x164 lpc_board_ciaa_edu_4337/src/board.o
 .debug_frame   0x00001124       0x2c d:/ciaa/tools/arm-none-eabi-gcc/bin/../lib/gcc/arm-none-eabi/8.2.1/thumb/v7e-m+fp/hard\libgcc.a(_aeabi_uldivmod.o)
 .debug_frame   0x00001150       0x34 d:/ciaa/tools/arm-none-eabi-gcc/bin/../lib/gcc/arm-none-eabi/8.2.1/thumb/v7e-m+fp/hard\libgcc.a(_udivmoddi4.o)
 .debug_frame   0x00001184       0x20 d:/ciaa/tools/arm-none-eabi-gcc/bin/../lib/gcc/arm-none-eabi/8.2.1/../../../../arm-none-eabi/lib/thumb/v7e-m+fp/hard\libc_nano.a(lib_a-memset.o)

Cross Reference Table

Symbol                                            File
ADC0_IRQHandler                                   lpc_board_ciaa_edu_4337/src/cr_startup_lpc43xx.o
ADC1_IRQHandler                                   lpc_board_ciaa_edu_4337/src/cr_startup_lpc43xx.o
ADCHS_IRQHandler                                  lpc_board_ciaa_edu_4337/src/cr_startup_lpc43xx.o
ADS131E08_Init                                    app/src/ADS131E08.o
                                                  app/src/funcionamiento.o
ADS131E08_RREG                                    app/src/ADS131E08.o
ADS131E08_WREG                                    app/src/ADS131E08.o
ADS131E08_configureExternalSignal                 app/src/ADS131E08.o
ADS131E08_configureTestSignal                     app/src/ADS131E08.o
ADS131E08_csHigh                                  app/src/ADS131E08.o
ADS131E08_csLow                                   app/src/ADS131E08.o
ADS131E08_defaultConfig                           app/src/ADS131E08.o
                                                  app/src/funcionamiento.o
ADS131E08_getChannelData                          app/src/ADS131E08.o
                                                  app/src/funcionamiento.o
ADS131E08_getDeviceID                             app/src/ADS131E08.o
ADS131E08_getRegistersData                        app/src/ADS131E08.o
ADS131E08_isDataAvailable                         app/src/ADS131E08.o
                                                  app/src/funcionamiento.o
ADS131E08_selectChannel                           app/src/ADS131E08.o
                                                  app/src/funcionamiento.o
ADS131E08_selectMode                              app/src/ADS131E08.o
                                                  app/src/funcionamiento.o
ADS131E08_selectkSPS                              app/src/ADS131E08.o
                                                  app/src/funcionamiento.o
ADS131E08_sendCommand                             app/src/ADS131E08.o
ADS131E08_signalDown                              app/src/ADS131E08.o
                                                  app/src/funcionamiento.o
ADS131E08_startADS                                app/src/ADS131E08.o
                                                  app/src/funcionamiento.o
ADS131E08_stopADS                                 app/src/ADS131E08.o
                                                  app/src/funcionamiento.o
ADS131E08_transfer                                app/src/ADS131E08.o
ATIMER_IRQHandler                                 lpc_board_ciaa_edu_4337/src/cr_startup_lpc43xx.o
Board_DAC_Init                                    lpc_board_ciaa_edu_4337/src/board.o
Board_Debug_Init                                  lpc_board_ciaa_edu_4337/src/board.o
Board_ENET_GetMacADDR                             lpc_board_ciaa_edu_4337/src/board.o
Board_I2C_Init                                    lpc_board_ciaa_edu_4337/src/board.o
Board_Init                                        lpc_board_ciaa_edu_4337/src/board.o
                                                  app/src/adquisidorBiopotenciales.o
Board_LED_Set                                     lpc_board_ciaa_edu_4337/src/board.o
                                                  app/src/GPIO.o
Board_LED_Test                                    lpc_board_ciaa_edu_4337/src/board.o
Board_LED_Toggle                                  lpc_board_ciaa_edu_4337/src/board.o
                                                  app/src/adquisidorBiopotenciales.o
Board_SDMMC_Init                                  lpc_board_ciaa_edu_4337/src/board.o
Board_SSP_Init                                    lpc_board_ciaa_edu_4337/src/board.o
Board_SetupClocking                               lpc_board_ciaa_edu_4337/src/board_sysinit.o
Board_SetupMuxing                                 lpc_board_ciaa_edu_4337/src/board_sysinit.o
Board_SystemInit                                  lpc_board_ciaa_edu_4337/src/board_sysinit.o
                                                  lpc_board_ciaa_edu_4337/src/sysinit.o
Board_TEC_GetStatus                               lpc_board_ciaa_edu_4337/src/board.o
                                                  app/src/funcionamiento.o
Board_UARTGetChar                                 lpc_board_ciaa_edu_4337/src/board.o
                                                  lpc_board_ciaa_edu_4337/src/system.o
Board_UARTPutChar                                 lpc_board_ciaa_edu_4337/src/board.o
                                                  lpc_board_ciaa_edu_4337/src/system.o
Board_UARTPutSTR                                  lpc_board_ciaa_edu_4337/src/board.o
Board_UART_Init                                   lpc_board_ciaa_edu_4337/src/board.o
BusFault_Handler                                  lpc_board_ciaa_edu_4337/src/cr_startup_lpc43xx.o
CAN0_IRQHandler                                   lpc_board_ciaa_edu_4337/src/cr_startup_lpc43xx.o
CAN1_IRQHandler                                   lpc_board_ciaa_edu_4337/src/cr_startup_lpc43xx.o
CRP_WORD                                          lpc_board_ciaa_edu_4337/src/crp.o
Chip_ADC_DeInit                                   lpc_chip_43xx/src/adc_18xx_43xx.o
Chip_ADC_EnableChannel                            lpc_chip_43xx/src/adc_18xx_43xx.o
Chip_ADC_Init                                     lpc_chip_43xx/src/adc_18xx_43xx.o
Chip_ADC_Int_SetChannelCmd                        lpc_chip_43xx/src/adc_18xx_43xx.o
Chip_ADC_ReadByte                                 lpc_chip_43xx/src/adc_18xx_43xx.o
Chip_ADC_ReadStatus                               lpc_chip_43xx/src/adc_18xx_43xx.o
Chip_ADC_ReadValue                                lpc_chip_43xx/src/adc_18xx_43xx.o
Chip_ADC_SetBurstCmd                              lpc_chip_43xx/src/adc_18xx_43xx.o
Chip_ADC_SetResolution                            lpc_chip_43xx/src/adc_18xx_43xx.o
Chip_ADC_SetSampleRate                            lpc_chip_43xx/src/adc_18xx_43xx.o
Chip_ADC_SetStartMode                             lpc_chip_43xx/src/adc_18xx_43xx.o
Chip_AES_Config_DMA                               lpc_chip_43xx/src/aes_18xx_43xx.o
Chip_AES_GetStatusDMA                             lpc_chip_43xx/src/aes_18xx_43xx.o
Chip_AES_Init                                     lpc_chip_43xx/src/aes_18xx_43xx.o
Chip_AES_LoadIV_IC                                lpc_chip_43xx/src/aes_18xx_43xx.o
Chip_AES_LoadIV_SW                                lpc_chip_43xx/src/aes_18xx_43xx.o
Chip_AES_LoadKey                                  lpc_chip_43xx/src/aes_18xx_43xx.o
Chip_AES_LoadKeyRNG                               lpc_chip_43xx/src/aes_18xx_43xx.o
Chip_AES_LoadKeySW                                lpc_chip_43xx/src/aes_18xx_43xx.o
Chip_AES_Operate                                  lpc_chip_43xx/src/aes_18xx_43xx.o
Chip_AES_OperateDMA                               lpc_chip_43xx/src/aes_18xx_43xx.o
Chip_AES_ProgramKey                               lpc_chip_43xx/src/aes_18xx_43xx.o
Chip_AES_SetMode                                  lpc_chip_43xx/src/aes_18xx_43xx.o
Chip_ATIMER_DeInit                                lpc_chip_43xx/src/atimer_18xx_43xx.o
Chip_ATIMER_Init                                  lpc_chip_43xx/src/atimer_18xx_43xx.o
Chip_CCAN_AddReceiveID                            lpc_chip_43xx/src/ccan_18xx_43xx.o
Chip_CCAN_ClearStatus                             lpc_chip_43xx/src/ccan_18xx_43xx.o
Chip_CCAN_DeInit                                  lpc_chip_43xx/src/ccan_18xx_43xx.o
Chip_CCAN_DeleteReceiveID                         lpc_chip_43xx/src/ccan_18xx_43xx.o
Chip_CCAN_GetMsgObject                            lpc_chip_43xx/src/ccan_18xx_43xx.o
Chip_CCAN_Init                                    lpc_chip_43xx/src/ccan_18xx_43xx.o
Chip_CCAN_Send                                    lpc_chip_43xx/src/ccan_18xx_43xx.o
Chip_CCAN_SetBitRate                              lpc_chip_43xx/src/ccan_18xx_43xx.o
Chip_CCAN_SetMsgObject                            lpc_chip_43xx/src/ccan_18xx_43xx.o
Chip_CCAN_SetValidMsg                             lpc_chip_43xx/src/ccan_18xx_43xx.o
Chip_CCAN_TransferMsgObject                       lpc_chip_43xx/src/ccan_18xx_43xx.o
Chip_Clock_CalcMainPLLValue                       lpc_chip_43xx/src/clock_18xx_43xx.o
                                                  lpc_chip_43xx/src/sysinit_18xx_43xx.o
Chip_Clock_ClearPowerDown                         lpc_chip_43xx/src/clock_18xx_43xx.o
Chip_Clock_Disable                                lpc_chip_43xx/src/clock_18xx_43xx.o
                                                  lpc_chip_43xx/src/hsadc_18xx_43xx.o
                                                  lpc_chip_43xx/src/sct_18xx_43xx.o
                                                  lpc_chip_43xx/src/ritimer_18xx_43xx.o
                                                  lpc_chip_43xx/src/i2s_18xx_43xx.o
                                                  lpc_chip_43xx/src/lcd_18xx_43xx.o
                                                  lpc_chip_43xx/src/uart_18xx_43xx.o
                                                  lpc_chip_43xx/src/ccan_18xx_43xx.o
                                                  lpc_chip_43xx/src/sdif_18xx_43xx.o
                                                  lpc_chip_43xx/src/adc_18xx_43xx.o
                                                  lpc_chip_43xx/src/spi_18xx_43xx.o
                                                  lpc_chip_43xx/src/gpdma_18xx_43xx.o
                                                  lpc_chip_43xx/src/enet_18xx_43xx.o
                                                  lpc_chip_43xx/src/ssp_18xx_43xx.o
                                                  lpc_chip_43xx/src/i2c_18xx_43xx.o
                                                  lpc_chip_43xx/src/timer_18xx_43xx.o
                                                  lpc_chip_43xx/src/i2cm_18xx_43xx.o
                                                  lpc_chip_43xx/src/dac_18xx_43xx.o
Chip_Clock_DisableBaseClock                       lpc_chip_43xx/src/clock_18xx_43xx.o
Chip_Clock_DisableCrystal                         lpc_chip_43xx/src/clock_18xx_43xx.o
Chip_Clock_DisablePLL                             lpc_chip_43xx/src/clock_18xx_43xx.o
Chip_Clock_Enable                                 lpc_chip_43xx/src/clock_18xx_43xx.o
                                                  lpc_chip_43xx/src/hsadc_18xx_43xx.o
                                                  lpc_chip_43xx/src/i2s_18xx_43xx.o
                                                  lpc_chip_43xx/src/spi_18xx_43xx.o
                                                  lpc_chip_43xx/src/ssp_18xx_43xx.o
                                                  lpc_chip_43xx/src/i2c_18xx_43xx.o
                                                  lpc_chip_43xx/src/timer_18xx_43xx.o
                                                  lpc_chip_43xx/src/i2cm_18xx_43xx.o
Chip_Clock_EnableBaseClock                        lpc_chip_43xx/src/clock_18xx_43xx.o
                                                  lpc_chip_43xx/src/chip_18xx_43xx.o
Chip_Clock_EnableCrystal                          lpc_chip_43xx/src/clock_18xx_43xx.o
                                                  lpc_chip_43xx/src/sysinit_18xx_43xx.o
Chip_Clock_EnableOpts                             lpc_chip_43xx/src/clock_18xx_43xx.o
                                                  lpc_chip_43xx/src/hsadc_18xx_43xx.o
                                                  lpc_chip_43xx/src/sct_18xx_43xx.o
                                                  lpc_chip_43xx/src/ritimer_18xx_43xx.o
                                                  lpc_chip_43xx/src/lcd_18xx_43xx.o
                                                  lpc_chip_43xx/src/uart_18xx_43xx.o
                                                  lpc_chip_43xx/src/ccan_18xx_43xx.o
                                                  lpc_chip_43xx/src/sdif_18xx_43xx.o
                                                  lpc_chip_43xx/src/adc_18xx_43xx.o
                                                  lpc_chip_43xx/src/gpdma_18xx_43xx.o
                                                  lpc_chip_43xx/src/enet_18xx_43xx.o
                                                  lpc_chip_43xx/src/dac_18xx_43xx.o
                                                  lpc_chip_43xx/src/chip_18xx_43xx.o
Chip_Clock_EnablePLL                              lpc_chip_43xx/src/clock_18xx_43xx.o
                                                  lpc_chip_43xx/src/chip_18xx_43xx.o
Chip_Clock_GetBaseClock                           lpc_chip_43xx/src/clock_18xx_43xx.o
Chip_Clock_GetBaseClockOpts                       lpc_chip_43xx/src/clock_18xx_43xx.o
Chip_Clock_GetBaseClocktHz                        lpc_chip_43xx/src/clock_18xx_43xx.o
                                                  lpc_chip_43xx/src/sdio_18xx_43xx.o
                                                  lpc_chip_43xx/src/sdmmc_18xx_43xx.o
Chip_Clock_GetClockInputHz                        lpc_chip_43xx/src/clock_18xx_43xx.o
                                                  lpc_chip_43xx/src/chip_18xx_43xx.o
Chip_Clock_GetDividerDivisor                      lpc_chip_43xx/src/clock_18xx_43xx.o
Chip_Clock_GetDividerSource                       lpc_chip_43xx/src/clock_18xx_43xx.o
Chip_Clock_GetEMCRate                             lpc_chip_43xx/src/clock_18xx_43xx.o
                                                  lpc_chip_43xx/src/emc_18xx_43xx.o
Chip_Clock_GetMainPLLHz                           lpc_chip_43xx/src/clock_18xx_43xx.o
Chip_Clock_GetPLLStatus                           lpc_chip_43xx/src/clock_18xx_43xx.o
                                                  lpc_chip_43xx/src/chip_18xx_43xx.o
Chip_Clock_GetRate                                lpc_chip_43xx/src/clock_18xx_43xx.o
                                                  lpc_chip_43xx/src/hsadc_18xx_43xx.o
                                                  lpc_chip_43xx/src/ritimer_18xx_43xx.o
                                                  lpc_chip_43xx/src/i2s_18xx_43xx.o
                                                  lpc_chip_43xx/src/uart_18xx_43xx.o
                                                  lpc_chip_43xx/src/ccan_18xx_43xx.o
                                                  lpc_chip_43xx/src/sct_pwm_18xx_43xx.o
                                                  lpc_chip_43xx/src/stopwatch_18xx_43xx.o
                                                  lpc_chip_43xx/src/adc_18xx_43xx.o
                                                  lpc_chip_43xx/src/spi_18xx_43xx.o
                                                  lpc_chip_43xx/src/ssp_18xx_43xx.o
                                                  lpc_chip_43xx/src/i2c_18xx_43xx.o
                                                  lpc_chip_43xx/src/i2cm_18xx_43xx.o
                                                  lpc_chip_43xx/src/eeprom_18xx_43xx.o
                                                  lpc_chip_43xx/src/chip_18xx_43xx.o
Chip_Clock_IsBaseClockEnabled                     lpc_chip_43xx/src/clock_18xx_43xx.o
Chip_Clock_RTCEnable                              lpc_chip_43xx/src/clock_18xx_43xx.o
                                                  lpc_chip_43xx/src/rtc_18xx_43xx.o
Chip_Clock_SetBaseClock                           lpc_chip_43xx/src/clock_18xx_43xx.o
                                                  lpc_board_ciaa_edu_4337/src/board_sysinit.o
                                                  lpc_chip_43xx/src/chip_18xx_43xx.o
                                                  lpc_chip_43xx/src/sysinit_18xx_43xx.o
Chip_Clock_SetDivider                             lpc_chip_43xx/src/clock_18xx_43xx.o
                                                  lpc_chip_43xx/src/chip_18xx_43xx.o
Chip_Clock_SetupMainPLLHz                         lpc_chip_43xx/src/clock_18xx_43xx.o
Chip_Clock_SetupMainPLLMult                       lpc_chip_43xx/src/clock_18xx_43xx.o
Chip_Clock_SetupPLL                               lpc_chip_43xx/src/clock_18xx_43xx.o
                                                  lpc_chip_43xx/src/chip_18xx_43xx.o
Chip_Clock_StartPowerDown                         lpc_chip_43xx/src/clock_18xx_43xx.o
Chip_DAC_DeInit                                   lpc_chip_43xx/src/dac_18xx_43xx.o
Chip_DAC_Init                                     lpc_chip_43xx/src/dac_18xx_43xx.o
Chip_DAC_SetBias                                  lpc_chip_43xx/src/dac_18xx_43xx.o
Chip_DAC_UpdateValue                              lpc_chip_43xx/src/dac_18xx_43xx.o
Chip_EEPROM_EraseProgramPage                      lpc_chip_43xx/src/eeprom_18xx_43xx.o
Chip_EEPROM_Init                                  lpc_chip_43xx/src/eeprom_18xx_43xx.o
Chip_EEPROM_WaitForIntStatus                      lpc_chip_43xx/src/eeprom_18xx_43xx.o
Chip_EMC_Dynamic_Enable                           lpc_chip_43xx/src/emc_18xx_43xx.o
Chip_EMC_Dynamic_Init                             lpc_chip_43xx/src/emc_18xx_43xx.o
Chip_EMC_Enable                                   lpc_chip_43xx/src/emc_18xx_43xx.o
Chip_EMC_Init                                     lpc_chip_43xx/src/emc_18xx_43xx.o
Chip_EMC_LowPowerMode                             lpc_chip_43xx/src/emc_18xx_43xx.o
Chip_EMC_Mirror                                   lpc_chip_43xx/src/emc_18xx_43xx.o
Chip_EMC_Static_Init                              lpc_chip_43xx/src/emc_18xx_43xx.o
Chip_ENET_DeInit                                  lpc_chip_43xx/src/enet_18xx_43xx.o
Chip_ENET_Init                                    lpc_chip_43xx/src/enet_18xx_43xx.o
Chip_ENET_SetDuplex                               lpc_chip_43xx/src/enet_18xx_43xx.o
Chip_ENET_SetSpeed                                lpc_chip_43xx/src/enet_18xx_43xx.o
Chip_ENET_SetupMII                                lpc_chip_43xx/src/enet_18xx_43xx.o
Chip_ENET_StartMIIRead                            lpc_chip_43xx/src/enet_18xx_43xx.o
Chip_ENET_StartMIIWrite                           lpc_chip_43xx/src/enet_18xx_43xx.o
Chip_EVRT_ConfigIntSrcActiveType                  lpc_chip_43xx/src/evrt_18xx_43xx.o
Chip_EVRT_Init                                    lpc_chip_43xx/src/evrt_18xx_43xx.o
Chip_EVRT_IsSourceInterrupting                    lpc_chip_43xx/src/evrt_18xx_43xx.o
Chip_EVRT_SetUpIntSrc                             lpc_chip_43xx/src/evrt_18xx_43xx.o
Chip_GPDMA_ChannelCmd                             lpc_chip_43xx/src/gpdma_18xx_43xx.o
Chip_GPDMA_ClearIntPending                        lpc_chip_43xx/src/gpdma_18xx_43xx.o
Chip_GPDMA_DeInit                                 lpc_chip_43xx/src/gpdma_18xx_43xx.o
Chip_GPDMA_GetFreeChannel                         lpc_chip_43xx/src/gpdma_18xx_43xx.o
Chip_GPDMA_Init                                   lpc_chip_43xx/src/gpdma_18xx_43xx.o
Chip_GPDMA_InitChannelCfg                         lpc_chip_43xx/src/gpdma_18xx_43xx.o
Chip_GPDMA_IntGetStatus                           lpc_chip_43xx/src/gpdma_18xx_43xx.o
Chip_GPDMA_Interrupt                              lpc_chip_43xx/src/gpdma_18xx_43xx.o
Chip_GPDMA_PrepareDescriptor                      lpc_chip_43xx/src/gpdma_18xx_43xx.o
Chip_GPDMA_SGTransfer                             lpc_chip_43xx/src/gpdma_18xx_43xx.o
Chip_GPDMA_Stop                                   lpc_chip_43xx/src/gpdma_18xx_43xx.o
Chip_GPDMA_Transfer                               lpc_chip_43xx/src/gpdma_18xx_43xx.o
Chip_GPIO_DeInit                                  lpc_chip_43xx/src/gpio_18xx_43xx.o
                                                  app/src/GPIO.o
Chip_GPIO_Init                                    lpc_chip_43xx/src/gpio_18xx_43xx.o
                                                  lpc_board_ciaa_edu_4337/src/board.o
                                                  app/src/GPIO.o
Chip_GPIO_SetDir                                  lpc_chip_43xx/src/gpio_18xx_43xx.o
Chip_GPIO_SetPinDIR                               lpc_chip_43xx/src/gpio_18xx_43xx.o
                                                  app/src/GPIO.o
Chip_GPIO_SetPortDIR                              lpc_chip_43xx/src/gpio_18xx_43xx.o
Chip_GPIO_WriteDirBit                             lpc_chip_43xx/src/gpio_18xx_43xx.o
Chip_HSADC_DeInit                                 lpc_chip_43xx/src/hsadc_18xx_43xx.o
Chip_HSADC_Init                                   lpc_chip_43xx/src/hsadc_18xx_43xx.o
Chip_HSADC_SetACDCBias                            lpc_chip_43xx/src/hsadc_18xx_43xx.o
Chip_HSADC_SetPowerSpeed                          lpc_chip_43xx/src/hsadc_18xx_43xx.o
Chip_HSADC_SetSpeed                               lpc_chip_43xx/src/hsadc_18xx_43xx.o
Chip_HSADC_SetThrHighValue                        lpc_chip_43xx/src/hsadc_18xx_43xx.o
Chip_HSADC_SetThrLowValue                         lpc_chip_43xx/src/hsadc_18xx_43xx.o
Chip_HSADC_SetupFIFO                              lpc_chip_43xx/src/hsadc_18xx_43xx.o
Chip_I2CM_DeInit                                  lpc_chip_43xx/src/i2cm_18xx_43xx.o
Chip_I2CM_Init                                    lpc_chip_43xx/src/i2cm_18xx_43xx.o
Chip_I2CM_Read                                    lpc_chip_43xx/src/i2cm_18xx_43xx.o
Chip_I2CM_SetBusSpeed                             lpc_chip_43xx/src/i2cm_18xx_43xx.o
Chip_I2CM_Write                                   lpc_chip_43xx/src/i2cm_18xx_43xx.o
Chip_I2CM_Xfer                                    lpc_chip_43xx/src/i2cm_18xx_43xx.o
Chip_I2CM_XferBlocking                            lpc_chip_43xx/src/i2cm_18xx_43xx.o
Chip_I2CM_XferHandler                             lpc_chip_43xx/src/i2cm_18xx_43xx.o
Chip_I2C_DeInit                                   lpc_chip_43xx/src/i2c_18xx_43xx.o
Chip_I2C_Disable                                  lpc_chip_43xx/src/i2c_18xx_43xx.o
Chip_I2C_EventHandler                             lpc_chip_43xx/src/i2c_18xx_43xx.o
Chip_I2C_EventHandlerPolling                      lpc_chip_43xx/src/i2c_18xx_43xx.o
Chip_I2C_GetClockRate                             lpc_chip_43xx/src/i2c_18xx_43xx.o
Chip_I2C_GetMasterEventHandler                    lpc_chip_43xx/src/i2c_18xx_43xx.o
Chip_I2C_Init                                     lpc_chip_43xx/src/i2c_18xx_43xx.o
Chip_I2C_IsMasterActive                           lpc_chip_43xx/src/i2c_18xx_43xx.o
Chip_I2C_IsStateChanged                           lpc_chip_43xx/src/i2c_18xx_43xx.o
Chip_I2C_MasterCmdRead                            lpc_chip_43xx/src/i2c_18xx_43xx.o
Chip_I2C_MasterRead                               lpc_chip_43xx/src/i2c_18xx_43xx.o
Chip_I2C_MasterSend                               lpc_chip_43xx/src/i2c_18xx_43xx.o
Chip_I2C_MasterStateHandler                       lpc_chip_43xx/src/i2c_18xx_43xx.o
Chip_I2C_MasterTransfer                           lpc_chip_43xx/src/i2c_18xx_43xx.o
Chip_I2C_SetClockRate                             lpc_chip_43xx/src/i2c_18xx_43xx.o
Chip_I2C_SetMasterEventHandler                    lpc_chip_43xx/src/i2c_18xx_43xx.o
Chip_I2C_SlaveSetup                               lpc_chip_43xx/src/i2c_18xx_43xx.o
Chip_I2C_SlaveStateHandler                        lpc_chip_43xx/src/i2c_18xx_43xx.o
Chip_I2S_DMA_RxCmd                                lpc_chip_43xx/src/i2s_18xx_43xx.o
Chip_I2S_DMA_TxCmd                                lpc_chip_43xx/src/i2s_18xx_43xx.o
Chip_I2S_DeInit                                   lpc_chip_43xx/src/i2s_18xx_43xx.o
Chip_I2S_Init                                     lpc_chip_43xx/src/i2s_18xx_43xx.o
Chip_I2S_Int_RxCmd                                lpc_chip_43xx/src/i2s_18xx_43xx.o
Chip_I2S_Int_TxCmd                                lpc_chip_43xx/src/i2s_18xx_43xx.o
Chip_I2S_RxConfig                                 lpc_chip_43xx/src/i2s_18xx_43xx.o
Chip_I2S_TxConfig                                 lpc_chip_43xx/src/i2s_18xx_43xx.o
Chip_IAP_BlankCheckSector                         lpc_chip_43xx/src/iap_18xx_43xx.o
Chip_IAP_Compare                                  lpc_chip_43xx/src/iap_18xx_43xx.o
Chip_IAP_CopyRamToFlash                           lpc_chip_43xx/src/iap_18xx_43xx.o
Chip_IAP_ErasePage                                lpc_chip_43xx/src/iap_18xx_43xx.o
Chip_IAP_EraseSector                              lpc_chip_43xx/src/iap_18xx_43xx.o
Chip_IAP_PreSectorForReadWrite                    lpc_chip_43xx/src/iap_18xx_43xx.o
Chip_IAP_ReadBootCode                             lpc_chip_43xx/src/iap_18xx_43xx.o
Chip_IAP_ReadPID                                  lpc_chip_43xx/src/iap_18xx_43xx.o
Chip_IAP_ReadUID                                  lpc_chip_43xx/src/iap_18xx_43xx.o
Chip_IAP_ReinvokeISP                              lpc_chip_43xx/src/iap_18xx_43xx.o
Chip_IAP_SetBootFlashBank                         lpc_chip_43xx/src/iap_18xx_43xx.o
Chip_LCD_Cursor_Config                            lpc_chip_43xx/src/lcd_18xx_43xx.o
Chip_LCD_Cursor_WriteImage                        lpc_chip_43xx/src/lcd_18xx_43xx.o
Chip_LCD_DeInit                                   lpc_chip_43xx/src/lcd_18xx_43xx.o
Chip_LCD_Init                                     lpc_chip_43xx/src/lcd_18xx_43xx.o
Chip_LCD_LoadPalette                              lpc_chip_43xx/src/lcd_18xx_43xx.o
Chip_OTP_GenRand                                  lpc_chip_43xx/src/otp_18xx_43xx.o
Chip_OTP_Init                                     lpc_chip_43xx/src/otp_18xx_43xx.o
Chip_OTP_ProgBootSrc                              lpc_chip_43xx/src/otp_18xx_43xx.o
Chip_OTP_ProgGPWord                               lpc_chip_43xx/src/otp_18xx_43xx.o
Chip_OTP_ProgJTAGDis                              lpc_chip_43xx/src/otp_18xx_43xx.o
Chip_OTP_ProgKey                                  lpc_chip_43xx/src/otp_18xx_43xx.o
Chip_OTP_ProgUSBID                                lpc_chip_43xx/src/otp_18xx_43xx.o
Chip_PMC_Set_PwrState                             lpc_chip_43xx/src/pmc_18xx_43xx.o
Chip_PMC_Sleep                                    lpc_chip_43xx/src/pmc_18xx_43xx.o
Chip_RIT_DeInit                                   lpc_chip_43xx/src/ritimer_18xx_43xx.o
Chip_RIT_GetIntStatus                             lpc_chip_43xx/src/ritimer_18xx_43xx.o
Chip_RIT_Init                                     lpc_chip_43xx/src/ritimer_18xx_43xx.o
Chip_RIT_SetTimerInterval                         lpc_chip_43xx/src/ritimer_18xx_43xx.o
Chip_RTC_AlarmIntConfig                           lpc_chip_43xx/src/rtc_18xx_43xx.o
Chip_RTC_CalibCounterCmd                          lpc_chip_43xx/src/rtc_18xx_43xx.o
Chip_RTC_CntIncrIntConfig                         lpc_chip_43xx/src/rtc_18xx_43xx.o
Chip_RTC_DeInit                                   lpc_chip_43xx/src/rtc_18xx_43xx.o
Chip_RTC_EV_GetFirstTimeStamp                     lpc_chip_43xx/src/rtc_18xx_43xx.o
Chip_RTC_EV_GetLastTimeStamp                      lpc_chip_43xx/src/rtc_18xx_43xx.o
Chip_RTC_Enable                                   lpc_chip_43xx/src/rtc_18xx_43xx.o
Chip_RTC_GetFullAlarmTime                         lpc_chip_43xx/src/rtc_18xx_43xx.o
Chip_RTC_GetFullTime                              lpc_chip_43xx/src/rtc_18xx_43xx.o
Chip_RTC_Init                                     lpc_chip_43xx/src/rtc_18xx_43xx.o
Chip_RTC_ResetClockTickCounter                    lpc_chip_43xx/src/rtc_18xx_43xx.o
Chip_RTC_SetFullAlarmTime                         lpc_chip_43xx/src/rtc_18xx_43xx.o
Chip_RTC_SetFullTime                              lpc_chip_43xx/src/rtc_18xx_43xx.o
Chip_SCTPWM_SetOutPin                             lpc_chip_43xx/src/sct_pwm_18xx_43xx.o
Chip_SCTPWM_SetRate                               lpc_chip_43xx/src/sct_pwm_18xx_43xx.o
Chip_SCT_DeInit                                   lpc_chip_43xx/src/sct_18xx_43xx.o
Chip_SCT_Init                                     lpc_chip_43xx/src/sct_18xx_43xx.o
Chip_SCT_SetClrControl                            lpc_chip_43xx/src/sct_18xx_43xx.o
Chip_SCT_SetConflictResolution                    lpc_chip_43xx/src/sct_18xx_43xx.o
Chip_SDIF_DeInit                                  lpc_chip_43xx/src/sdif_18xx_43xx.o
Chip_SDIF_DmaSetup                                lpc_chip_43xx/src/sdif_18xx_43xx.o
                                                  lpc_chip_43xx/src/sdio_18xx_43xx.o
                                                  lpc_chip_43xx/src/sdmmc_18xx_43xx.o
Chip_SDIF_GetResponse                             lpc_chip_43xx/src/sdif_18xx_43xx.o
                                                  lpc_chip_43xx/src/sdio_18xx_43xx.o
                                                  lpc_chip_43xx/src/sdmmc_18xx_43xx.o
Chip_SDIF_Init                                    lpc_chip_43xx/src/sdif_18xx_43xx.o
Chip_SDIF_SendCmd                                 lpc_chip_43xx/src/sdif_18xx_43xx.o
                                                  lpc_chip_43xx/src/sdio_18xx_43xx.o
                                                  lpc_chip_43xx/src/sdmmc_18xx_43xx.o
Chip_SDIF_SetClearIntFifo                         lpc_chip_43xx/src/sdif_18xx_43xx.o
                                                  lpc_chip_43xx/src/sdmmc_18xx_43xx.o
Chip_SDIF_SetClock                                lpc_chip_43xx/src/sdif_18xx_43xx.o
                                                  lpc_chip_43xx/src/sdio_18xx_43xx.o
                                                  lpc_chip_43xx/src/sdmmc_18xx_43xx.o
Chip_SDMMC_Acquire                                lpc_chip_43xx/src/sdmmc_18xx_43xx.o
Chip_SDMMC_GetDeviceBlocks                        lpc_chip_43xx/src/sdmmc_18xx_43xx.o
Chip_SDMMC_GetDeviceSize                          lpc_chip_43xx/src/sdmmc_18xx_43xx.o
Chip_SDMMC_GetState                               lpc_chip_43xx/src/sdmmc_18xx_43xx.o
Chip_SDMMC_ReadBlocks                             lpc_chip_43xx/src/sdmmc_18xx_43xx.o
Chip_SDMMC_WriteBlocks                            lpc_chip_43xx/src/sdmmc_18xx_43xx.o
Chip_SPI_DeInit                                   lpc_chip_43xx/src/spi_18xx_43xx.o
Chip_SPI_Init                                     lpc_chip_43xx/src/spi_18xx_43xx.o
Chip_SPI_Int_FlushData                            lpc_chip_43xx/src/spi_18xx_43xx.o
Chip_SPI_Int_RWFrames                             lpc_chip_43xx/src/spi_18xx_43xx.o
Chip_SPI_Int_RWFrames16Bits                       lpc_chip_43xx/src/spi_18xx_43xx.o
Chip_SPI_Int_RWFrames8Bits                        lpc_chip_43xx/src/spi_18xx_43xx.o
Chip_SPI_RWFrames_Blocking                        lpc_chip_43xx/src/spi_18xx_43xx.o
Chip_SPI_SetBitRate                               lpc_chip_43xx/src/spi_18xx_43xx.o
Chip_SSP_DeInit                                   lpc_chip_43xx/src/ssp_18xx_43xx.o
                                                  app/src/SPI.o
Chip_SSP_Init                                     lpc_chip_43xx/src/ssp_18xx_43xx.o
                                                  app/src/SPI.o
Chip_SSP_Int_FlushData                            lpc_chip_43xx/src/ssp_18xx_43xx.o
Chip_SSP_Int_RWFrames16Bits                       lpc_chip_43xx/src/ssp_18xx_43xx.o
Chip_SSP_Int_RWFrames8Bits                        lpc_chip_43xx/src/ssp_18xx_43xx.o
Chip_SSP_RWFrames_Blocking                        lpc_chip_43xx/src/ssp_18xx_43xx.o
Chip_SSP_ReadFrames_Blocking                      lpc_chip_43xx/src/ssp_18xx_43xx.o
Chip_SSP_SetBitRate                               lpc_chip_43xx/src/ssp_18xx_43xx.o
                                                  app/src/SPI.o
Chip_SSP_SetClockRate                             lpc_chip_43xx/src/ssp_18xx_43xx.o
Chip_SSP_SetMaster                                lpc_chip_43xx/src/ssp_18xx_43xx.o
                                                  app/src/SPI.o
Chip_SSP_WriteFrames_Blocking                     lpc_chip_43xx/src/ssp_18xx_43xx.o
Chip_SetupCoreClock                               lpc_chip_43xx/src/sysinit_18xx_43xx.o
                                                  lpc_board_ciaa_edu_4337/src/board_sysinit.o
Chip_SetupIrcClocking                             lpc_chip_43xx/src/sysinit_18xx_43xx.o
Chip_SetupXtalClocking                            lpc_chip_43xx/src/sysinit_18xx_43xx.o
Chip_SystemInit                                   lpc_chip_43xx/src/sysinit_18xx_43xx.o
Chip_TIMER_DeInit                                 lpc_chip_43xx/src/timer_18xx_43xx.o
Chip_TIMER_ExtMatchControlSet                     lpc_chip_43xx/src/timer_18xx_43xx.o
Chip_TIMER_Init                                   lpc_chip_43xx/src/timer_18xx_43xx.o
                                                  lpc_chip_43xx/src/stopwatch_18xx_43xx.o
Chip_TIMER_Reset                                  lpc_chip_43xx/src/timer_18xx_43xx.o
Chip_UART_ABCmd                                   lpc_chip_43xx/src/uart_18xx_43xx.o
Chip_UART_CheckBusy                               lpc_chip_43xx/src/uart_18xx_43xx.o
Chip_UART_DeInit                                  lpc_chip_43xx/src/uart_18xx_43xx.o
                                                  app/src/UART.o
Chip_UART_GetABEOStatus                           lpc_chip_43xx/src/uart_18xx_43xx.o
Chip_UART_IRQRBHandler                            lpc_chip_43xx/src/uart_18xx_43xx.o
Chip_UART_Init                                    lpc_chip_43xx/src/uart_18xx_43xx.o
                                                  lpc_board_ciaa_edu_4337/src/board.o
                                                  app/src/UART.o
Chip_UART_RXIntHandlerRB                          lpc_chip_43xx/src/uart_18xx_43xx.o
Chip_UART_Read                                    lpc_chip_43xx/src/uart_18xx_43xx.o
                                                  app/src/UART.o
Chip_UART_ReadBlocking                            lpc_chip_43xx/src/uart_18xx_43xx.o
Chip_UART_ReadRB                                  lpc_chip_43xx/src/uart_18xx_43xx.o
Chip_UART_Send                                    lpc_chip_43xx/src/uart_18xx_43xx.o
Chip_UART_SendBlocking                            lpc_chip_43xx/src/uart_18xx_43xx.o
                                                  app/src/UART.o
Chip_UART_SendRB                                  lpc_chip_43xx/src/uart_18xx_43xx.o
Chip_UART_SetBaud                                 lpc_chip_43xx/src/uart_18xx_43xx.o
                                                  app/src/UART.o
Chip_UART_SetBaudFDR                              lpc_chip_43xx/src/uart_18xx_43xx.o
                                                  lpc_board_ciaa_edu_4337/src/board.o
Chip_UART_TXIntHandlerRB                          lpc_chip_43xx/src/uart_18xx_43xx.o
Chip_USB0_Init                                    lpc_chip_43xx/src/chip_18xx_43xx.o
Chip_USB1_Init                                    lpc_chip_43xx/src/chip_18xx_43xx.o
Chip_WWDT_ClearStatusFlag                         lpc_chip_43xx/src/wwdt_18xx_43xx.o
Chip_WWDT_DeInit                                  lpc_chip_43xx/src/wwdt_18xx_43xx.o
Chip_WWDT_Init                                    lpc_chip_43xx/src/wwdt_18xx_43xx.o
DAC_IRQHandler                                    lpc_board_ciaa_edu_4337/src/cr_startup_lpc43xx.o
DMA_IRQHandler                                    lpc_board_ciaa_edu_4337/src/cr_startup_lpc43xx.o
DebugMon_Handler                                  lpc_board_ciaa_edu_4337/src/cr_startup_lpc43xx.o
ETH_IRQHandler                                    lpc_board_ciaa_edu_4337/src/cr_startup_lpc43xx.o
EVRT_IRQHandler                                   lpc_board_ciaa_edu_4337/src/cr_startup_lpc43xx.o
ExtRateIn                                         lpc_board_ciaa_edu_4337/src/board.o
                                                  lpc_chip_43xx/src/clock_18xx_43xx.o
FLASH_EEPROM_IRQHandler                           lpc_board_ciaa_edu_4337/src/cr_startup_lpc43xx.o
Funcionamiento_Init                               app/src/funcionamiento.o
                                                  app/src/adquisidorBiopotenciales.o
Funcionamiento_Menu                               app/src/funcionamiento.o
                                                  app/src/adquisidorBiopotenciales.o
GINT0_IRQHandler                                  lpc_board_ciaa_edu_4337/src/cr_startup_lpc43xx.o
GINT1_IRQHandler                                  lpc_board_ciaa_edu_4337/src/cr_startup_lpc43xx.o
GPIO0_IRQHandler                                  lpc_board_ciaa_edu_4337/src/cr_startup_lpc43xx.o
GPIO1_IRQHandler                                  lpc_board_ciaa_edu_4337/src/cr_startup_lpc43xx.o
GPIO2_IRQHandler                                  lpc_board_ciaa_edu_4337/src/cr_startup_lpc43xx.o
GPIO3_IRQHandler                                  lpc_board_ciaa_edu_4337/src/cr_startup_lpc43xx.o
GPIO4_IRQHandler                                  lpc_board_ciaa_edu_4337/src/cr_startup_lpc43xx.o
GPIO5_IRQHandler                                  lpc_board_ciaa_edu_4337/src/cr_startup_lpc43xx.o
GPIO6_IRQHandler                                  lpc_board_ciaa_edu_4337/src/cr_startup_lpc43xx.o
GPIO7_IRQHandler                                  lpc_board_ciaa_edu_4337/src/cr_startup_lpc43xx.o
GPIO_Init                                         app/src/GPIO.o
                                                  app/src/adquisidorBiopotenciales.o
GPIO_deInit                                       app/src/GPIO.o
GPIO_displayCurrentChannel                        app/src/GPIO.o
GPIO_displayCurrentMode                           app/src/GPIO.o
GPIO_displayCurrentkSPS                           app/src/GPIO.o
GPIO_displayOFF                                   app/src/GPIO.o
GPIO_displayON                                    app/src/GPIO.o
GPIO_getPinDir                                    app/src/GPIO.o
GPIO_getPinState                                  app/src/GPIO.o
                                                  app/src/ADS131E08.o
GPIO_getSignal                                    app/src/GPIO.o
                                                  app/src/funcionamiento.o
GPIO_selectChannel                                app/src/GPIO.o
                                                  app/src/funcionamiento.o
GPIO_selectMode                                   app/src/GPIO.o
                                                  app/src/funcionamiento.o
GPIO_select_kSPS                                  app/src/GPIO.o
                                                  app/src/funcionamiento.o
GPIO_setBoardLEDs_channel                         app/src/GPIO.o
GPIO_setBoardLEDs_kSPS                            app/src/GPIO.o
GPIO_setBoardLEDs_mode                            app/src/GPIO.o
GPIO_setPinDir                                    app/src/GPIO.o
GPIO_setPinState                                  app/src/GPIO.o
                                                  app/src/ADS131E08.o
GPIO_setPinToggle                                 app/src/GPIO.o
GPIO_start                                        app/src/GPIO.o
                                                  app/src/funcionamiento.o
GPIO_stopped                                      app/src/GPIO.o
                                                  app/src/funcionamiento.o
HardFault_Handler                                 lpc_board_ciaa_edu_4337/src/cr_startup_lpc43xx.o
I2C0_IRQHandler                                   lpc_board_ciaa_edu_4337/src/cr_startup_lpc43xx.o
I2C1_IRQHandler                                   lpc_board_ciaa_edu_4337/src/cr_startup_lpc43xx.o
I2S0_IRQHandler                                   lpc_board_ciaa_edu_4337/src/cr_startup_lpc43xx.o
I2S1_IRQHandler                                   lpc_board_ciaa_edu_4337/src/cr_startup_lpc43xx.o
IntDefaultHandler                                 lpc_board_ciaa_edu_4337/src/cr_startup_lpc43xx.o
LCD_IRQHandler                                    lpc_board_ciaa_edu_4337/src/cr_startup_lpc43xx.o
LED_ARRAY                                         app/src/GPIO.o
M0APP_IRQHandler                                  lpc_board_ciaa_edu_4337/src/cr_startup_lpc43xx.o
M0SUB_IRQHandler                                  lpc_board_ciaa_edu_4337/src/cr_startup_lpc43xx.o
MCPWM_IRQHandler                                  lpc_board_ciaa_edu_4337/src/cr_startup_lpc43xx.o
MemManage_Handler                                 lpc_board_ciaa_edu_4337/src/cr_startup_lpc43xx.o
NMI_Handler                                       lpc_board_ciaa_edu_4337/src/cr_startup_lpc43xx.o
OscRateIn                                         lpc_board_ciaa_edu_4337/src/board.o
                                                  lpc_chip_43xx/src/clock_18xx_43xx.o
PendSV_Handler                                    lpc_board_ciaa_edu_4337/src/cr_startup_lpc43xx.o