Archive member included to satisfy reference by file (symbol)

c:/ciaa/tools/arm-none-eabi-gcc/bin/../lib/gcc/arm-none-eabi/8.2.1/thumb/v7e-m+fp/hard\libgcc.a(_aeabi_uldivmod.o)
                              lpc_chip_43xx/src/uart_18xx_43xx.o (__aeabi_uldivmod)
c:/ciaa/tools/arm-none-eabi-gcc/bin/../lib/gcc/arm-none-eabi/8.2.1/thumb/v7e-m+fp/hard\libgcc.a(_udivmoddi4.o)
                              c:/ciaa/tools/arm-none-eabi-gcc/bin/../lib/gcc/arm-none-eabi/8.2.1/thumb/v7e-m+fp/hard\libgcc.a(_aeabi_uldivmod.o) (__udivmoddi4)
c:/ciaa/tools/arm-none-eabi-gcc/bin/../lib/gcc/arm-none-eabi/8.2.1/thumb/v7e-m+fp/hard\libgcc.a(_dvmd_tls.o)
                              c:/ciaa/tools/arm-none-eabi-gcc/bin/../lib/gcc/arm-none-eabi/8.2.1/thumb/v7e-m+fp/hard\libgcc.a(_aeabi_uldivmod.o) (__aeabi_ldiv0)
c:/ciaa/tools/arm-none-eabi-gcc/bin/../lib/gcc/arm-none-eabi/8.2.1/../../../../arm-none-eabi/lib/thumb/v7e-m+fp/hard\libc_nano.a(lib_a-memcpy-stub.o)
                              lpc_chip_43xx/src/ring_buffer.o (memcpy)
c:/ciaa/tools/arm-none-eabi-gcc/bin/../lib/gcc/arm-none-eabi/8.2.1/../../../../arm-none-eabi/lib/thumb/v7e-m+fp/hard\libc_nano.a(lib_a-memset.o)
                              lpc_chip_43xx/src/clock_18xx_43xx.o (memset)

Allocating common symbols
Common symbol       size              file

SystemCoreClock     0x4               lpc_chip_43xx/src/chip_18xx_43xx.o
boardStat           0x4               app/src/Drv_Devices.o
channelData         0x20              app/src/ADS131E08.o
regData             0x18              app/src/ADS131E08.o

Discarded input sections

 .group         0x00000000        0xc app/src/GPIO.o
 .group         0x00000000        0xc app/src/GPIO.o
 .group         0x00000000        0xc app/src/GPIO.o
 .group         0x00000000        0xc app/src/GPIO.o
 .group         0x00000000        0xc app/src/GPIO.o
 .group         0x00000000        0xc app/src/GPIO.o
 .group         0x00000000        0xc app/src/GPIO.o
 .group         0x00000000        0xc app/src/GPIO.o
 .group         0x00000000        0xc app/src/GPIO.o
 .group         0x00000000        0xc app/src/GPIO.o
 .group         0x00000000        0xc app/src/GPIO.o
 .group         0x00000000        0xc app/src/GPIO.o
 .group         0x00000000        0xc app/src/GPIO.o
 .group         0x00000000        0xc app/src/GPIO.o
 .group         0x00000000        0xc app/src/GPIO.o
 .group         0x00000000        0xc app/src/GPIO.o
 .group         0x00000000        0xc app/src/GPIO.o
 .group         0x00000000        0xc app/src/GPIO.o
 .group         0x00000000        0xc app/src/GPIO.o
 .group         0x00000000        0xc app/src/GPIO.o
 .group         0x00000000        0xc app/src/GPIO.o
 .group         0x00000000        0xc app/src/GPIO.o
 .group         0x00000000        0xc app/src/GPIO.o
 .group         0x00000000        0xc app/src/GPIO.o
 .group         0x00000000        0xc app/src/GPIO.o
 .group         0x00000000        0xc app/src/GPIO.o
 .group         0x00000000        0xc app/src/GPIO.o
 .group         0x00000000        0xc app/src/GPIO.o
 .group         0x00000000        0xc app/src/GPIO.o
 .group         0x00000000        0xc app/src/GPIO.o
 .group         0x00000000        0xc app/src/GPIO.o
 .group         0x00000000        0xc app/src/GPIO.o
 .group         0x00000000        0xc app/src/GPIO.o
 .group         0x00000000        0xc app/src/GPIO.o
 .group         0x00000000        0xc app/src/GPIO.o
 .group         0x00000000        0xc app/src/GPIO.o
 .group         0x00000000        0xc app/src/GPIO.o
 .group         0x00000000        0xc app/src/GPIO.o
 .group         0x00000000        0xc app/src/GPIO.o
 .group         0x00000000        0xc app/src/GPIO.o
 .group         0x00000000        0xc app/src/GPIO.o
 .group         0x00000000        0xc app/src/GPIO.o
 .group         0x00000000        0xc app/src/GPIO.o
 .group         0x00000000        0xc app/src/GPIO.o
 .group         0x00000000        0xc app/src/GPIO.o
 .group         0x00000000        0xc app/src/GPIO.o
 .group         0x00000000        0xc app/src/GPIO.o
 .group         0x00000000        0xc app/src/GPIO.o
 .group         0x00000000        0xc app/src/GPIO.o
 .group         0x00000000        0xc app/src/GPIO.o
 .group         0x00000000        0xc app/src/GPIO.o
 .group         0x00000000        0xc app/src/GPIO.o
 .group         0x00000000        0xc app/src/GPIO.o
 .group         0x00000000        0xc app/src/GPIO.o
 .text          0x00000000        0x0 app/src/GPIO.o
 .data          0x00000000        0x0 app/src/GPIO.o
 .bss           0x00000000        0x0 app/src/GPIO.o
 .text.GPIO_deInit
                0x00000000       0x10 app/src/GPIO.o
 .text.GPIO_setPinDir
                0x00000000       0x14 app/src/GPIO.o
 .text.GPIO_getPinDir
                0x00000000       0x18 app/src/GPIO.o
 .text.GPIO_setPinToggle
                0x00000000       0x18 app/src/GPIO.o
 .group         0x00000000        0xc app/src/UART.o
[...]
Memory Configuration

Name             Origin             Length             Attributes
MFlashA512       0x1a000000         0x00080000         xr
MFlashB512       0x1b000000         0x00080000         xr
RamLoc32         0x10000000         0x00008000         xrw
RamLoc40         0x10080000         0x0000a000         xrw
RamAHB32         0x20000000         0x00008000         xrw
RamAHB16         0x20008000         0x00004000         xrw
RamAHB_ETB16     0x2000c000         0x00004000         xrw
*default*        0x00000000         0xffffffff

Linker script and memory map

LOAD app/src/GPIO.o
LOAD app/src/UART.o
LOAD app/src/Drv_Devices.o
LOAD app/src/biopotenciales.o
LOAD app/src/SPI.o
LOAD app/src/ADS131E08.o
LOAD lpc_chip_43xx/src/evrt_18xx_43xx.o
LOAD lpc_chip_43xx/src/sysinit_18xx_43xx.o
LOAD lpc_chip_43xx/src/sdmmc_18xx_43xx.o
LOAD lpc_chip_43xx/src/fpu_init.o
LOAD lpc_chip_43xx/src/chip_18xx_43xx.o
LOAD lpc_chip_43xx/src/eeprom_18xx_43xx.o
LOAD lpc_chip_43xx/src/dac_18xx_43xx.o
LOAD lpc_chip_43xx/src/pinint_18xx_43xx.o
LOAD lpc_chip_43xx/src/wwdt_18xx_43xx.o
LOAD lpc_chip_43xx/src/i2cm_18xx_43xx.o
LOAD lpc_chip_43xx/src/timer_18xx_43xx.o
LOAD lpc_chip_43xx/src/sdio_18xx_43xx.o
LOAD lpc_chip_43xx/src/i2c_18xx_43xx.o
LOAD lpc_chip_43xx/src/atimer_18xx_43xx.o
LOAD lpc_chip_43xx/src/aes_18xx_43xx.o
LOAD lpc_chip_43xx/src/otp_18xx_43xx.o
LOAD lpc_chip_43xx/src/emc_18xx_43xx.o
LOAD lpc_chip_43xx/src/clock_18xx_43xx.o
LOAD lpc_chip_43xx/src/gpiogroup_18xx_43xx.o
LOAD lpc_chip_43xx/src/pmc_18xx_43xx.o
LOAD lpc_chip_43xx/src/ssp_18xx_43xx.o
LOAD lpc_chip_43xx/src/enet_18xx_43xx.o
LOAD lpc_chip_43xx/src/gpdma_18xx_43xx.o
LOAD lpc_chip_43xx/src/gpio_18xx_43xx.o
LOAD lpc_chip_43xx/src/spi_18xx_43xx.o
LOAD lpc_chip_43xx/src/rtc_18xx_43xx.o
LOAD lpc_chip_43xx/src/adc_18xx_43xx.o
LOAD lpc_chip_43xx/src/iap_18xx_43xx.o
LOAD lpc_chip_43xx/src/stopwatch_18xx_43xx.o
LOAD lpc_chip_43xx/src/sct_pwm_18xx_43xx.o
LOAD lpc_chip_43xx/src/sdif_18xx_43xx.o
LOAD lpc_chip_43xx/src/ccan_18xx_43xx.o
LOAD lpc_chip_43xx/src/ring_buffer.o
LOAD lpc_chip_43xx/src/uart_18xx_43xx.o
LOAD lpc_chip_43xx/src/lcd_18xx_43xx.o
LOAD lpc_chip_43xx/src/i2s_18xx_43xx.o
LOAD lpc_chip_43xx/src/ritimer_18xx_43xx.o
LOAD lpc_chip_43xx/src/sct_18xx_43xx.o
LOAD lpc_chip_43xx/src/hsadc_18xx_43xx.o
LOAD lpc_board_ciaa_edu_4337/src/sysinit.o
LOAD lpc_board_ciaa_edu_4337/src/system.o
LOAD lpc_board_ciaa_edu_4337/src/crp.o
LOAD lpc_board_ciaa_edu_4337/src/board_sysinit.o
LOAD lpc_board_ciaa_edu_4337/src/cr_startup_lpc43xx.o
LOAD lpc_board_ciaa_edu_4337/src/board.o
START GROUP
LOAD c:/ciaa/tools/arm-none-eabi-gcc/bin/../lib/gcc/arm-none-eabi/8.2.1/thumb/v7e-m+fp/hard\libgcc.a
LOAD c:/ciaa/tools/arm-none-eabi-gcc/bin/../lib/gcc/arm-none-eabi/8.2.1/../../../../arm-none-eabi/lib/thumb/v7e-m+fp/hard\libc_nano.a
END GROUP
START GROUP
LOAD c:/ciaa/tools/arm-none-eabi-gcc/bin/../lib/gcc/arm-none-eabi/8.2.1/thumb/v7e-m+fp/hard\libgcc.a
LOAD c:/ciaa/tools/arm-none-eabi-gcc/bin/../lib/gcc/arm-none-eabi/8.2.1/../../../../arm-none-eabi/lib/thumb/v7e-m+fp/hard\libc_nano.a
END GROUP
START GROUP
LOAD c:/ciaa/tools/arm-none-eabi-gcc/bin/../lib/gcc/arm-none-eabi/8.2.1/thumb/v7e-m+fp/hard\libgcc.a
LOAD c:/ciaa/tools/arm-none-eabi-gcc/bin/../lib/gcc/arm-none-eabi/8.2.1/../../../../arm-none-eabi/lib/thumb/v7e-m+fp/hard\libc.a
LOAD c:/ciaa/tools/arm-none-eabi-gcc/bin/../lib/gcc/arm-none-eabi/8.2.1/../../../../arm-none-eabi/lib/thumb/v7e-m+fp/hard\libm.a
END GROUP
                0x1a080000                __top_MFlashA512 = 0x1a080000
                0x1b080000                __top_MFlashB512 = 0x1b080000
                0x10008000                __top_RamLoc32 = 0x10008000
                0x1008a000                __top_RamLoc40 = 0x1008a000
                0x20008000                __top_RamAHB32 = 0x20008000
                0x2000c000                __top_RamAHB16 = 0x2000c000
                0x20010000                __top_RamAHB_ETB16 = 0x20010000

.text_Flash2    0x1b000000        0x0
 FILL mask 0xff
 *(.text_Flash2*)
 *(.text_MFlashB512*)
 *(.text.$Flash2*)
 *(.text.$MFlashB512*)
 *(.rodata.$Flash2*)
 *(.rodata.$MFlashB512*)

.text           0x1a000000     0x1bcc
 FILL mask 0xff
                0x1a000000                __vectors_start__ = ABSOLUTE (.)
 *(.isr_vector)
 .isr_vector    0x1a000000      0x114 lpc_board_ciaa_edu_4337/src/cr_startup_lpc43xx.o
                0x1a000000                g_pfnVectors
                0x1a000114                . = ALIGN (0x4)
                0x1a000114                __section_table_start = .
                0x1a000114                __data_section_table = .
                0x1a000114        0x4 LONG 0x1a001bd4 LOADADDR (.data)
                0x1a000118        0x4 LONG 0x10000000 ADDR (.data)
                0x1a00011c        0x4 LONG 0x0 SIZEOF (.data)
                0x1a000120        0x4 LONG 0x1a001bd4 LOADADDR (.data_RAM2)
                0x1a000124        0x4 LONG 0x10080000 ADDR (.data_RAM2)
                0x1a000128        0x4 LONG 0x0 SIZEOF (.data_RAM2)
                0x1a00012c        0x4 LONG 0x1a001bd4 LOADADDR (.data_RAM3)
                0x1a000130        0x4 LONG 0x20000000 ADDR (.data_RAM3)
                0x1a000134        0x4 LONG 0x0 SIZEOF (.data_RAM3)
                0x1a000138        0x4 LONG 0x1a001bd4 LOADADDR (.data_RAM4)
                0x1a00013c        0x4 LONG 0x20008000 ADDR (.data_RAM4)
                0x1a000140        0x4 LONG 0x0 SIZEOF (.data_RAM4)
                0x1a000144        0x4 LONG 0x1a001bd4 LOADADDR (.data_RAM5)
                0x1a000148        0x4 LONG 0x2000c000 ADDR (.data_RAM5)
                0x1a00014c        0x4 LONG 0x0 SIZEOF (.data_RAM5)
                0x1a000150                __data_section_table_end = .
                0x1a000150                __bss_section_table = .
                0x1a000150        0x4 LONG 0x10000000 ADDR (.bss)
                0x1a000154        0x4 LONG 0x50 SIZEOF (.bss)
                0x1a000158        0x4 LONG 0x10080000 ADDR (.bss_RAM2)
                0x1a00015c        0x4 LONG 0x0 SIZEOF (.bss_RAM2)
                0x1a000160        0x4 LONG 0x20000000 ADDR (.bss_RAM3)
                0x1a000164        0x4 LONG 0x0 SIZEOF (.bss_RAM3)
                0x1a000168        0x4 LONG 0x20008000 ADDR (.bss_RAM4)
                0x1a00016c        0x4 LONG 0x0 SIZEOF (.bss_RAM4)
                0x1a000170        0x4 LONG 0x2000c000 ADDR (.bss_RAM5)
                0x1a000174        0x4 LONG 0x0 SIZEOF (.bss_RAM5)
                0x1a000178                __bss_section_table_end = .
                0x1a000178                __section_table_end = .
 *(.after_vectors*)
 .after_vectors
                0x1a000178       0x44 lpc_board_ciaa_edu_4337/src/cr_startup_lpc43xx.o
                0x1a000178                NMI_Handler
                0x1a00017a                HardFault_Handler
                0x1a00017c                MemManage_Handler
                0x1a00017e                BusFault_Handler
                0x1a000180                UsageFault_Handler
                0x1a000182                SVC_Handler
                0x1a000184                DebugMon_Handler
                0x1a000186                PendSV_Handler
                0x1a00018a                ATIMER_IRQHandler
                0x1a00018a                SDIO_IRQHandler
                0x1a00018a                ADCHS_IRQHandler
                0x1a00018a                I2C1_IRQHandler
                0x1a00018a                UART1_IRQHandler
                0x1a00018a                GPIO5_IRQHandler
                0x1a00018a                CAN1_IRQHandler
                0x1a00018a                USB1_IRQHandler
                0x1a00018a                I2S0_IRQHandler
                0x1a00018a                TIMER3_IRQHandler
                0x1a00018a                UART0_IRQHandler
                0x1a00018a                GINT1_IRQHandler
                0x1a00018a                SGPIO_IRQHandler
                0x1a00018a                ADC0_IRQHandler
                0x1a00018a                RIT_IRQHandler
                0x1a00018a                FLASH_EEPROM_IRQHandler
                0x1a00018a                IntDefaultHandler
                0x1a00018a                GPIO1_IRQHandler
                0x1a00018a                SSP0_IRQHandler
                0x1a00018a                ADC1_IRQHandler
                0x1a00018a                RTC_IRQHandler
                0x1a00018a                TIMER0_IRQHandler
                0x1a00018a                SPI_IRQHandler
                0x1a00018a                LCD_IRQHandler
                0x1a00018a                M0APP_IRQHandler
                0x1a00018a                TIMER1_IRQHandler
                0x1a00018a                UART2_IRQHandler
                0x1a00018a                GPIO2_IRQHandler
                0x1a00018a                I2S1_IRQHandler
                0x1a00018a                SSP1_IRQHandler
                0x1a00018a                USB0_IRQHandler
                0x1a00018a                GPIO3_IRQHandler
                0x1a00018a                SCT_IRQHandler
                0x1a00018a                GPIO6_IRQHandler
                0x1a00018a                WDT_IRQHandler
                0x1a00018a                I2C0_IRQHandler
                0x1a00018a                GPIO7_IRQHandler
                0x1a00018a                SPIFI_IRQHandler
                0x1a00018a                QEI_IRQHandler
                0x1a00018a                ETH_IRQHandler
                0x1a00018a                CAN0_IRQHandler
                0x1a00018a                GINT0_IRQHandler
                0x1a00018a                DAC_IRQHandler
                0x1a00018a                M0SUB_IRQHandler
                0x1a00018a                GPIO0_IRQHandler
                0x1a00018a                DMA_IRQHandler
                0x1a00018a                EVRT_IRQHandler
                0x1a00018a                TIMER2_IRQHandler
                0x1a00018a                UART3_IRQHandler
                0x1a00018a                MCPWM_IRQHandler
                0x1a00018a                GPIO4_IRQHandler
                0x1a00018c                data_init
                0x1a0001aa                bss_init
                0x000002fc                . = 0x2fc
 *fill*         0x1a0001bc      0x140 ff
                0x1a0002fc                PROVIDE (__CRP_WORD_START__ = .)
 *(.crp)
 .crp           0x1a0002fc        0x4 lpc_board_ciaa_edu_4337/src/crp.o
                0x1a0002fc                CRP_WORD
                0x1a000300                PROVIDE (__CRP_WORD_END__ = .)
                0x00000001                ASSERT (! ((__CRP_WORD_START__ == __CRP_WORD_END__)), Linker CRP Enabled, but no CRP_WORD provided within application)
 *(.text*)
 .text.GPIO_init
                0x1a000300      0x10c app/src/GPIO.o
                0x1a000300                GPIO_init
 .text.GPIO_setPinState
                0x1a00040c        0xe app/src/GPIO.o
                0x1a00040c                GPIO_setPinState
 .text.GPIO_getPinState
                0x1a00041a       0x14 app/src/GPIO.o
                0x1a00041a                GPIO_getPinState
 .text.setLed   0x1a00042e       0x12 app/src/GPIO.o
                0x1a00042e                setLed
 .text.UART_setup
                0x1a000440       0x34 app/src/UART.o
                0x1a000440                UART_setup
 .text.UART_Send
                0x1a000474       0x14 app/src/UART.o
                0x1a000474                UART_Send
 .text.SysTick_Handler
                0x1a000488       0x10 app/src/Drv_Devices.o
                0x1a000488                SysTick_Handler
 .text.delayMs  0x1a000498       0x50 app/src/Drv_Devices.o
                0x1a000498                delayMs
 .text.delayUs  0x1a0004e8       0x50 app/src/Drv_Devices.o
                0x1a0004e8                delayUs
 .text.initHardware
                0x1a000538       0x54 app/src/biopotenciales.o
 .text.main     0x1a00058c      0x158 app/src/biopotenciales.o
                0x1a00058c                main
 .text.SPI_init
                0x1a0006e4       0x28 app/src/SPI.o
                0x1a0006e4                SPI_init
 .text.SPI_setup
                0x1a00070c       0x34 app/src/SPI.o
                0x1a00070c                SPI_setup
 .text.SPI_transfer
                0x1a000740       0x1c app/src/SPI.o
                0x1a000740                SPI_transfer
 .text.ADS131E08_signalDown
                0x1a00075c       0x28 app/src/ADS131E08.o
                0x1a00075c                ADS131E08_signalDown
 .text.ADS131E08_csLow
                0x1a000784        0xe app/src/ADS131E08.o
                0x1a000784                ADS131E08_csLow
 .text.ADS131E08_csHigh
                0x1a000792        0xe app/src/ADS131E08.o
                0x1a000792                ADS131E08_csHigh
 .text.ADS131E08_sendCommand
                0x1a0007a0       0x26 app/src/ADS131E08.o
                0x1a0007a0                ADS131E08_sendCommand
 *fill*         0x1a0007c6        0x2 ff
 .text.ADS131E08_RREG
                0x1a0007c8       0x4c app/src/ADS131E08.o
                0x1a0007c8                ADS131E08_RREG
 .text.ADS131E08_WREG
                0x1a000814       0x4c app/src/ADS131E08.o
                0x1a000814                ADS131E08_WREG
 .text.ADS131E08_initialize
                0x1a000860      0x17c app/src/ADS131E08.o
                0x1a000860                ADS131E08_initialize
 .text.ADS131E08_isDataAvailable
                0x1a0009dc       0x12 app/src/ADS131E08.o
                0x1a0009dc                ADS131E08_isDataAvailable
 *fill*         0x1a0009ee        0x2 ff
 .text.ADS131E08_getChannelData
                0x1a0009f0       0x8c app/src/ADS131E08.o
                0x1a0009f0                ADS131E08_getChannelData
 .text.Chip_SetupCoreClock
                0x1a000a7c      0x158 lpc_chip_43xx/src/sysinit_18xx_43xx.o
                0x1a000a7c                Chip_SetupCoreClock
 .text.fpuInit  0x1a000bd4       0x54 lpc_chip_43xx/src/fpu_init.o
                0x1a000bd4                fpuInit
 .text.SystemCoreClockUpdate
                0x1a000c28       0x14 lpc_chip_43xx/src/chip_18xx_43xx.o
                0x1a000c28                SystemCoreClockUpdate
 .text.pll_calc_divs
                0x1a000c3c       0xa0 lpc_chip_43xx/src/clock_18xx_43xx.o
 .text.pll_get_frac
                0x1a000cdc      0x100 lpc_chip_43xx/src/clock_18xx_43xx.o
 .text.Chip_Clock_FindBaseClock
                0x1a000ddc       0x4c lpc_chip_43xx/src/clock_18xx_43xx.o
 .text.Chip_Clock_EnableCrystal
                0x1a000e28       0x4c lpc_chip_43xx/src/clock_18xx_43xx.o
                0x1a000e28                Chip_Clock_EnableCrystal
 .text.Chip_Clock_GetDividerSource
                0x1a000e74       0x1c lpc_chip_43xx/src/clock_18xx_43xx.o
                0x1a000e74                Chip_Clock_GetDividerSource
 .text.Chip_Clock_GetDividerDivisor
                0x1a000e90       0x1c lpc_chip_43xx/src/clock_18xx_43xx.o
                0x1a000e90                Chip_Clock_GetDividerDivisor
 .text.Chip_Clock_GetClockInputHz
                0x1a000eac       0xb8 lpc_chip_43xx/src/clock_18xx_43xx.o
                0x1a000eac                Chip_Clock_GetClockInputHz
 .text.Chip_Clock_CalcMainPLLValue
                0x1a000f64       0x80 lpc_chip_43xx/src/clock_18xx_43xx.o
                0x1a000f64                Chip_Clock_CalcMainPLLValue
 .text.Chip_Clock_GetMainPLLHz
                0x1a000fe4       0x6c lpc_chip_43xx/src/clock_18xx_43xx.o
                0x1a000fe4                Chip_Clock_GetMainPLLHz
 .text.Chip_Clock_GetDivRate
                0x1a001050       0x22 lpc_chip_43xx/src/clock_18xx_43xx.o
 *fill*         0x1a001072        0x2 ff
 .text.Chip_Clock_SetBaseClock
                0x1a001074       0x58 lpc_chip_43xx/src/clock_18xx_43xx.o
                0x1a001074                Chip_Clock_SetBaseClock
 .text.Chip_Clock_GetBaseClock
                0x1a0010cc       0x26 lpc_chip_43xx/src/clock_18xx_43xx.o
                0x1a0010cc                Chip_Clock_GetBaseClock
 .text.Chip_Clock_GetBaseClocktHz
                0x1a0010f2        0xc lpc_chip_43xx/src/clock_18xx_43xx.o
                0x1a0010f2                Chip_Clock_GetBaseClocktHz
 *fill*         0x1a0010fe        0x2 ff
 .text.Chip_Clock_EnableOpts
                0x1a001100       0x3c lpc_chip_43xx/src/clock_18xx_43xx.o
                0x1a001100                Chip_Clock_EnableOpts
 .text.Chip_Clock_Enable
                0x1a00113c       0x34 lpc_chip_43xx/src/clock_18xx_43xx.o
                0x1a00113c                Chip_Clock_Enable
 .text.Chip_Clock_GetRate
                0x1a001170       0x4c lpc_chip_43xx/src/clock_18xx_43xx.o
                0x1a001170                Chip_Clock_GetRate
 .text.Chip_SSP_GetClockIndex
                0x1a0011bc       0x14 lpc_chip_43xx/src/ssp_18xx_43xx.o
 .text.Chip_SSP_GetPeriphClockIndex
                0x1a0011d0       0x18 lpc_chip_43xx/src/ssp_18xx_43xx.o
 .text.Chip_SSP_SetClockRate
                0x1a0011e8       0x12 lpc_chip_43xx/src/ssp_18xx_43xx.o
                0x1a0011e8                Chip_SSP_SetClockRate
 .text.Chip_SSP_SetMaster
                0x1a0011fa       0x16 lpc_chip_43xx/src/ssp_18xx_43xx.o
                0x1a0011fa                Chip_SSP_SetMaster
 .text.Chip_SSP_SetBitRate
                0x1a001210       0x3e lpc_chip_43xx/src/ssp_18xx_43xx.o
                0x1a001210                Chip_SSP_SetBitRate
 *fill*         0x1a00124e        0x2 ff
 .text.Chip_SSP_Init
                0x1a001250       0x38 lpc_chip_43xx/src/ssp_18xx_43xx.o
                0x1a001250                Chip_SSP_Init
 .text.Chip_GPIO_Init
                0x1a001288        0x2 lpc_chip_43xx/src/gpio_18xx_43xx.o
                0x1a001288                Chip_GPIO_Init
 .text.Chip_GPIO_SetPinDIR
                0x1a00128a       0x30 lpc_chip_43xx/src/gpio_18xx_43xx.o
                0x1a00128a                Chip_GPIO_SetPinDIR
 *fill*         0x1a0012ba        0x2 ff
 .text.Chip_UART_GetIndex
                0x1a0012bc       0x2c lpc_chip_43xx/src/uart_18xx_43xx.o
 .text.Chip_UART_Init
                0x1a0012e8       0x54 lpc_chip_43xx/src/uart_18xx_43xx.o
                0x1a0012e8                Chip_UART_Init
 .text.Chip_UART_Send
                0x1a00133c       0x28 lpc_chip_43xx/src/uart_18xx_43xx.o
                0x1a00133c                Chip_UART_Send
 .text.Chip_UART_SendBlocking
                0x1a001364       0x24 lpc_chip_43xx/src/uart_18xx_43xx.o
                0x1a001364                Chip_UART_SendBlocking
 .text.Chip_UART_SetBaud
                0x1a001388       0x40 lpc_chip_43xx/src/uart_18xx_43xx.o
                0x1a001388                Chip_UART_SetBaud
 .text.Chip_UART_SetBaudFDR
                0x1a0013c8       0xdc lpc_chip_43xx/src/uart_18xx_43xx.o
                0x1a0013c8                Chip_UART_SetBaudFDR
 .text.SystemInit
                0x1a0014a4        0xc lpc_board_ciaa_edu_4337/src/sysinit.o
                0x1a0014a4                SystemInit
 .text.Board_SetupMuxing
                0x1a0014b0       0x38 lpc_board_ciaa_edu_4337/src/board_sysinit.o
                0x1a0014b0                Board_SetupMuxing
 .text.Board_SetupClocking
                0x1a0014e8       0x6c lpc_board_ciaa_edu_4337/src/board_sysinit.o
                0x1a0014e8                Board_SetupClocking
 .text.Board_SystemInit
                0x1a001554        0xc lpc_board_ciaa_edu_4337/src/board_sysinit.o
                0x1a001554                Board_SystemInit
 .text.ResetISR
                0x1a001560       0x7c lpc_board_ciaa_edu_4337/src/cr_startup_lpc43xx.o
                0x1a001560                ResetISR
 .text.Board_LED_Init
                0x1a0015dc       0x44 lpc_board_ciaa_edu_4337/src/board.o
 .text.Board_TEC_Init
                0x1a001620       0x40 lpc_board_ciaa_edu_4337/src/board.o
 .text.Board_UART_Init
                0x1a001660       0x14 lpc_board_ciaa_edu_4337/src/board.o
                0x1a001660                Board_UART_Init
 .text.Board_Debug_Init
                0x1a001674       0x28 lpc_board_ciaa_edu_4337/src/board.o
                0x1a001674                Board_Debug_Init
 .text.Board_LED_Set
                0x1a00169c       0x28 lpc_board_ciaa_edu_4337/src/board.o
                0x1a00169c                Board_LED_Set
 .text.Board_LED_Test
                0x1a0016c4       0x2c lpc_board_ciaa_edu_4337/src/board.o
                0x1a0016c4                Board_LED_Test
 .text.Board_LED_Toggle
                0x1a0016f0       0x16 lpc_board_ciaa_edu_4337/src/board.o
                0x1a0016f0                Board_LED_Toggle
 *fill*         0x1a001706        0x2 ff
 .text.Board_TEC_GetStatus
                0x1a001708       0x2c lpc_board_ciaa_edu_4337/src/board.o
                0x1a001708                Board_TEC_GetStatus
 .text.Board_Init
                0x1a001734       0x2c lpc_board_ciaa_edu_4337/src/board.o
                0x1a001734                Board_Init
 .text          0x1a001760       0x30 c:/ciaa/tools/arm-none-eabi-gcc/bin/../lib/gcc/arm-none-eabi/8.2.1/thumb/v7e-m+fp/hard\libgcc.a(_aeabi_uldivmod.o)
                0x1a001760                __aeabi_uldivmod
 .text.__udivmoddi4
                0x1a001790      0x2d0 c:/ciaa/tools/arm-none-eabi-gcc/bin/../lib/gcc/arm-none-eabi/8.2.1/thumb/v7e-m+fp/hard\libgcc.a(_udivmoddi4.o)
                0x1a001790                __udivmoddi4
 .text          0x1a001a60        0x4 c:/ciaa/tools/arm-none-eabi-gcc/bin/../lib/gcc/arm-none-eabi/8.2.1/thumb/v7e-m+fp/hard\libgcc.a(_dvmd_tls.o)
                0x1a001a60                __aeabi_idiv0
                0x1a001a60                __aeabi_ldiv0
 .text.memset   0x1a001a64       0x10 c:/ciaa/tools/arm-none-eabi-gcc/bin/../lib/gcc/arm-none-eabi/8.2.1/../../../../arm-none-eabi/lib/thumb/v7e-m+fp/hard\libc_nano.a(lib_a-memset.o)
                0x1a001a64                memset
 *(.rodata .rodata.* .constdata .constdata.*)
 .rodata.InitClkStates
                0x1a001a74       0x48 lpc_chip_43xx/src/sysinit_18xx_43xx.o
 .rodata        0x1a001abc        0x4 lpc_chip_43xx/src/clock_18xx_43xx.o
 .rodata.Chip_Clock_SetDivider.str1.4
                0x1a001ac0        0x8 lpc_chip_43xx/src/clock_18xx_43xx.o
                                  0x6 (size before relaxing)
 .rodata.periph_to_base
                0x1a001ac8       0x6c lpc_chip_43xx/src/clock_18xx_43xx.o
 .rodata.UART_BClock
                0x1a001b34        0x8 lpc_chip_43xx/src/uart_18xx_43xx.o
 .rodata.UART_PClock
                0x1a001b3c        0x8 lpc_chip_43xx/src/uart_18xx_43xx.o
 .rodata.InitClkStates
                0x1a001b44        0xc lpc_board_ciaa_edu_4337/src/board_sysinit.o
 .rodata.pinmuxing
                0x1a001b50       0x60 lpc_board_ciaa_edu_4337/src/board_sysinit.o
 .rodata.ExtRateIn
                0x1a001bb0        0x4 lpc_board_ciaa_edu_4337/src/board.o
                0x1a001bb0                ExtRateIn
 .rodata.GpioButtons
                0x1a001bb4        0x8 lpc_board_ciaa_edu_4337/src/board.o
 .rodata.OscRateIn
                0x1a001bbc        0x4 lpc_board_ciaa_edu_4337/src/board.o
                0x1a001bbc                OscRateIn
 .rodata.gpioLEDBits
                0x1a001bc0        0xc lpc_board_ciaa_edu_4337/src/board.o
                0x1a001bcc                . = ALIGN (0x4)

.glue_7         0x1a001bcc        0x0
 .glue_7        0x1a001bcc        0x0 linker stubs

.glue_7t        0x1a001bcc        0x0
 .glue_7t       0x1a001bcc        0x0 linker stubs

.vfp11_veneer   0x1a001bcc        0x0
 .vfp11_veneer  0x1a001bcc        0x0 linker stubs

.v4_bx          0x1a001bcc        0x0
 .v4_bx         0x1a001bcc        0x0 linker stubs

.iplt           0x1a001bcc        0x0
 .iplt          0x1a001bcc        0x0 app/src/GPIO.o

.ARM.extab
 *(.ARM.extab* .gnu.linkonce.armextab.*)
                0x1a001bcc                __exidx_start = .

.ARM.exidx      0x1a001bcc        0x8
 *(.ARM.exidx* .gnu.linkonce.armexidx.*)
 .ARM.exidx.text.__udivmoddi4
                0x1a001bcc        0x8 c:/ciaa/tools/arm-none-eabi-gcc/bin/../lib/gcc/arm-none-eabi/8.2.1/thumb/v7e-m+fp/hard\libgcc.a(_udivmoddi4.o)
                0x1a001bd4                __exidx_end = .
                0x1a001bd4                _etext = .

.rel.dyn        0x1a001bd4        0x0
 .rel.iplt      0x1a001bd4        0x0 app/src/GPIO.o

.data_RAM2      0x10080000        0x0 load address 0x1a001bd4
 FILL mask 0xff
 *(.ramfunc.$RAM2)
 *(.ramfunc.$RamLoc40)
 *(.data.$RAM2*)
 *(.data.$RamLoc40*)
                0x10080000                . = ALIGN (0x4)

.data_RAM3      0x20000000        0x0 load address 0x1a001bd4
 FILL mask 0xff
 *(.ramfunc.$RAM3)
 *(.ramfunc.$RamAHB32)
 *(.data.$RAM3*)
 *(.data.$RamAHB32*)
                0x20000000                . = ALIGN (0x4)

.data_RAM4      0x20008000        0x0 load address 0x1a001bd4
 FILL mask 0xff
 *(.ramfunc.$RAM4)
 *(.ramfunc.$RamAHB16)
 *(.data.$RAM4*)
 *(.data.$RamAHB16*)
                0x20008000                . = ALIGN (0x4)

.data_RAM5      0x2000c000        0x0 load address 0x1a001bd4
 FILL mask 0xff
 *(.ramfunc.$RAM5)
 *(.ramfunc.$RamAHB_ETB16)
 *(.data.$RAM5*)
 *(.data.$RamAHB_ETB16*)
                0x2000c000                . = ALIGN (0x4)

.uninit_RESERVED
                0x10000000        0x0
 *(.bss.$RESERVED*)
                0x10000000                . = ALIGN (0x4)
                0x10000000                _end_uninit_RESERVED = .

.data           0x10000000        0x0 load address 0x1a001bd4
 FILL mask 0xff
                0x10000000                _data = .
 *(vtable)
 *(.ramfunc*)
 *(.data*)
                0x10000000                . = ALIGN (0x4)
                0x10000000                _edata = .

.igot.plt       0x10000000        0x0 load address 0x1a001bd4
 .igot.plt      0x10000000        0x0 app/src/GPIO.o

.bss_RAM2       0x10080000        0x0
 *(.bss.$RAM2*)
 *(.bss.$RamLoc40*)
                0x10080000                . = ALIGN (0x4)

.bss_RAM3       0x20000000        0x0
 *(.bss.$RAM3*)
 *(.bss.$RamAHB32*)
                0x20000000                . = ALIGN (0x4)

.bss_RAM4       0x20008000        0x0
 *(.bss.$RAM4*)
 *(.bss.$RamAHB16*)
                0x20008000                . = ALIGN (0x4)

.bss_RAM5       0x2000c000        0x0
 *(.bss.$RAM5*)
 *(.bss.$RamAHB_ETB16*)
                0x2000c000                . = ALIGN (0x4)

.bss            0x10000000       0x50
                0x10000000                _bss = .
 *(.bss*)
 .bss.tick_ct   0x10000000        0x4 app/src/Drv_Devices.o
 .bss.firstDataPacket
                0x10000004        0x1 app/src/ADS131E08.o
                0x10000004                firstDataPacket
 .bss.sampleCnt
                0x10000005        0x1 app/src/ADS131E08.o
                0x10000005                sampleCnt
 .bss.sampleCounter
                0x10000006        0x1 app/src/ADS131E08.o
                0x10000006                sampleCounter
 *fill*         0x10000007        0x1 
 .bss.audio_usb_pll_freq
                0x10000008        0x8 lpc_chip_43xx/src/clock_18xx_43xx.o
 *(COMMON)
 COMMON         0x10000010        0x4 app/src/Drv_Devices.o
                0x10000010                boardStat
 COMMON         0x10000014       0x38 app/src/ADS131E08.o
                0x10000014                channelData
                0x10000034                regData
 COMMON         0x1000004c        0x4 lpc_chip_43xx/src/chip_18xx_43xx.o
                0x1000004c                SystemCoreClock
                0x10000050                . = ALIGN (0x4)
                0x10000050                _ebss = .
                [!provide]                PROVIDE (end = .)

.noinit_RAM2    0x10080000        0x0
 *(.noinit.$RAM2*)
 *(.noinit.$RamLoc40*)
                0x10080000                . = ALIGN (0x4)

.noinit_RAM3    0x20000000        0x0
 *(.noinit.$RAM3*)
 *(.noinit.$RamAHB32*)
                0x20000000                . = ALIGN (0x4)

.noinit_RAM4    0x20008000        0x0
 *(.noinit.$RAM4*)
 *(.noinit.$RamAHB16*)
                0x20008000                . = ALIGN (0x4)

.noinit_RAM5    0x2000c000        0x0
 *(.noinit.$RAM5*)
 *(.noinit.$RamAHB_ETB16*)
                0x2000c000                . = ALIGN (0x4)

.noinit         0x10000050        0x0
                0x10000050                _noinit = .
 *(.noinit*)
                0x10000050                . = ALIGN (0x4)
                0x10000050                _end_noinit = .
                0x10000050                PROVIDE (_pvHeapStart = .)
                0x10008000                PROVIDE (_vStackTop = (__top_RamLoc32 - 0x0))
OUTPUT(biopotenciales.elf elf32-littlearm)

.debug_info     0x00000000    0x1206f
 .debug_info    0x00000000     0x1234 app/src/GPIO.o
 .debug_info    0x00001234      0x8f1 app/src/UART.o
 .debug_info    0x00001b25     0x179c app/src/Drv_Devices.o
 .debug_info    0x000032c1     0x14a8 app/src/biopotenciales.o
 .debug_info    0x00004769      0x780 app/src/SPI.o
 .debug_info    0x00004ee9     0x1a67 app/src/ADS131E08.o
 .debug_info    0x00006950      0xb94 lpc_chip_43xx/src/sysinit_18xx_43xx.o
 .debug_info    0x000074e4      0x156 lpc_chip_43xx/src/fpu_init.o
 .debug_info    0x0000763a      0xc97 lpc_chip_43xx/src/chip_18xx_43xx.o
 .debug_info    0x000082d1     0x1b68 lpc_chip_43xx/src/clock_18xx_43xx.o
 .debug_info    0x00009e39     0x1a33 lpc_chip_43xx/src/ssp_18xx_43xx.o
 .debug_info    0x0000b86c      0x568 lpc_chip_43xx/src/gpio_18xx_43xx.o
 .debug_info    0x0000bdd4     0x1981 lpc_chip_43xx/src/uart_18xx_43xx.o
 .debug_info    0x0000d755      0x9e3 lpc_board_ciaa_edu_4337/src/sysinit.o
 .debug_info    0x0000e138       0x40 lpc_board_ciaa_edu_4337/src/crp.o
 .debug_info    0x0000e178     0x15bc lpc_board_ciaa_edu_4337/src/board_sysinit.o
 .debug_info    0x0000f734      0x33f lpc_board_ciaa_edu_4337/src/cr_startup_lpc43xx.o
 .debug_info    0x0000fa73     0x25fc lpc_board_ciaa_edu_4337/src/board.o

.debug_abbrev   0x00000000     0x2ff2
 .debug_abbrev  0x00000000      0x262 app/src/GPIO.o
 .debug_abbrev  0x00000262      0x2a8 app/src/UART.o
 .debug_abbrev  0x0000050a      0x424 app/src/Drv_Devices.o
 .debug_abbrev  0x0000092e      0x338 app/src/biopotenciales.o
 .debug_abbrev  0x00000c66      0x26f app/src/SPI.o
 .debug_abbrev  0x00000ed5      0x3ad app/src/ADS131E08.o
 .debug_abbrev  0x00001282      0x250 lpc_chip_43xx/src/sysinit_18xx_43xx.o
 .debug_abbrev  0x000014d2       0xb1 lpc_chip_43xx/src/fpu_init.o
 .debug_abbrev  0x00001583      0x1ee lpc_chip_43xx/src/chip_18xx_43xx.o
 .debug_abbrev  0x00001771      0x3ef lpc_chip_43xx/src/clock_18xx_43xx.o
 .debug_abbrev  0x00001b60      0x38a lpc_chip_43xx/src/ssp_18xx_43xx.o
 .debug_abbrev  0x00001eea      0x1af lpc_chip_43xx/src/gpio_18xx_43xx.o
 .debug_abbrev  0x00002099      0x42c lpc_chip_43xx/src/uart_18xx_43xx.o
 .debug_abbrev  0x000024c5      0x20a lpc_board_ciaa_edu_4337/src/sysinit.o
 .debug_abbrev  0x000026cf       0x38 lpc_board_ciaa_edu_4337/src/crp.o
 .debug_abbrev  0x00002707      0x356 lpc_board_ciaa_edu_4337/src/board_sysinit.o
 .debug_abbrev  0x00002a5d      0x130 lpc_board_ciaa_edu_4337/src/cr_startup_lpc43xx.o
 .debug_abbrev  0x00002b8d      0x465 lpc_board_ciaa_edu_4337/src/board.o

.debug_loc      0x00000000     0x5910
 .debug_loc     0x00000000      0xbf0 app/src/GPIO.o
 .debug_loc     0x00000bf0      0x2b4 app/src/UART.o
 .debug_loc     0x00000ea4      0x14f app/src/Drv_Devices.o
 .debug_loc     0x00000ff3       0x86 app/src/biopotenciales.o
 .debug_loc     0x00001079      0x178 app/src/SPI.o
 .debug_loc     0x000011f1      0x2a7 app/src/ADS131E08.o
 .debug_loc     0x00001498      0x15a lpc_chip_43xx/src/sysinit_18xx_43xx.o
 .debug_loc     0x000015f2       0x31 lpc_chip_43xx/src/fpu_init.o
 .debug_loc     0x00001623     0x1505 lpc_chip_43xx/src/clock_18xx_43xx.o
 .debug_loc     0x00002b28      0xfd3 lpc_chip_43xx/src/ssp_18xx_43xx.o
 .debug_loc     0x00003afb      0x39e lpc_chip_43xx/src/gpio_18xx_43xx.o
 .debug_loc     0x00003e99      0xf38 lpc_chip_43xx/src/uart_18xx_43xx.o
 .debug_loc     0x00004dd1       0xd9 lpc_board_ciaa_edu_4337/src/board_sysinit.o
 .debug_loc     0x00004eaa      0x282 lpc_board_ciaa_edu_4337/src/cr_startup_lpc43xx.o
 .debug_loc     0x0000512c      0x7e4 lpc_board_ciaa_edu_4337/src/board.o

.debug_aranges  0x00000000      0x6b8
 .debug_aranges
                0x00000000       0x58 app/src/GPIO.o
 .debug_aranges
                0x00000058       0x48 app/src/UART.o
 .debug_aranges
                0x000000a0       0x50 app/src/Drv_Devices.o
 .debug_aranges
                0x000000f0       0x28 app/src/biopotenciales.o
 .debug_aranges
                0x00000118       0x48 app/src/SPI.o
 .debug_aranges
                0x00000160       0x88 app/src/ADS131E08.o
 .debug_aranges
                0x000001e8       0x38 lpc_chip_43xx/src/sysinit_18xx_43xx.o
 .debug_aranges
                0x00000220       0x20 lpc_chip_43xx/src/fpu_init.o
 .debug_aranges
                0x00000240       0x38 lpc_chip_43xx/src/chip_18xx_43xx.o
 .debug_aranges
                0x00000278      0x128 lpc_chip_43xx/src/clock_18xx_43xx.o
 .debug_aranges
                0x000003a0       0xa0 lpc_chip_43xx/src/ssp_18xx_43xx.o
 .debug_aranges
                0x00000440       0x48 lpc_chip_43xx/src/gpio_18xx_43xx.o
 .debug_aranges
                0x00000488       0xa8 lpc_chip_43xx/src/uart_18xx_43xx.o
 .debug_aranges
                0x00000530       0x20 lpc_board_ciaa_edu_4337/src/sysinit.o
 .debug_aranges
                0x00000550       0x18 lpc_board_ciaa_edu_4337/src/crp.o
 .debug_aranges
                0x00000568       0x30 lpc_board_ciaa_edu_4337/src/board_sysinit.o
 .debug_aranges
                0x00000598       0x80 lpc_board_ciaa_edu_4337/src/cr_startup_lpc43xx.o
 .debug_aranges
                0x00000618       0xa0 lpc_board_ciaa_edu_4337/src/board.o

.debug_ranges   0x00000000      0x820
 .debug_ranges  0x00000000      0x1b0 app/src/GPIO.o
 .debug_ranges  0x000001b0       0x68 app/src/UART.o
 .debug_ranges  0x00000218       0x40 app/src/Drv_Devices.o
 .debug_ranges  0x00000258       0x18 app/src/biopotenciales.o
 .debug_ranges  0x00000270       0x38 app/src/SPI.o
 .debug_ranges  0x000002a8       0x78 app/src/ADS131E08.o
 .debug_ranges  0x00000320       0x28 lpc_chip_43xx/src/sysinit_18xx_43xx.o
 .debug_ranges  0x00000348       0x10 lpc_chip_43xx/src/fpu_init.o
 .debug_ranges  0x00000358       0x28 lpc_chip_43xx/src/chip_18xx_43xx.o
 .debug_ranges  0x00000380      0x198 lpc_chip_43xx/src/clock_18xx_43xx.o
 .debug_ranges  0x00000518       0xc0 lpc_chip_43xx/src/ssp_18xx_43xx.o
 .debug_ranges  0x000005d8       0x38 lpc_chip_43xx/src/gpio_18xx_43xx.o
 .debug_ranges  0x00000610       0xb0 lpc_chip_43xx/src/uart_18xx_43xx.o
 .debug_ranges  0x000006c0       0x10 lpc_board_ciaa_edu_4337/src/sysinit.o
 .debug_ranges  0x000006d0       0x38 lpc_board_ciaa_edu_4337/src/board_sysinit.o
 .debug_ranges  0x00000708       0x70 lpc_board_ciaa_edu_4337/src/cr_startup_lpc43xx.o
 .debug_ranges  0x00000778       0xa8 lpc_board_ciaa_edu_4337/src/board.o

.debug_macro    0x00000000     0x9994
 .debug_macro   0x00000000      0x314 app/src/GPIO.o
 .debug_macro   0x00000314      0xa9c app/src/GPIO.o
 .debug_macro   0x00000db0       0x22 app/src/GPIO.o
 .debug_macro   0x00000dd2       0x8e app/src/GPIO.o
 .debug_macro   0x00000e60       0x51 app/src/GPIO.o
 .debug_macro   0x00000eb1       0xef app/src/GPIO.o
 .debug_macro   0x00000fa0       0x6a app/src/GPIO.o
 .debug_macro   0x0000100a      0x1df app/src/GPIO.o
 .debug_macro   0x000011e9       0x22 app/src/GPIO.o
 .debug_macro   0x0000120b       0x66 app/src/GPIO.o
 .debug_macro   0x00001271       0x94 app/src/GPIO.o
 .debug_macro   0x00001305       0x10 app/src/GPIO.o
 .debug_macro   0x00001315       0x28 app/src/GPIO.o
 .debug_macro   0x0000133d       0x3b app/src/GPIO.o
 .debug_macro   0x00001378       0x2d app/src/GPIO.o
 .debug_macro   0x000013a5       0x42 app/src/GPIO.o
 .debug_macro   0x000013e7      0xd39 app/src/GPIO.o
 .debug_macro   0x00002120      0x2bc app/src/GPIO.o
 .debug_macro   0x000023dc      0x112 app/src/GPIO.o
 .debug_macro   0x000024ee       0x11 app/src/GPIO.o
 .debug_macro   0x000024ff       0x2a app/src/GPIO.o
 .debug_macro   0x00002529       0x16 app/src/GPIO.o
 .debug_macro   0x0000253f      0x2e6 app/src/GPIO.o
 .debug_macro   0x00002825       0x82 app/src/GPIO.o
 .debug_macro   0x000028a7      0x13d app/src/GPIO.o
 .debug_macro   0x000029e4      0x198 app/src/GPIO.o
 .debug_macro   0x00002b7c       0x34 app/src/GPIO.o
 .debug_macro   0x00002bb0       0x58 app/src/GPIO.o
 .debug_macro   0x00002c08      0x236 app/src/GPIO.o
 .debug_macro   0x00002e3e      0x572 app/src/GPIO.o
 .debug_macro   0x000033b0       0x16 app/src/GPIO.o
 .debug_macro   0x000033c6      0x18a app/src/GPIO.o
 .debug_macro   0x00003550       0x88 app/src/GPIO.o
 .debug_macro   0x000035d8      0x1b9 app/src/GPIO.o
 .debug_macro   0x00003791      0x1da app/src/GPIO.o
 .debug_macro   0x0000396b       0x40 app/src/GPIO.o
 .debug_macro   0x000039ab       0x1c app/src/GPIO.o
 .debug_macro   0x000039c7       0x2e app/src/GPIO.o
 .debug_macro   0x000039f5       0x2e app/src/GPIO.o
 .debug_macro   0x00003a23       0x22 app/src/GPIO.o
 .debug_macro   0x00003a45      0x201 app/src/GPIO.o
 .debug_macro   0x00003c46       0xe0 app/src/GPIO.o
 .debug_macro   0x00003d26      0x34c app/src/GPIO.o
 .debug_macro   0x00004072       0xdc app/src/GPIO.o
 .debug_macro   0x0000414e       0xc4 app/src/GPIO.o
 .debug_macro   0x00004212       0x94 app/src/GPIO.o
 .debug_macro   0x000042a6       0xb8 app/src/GPIO.o
 .debug_macro   0x0000435e       0x4c app/src/GPIO.o
 .debug_macro   0x000043aa       0x16 app/src/GPIO.o
 .debug_macro   0x000043c0      0x328 app/src/GPIO.o
 .debug_macro   0x000046e8       0x3a app/src/GPIO.o
 .debug_macro   0x00004722       0xd0 app/src/GPIO.o
 .debug_macro   0x000047f2       0x18 app/src/GPIO.o
 .debug_macro   0x0000480a       0x22 app/src/GPIO.o
 .debug_macro   0x0000482c       0x40 app/src/GPIO.o
 .debug_macro   0x0000486c      0x314 app/src/UART.o
 .debug_macro   0x00004b80       0x28 app/src/UART.o
 .debug_macro   0x00004ba8      0x4cd app/src/Drv_Devices.o
 .debug_macro   0x00005075       0x28 app/src/Drv_Devices.o
 .debug_macro   0x0000509d       0x2e app/src/Drv_Devices.o
 .debug_macro   0x000050cb      0x689 app/src/Drv_Devices.o
 .debug_macro   0x00005754       0x9a app/src/Drv_Devices.o
 .debug_macro   0x000057ee       0x64 app/src/Drv_Devices.o
 .debug_macro   0x00005852       0x18 app/src/Drv_Devices.o
 .debug_macro   0x0000586a       0x35 app/src/Drv_Devices.o
 .debug_macro   0x0000589f       0x34 app/src/Drv_Devices.o
 .debug_macro   0x000058d3       0x16 app/src/Drv_Devices.o
 .debug_macro   0x000058e9       0x97 app/src/Drv_Devices.o
 .debug_macro   0x00005980      0x339 app/src/Drv_Devices.o
 .debug_macro   0x00005cb9       0xfd app/src/Drv_Devices.o
 .debug_macro   0x00005db6       0x10 app/src/Drv_Devices.o
 .debug_macro   0x00005dc6       0x58 app/src/Drv_Devices.o
 .debug_macro   0x00005e1e       0x1f app/src/Drv_Devices.o
 .debug_macro   0x00005e3d       0x43 app/src/Drv_Devices.o
 .debug_macro   0x00005e80       0x20 app/src/Drv_Devices.o
 .debug_macro   0x00005ea0      0x18e app/src/Drv_Devices.o
 .debug_macro   0x0000602e       0x10 app/src/Drv_Devices.o
 .debug_macro   0x0000603e       0x1c app/src/Drv_Devices.o
 .debug_macro   0x0000605a       0x52 app/src/Drv_Devices.o
 .debug_macro   0x000060ac       0x40 app/src/Drv_Devices.o
 .debug_macro   0x000060ec       0x10 app/src/Drv_Devices.o
 .debug_macro   0x000060fc       0x40 app/src/Drv_Devices.o
 .debug_macro   0x0000613c       0xd7 app/src/Drv_Devices.o
 .debug_macro   0x00006213       0x1c app/src/Drv_Devices.o
 .debug_macro   0x0000622f       0x3d app/src/Drv_Devices.o
 .debug_macro   0x0000626c       0x16 app/src/Drv_Devices.o
 .debug_macro   0x00006282      0x16f app/src/Drv_Devices.o
 .debug_macro   0x000063f1       0x20 app/src/Drv_Devices.o
 .debug_macro   0x00006411       0x11 app/src/Drv_Devices.o
 .debug_macro   0x00006422       0x16 app/src/Drv_Devices.o
 .debug_macro   0x00006438       0x35 app/src/Drv_Devices.o
 .debug_macro   0x0000646d       0x16 app/src/Drv_Devices.o
 .debug_macro   0x00006483       0x29 app/src/Drv_Devices.o
 .debug_macro   0x000064ac      0x4c4 app/src/biopotenciales.o
 .debug_macro   0x00006970       0x5e app/src/biopotenciales.o
 .debug_macro   0x000069ce       0x20 app/src/biopotenciales.o
 .debug_macro   0x000069ee       0x10 app/src/biopotenciales.o
 .debug_macro   0x000069fe      0x31e app/src/SPI.o
 .debug_macro   0x00006d1c      0x4d6 app/src/ADS131E08.o
 .debug_macro   0x000071f2      0x683 app/src/ADS131E08.o
 .debug_macro   0x00007875       0x2e app/src/ADS131E08.o
 .debug_macro   0x000078a3      0x301 lpc_chip_43xx/src/sysinit_18xx_43xx.o
 .debug_macro   0x00007ba4       0xe7 lpc_chip_43xx/src/fpu_init.o
 .debug_macro   0x00007c8b      0x301 lpc_chip_43xx/src/chip_18xx_43xx.o
 .debug_macro   0x00007f8c      0x307 lpc_chip_43xx/src/clock_18xx_43xx.o
 .debug_macro   0x00008293      0x301 lpc_chip_43xx/src/ssp_18xx_43xx.o
 .debug_macro   0x00008594      0x301 lpc_chip_43xx/src/gpio_18xx_43xx.o
 .debug_macro   0x00008895      0x301 lpc_chip_43xx/src/uart_18xx_43xx.o
 .debug_macro   0x00008b96      0x47f lpc_board_ciaa_edu_4337/src/sysinit.o
 .debug_macro   0x00009015       0x17 lpc_board_ciaa_edu_4337/src/crp.o
 .debug_macro   0x0000902c      0x47f lpc_board_ciaa_edu_4337/src/board_sysinit.o
 .debug_macro   0x000094ab       0x1d lpc_board_ciaa_edu_4337/src/cr_startup_lpc43xx.o
 .debug_macro   0x000094c8      0x4b6 lpc_board_ciaa_edu_4337/src/board.o
 .debug_macro   0x0000997e       0x16 lpc_board_ciaa_edu_4337/src/board.o

.debug_line     0x00000000     0xa420
 .debug_line    0x00000000      0x97d app/src/GPIO.o
 .debug_line    0x0000097d      0x78a app/src/UART.o
 .debug_line    0x00001107      0x9b4 app/src/Drv_Devices.o
 .debug_line    0x00001abb      0x8fa app/src/biopotenciales.o
 .debug_line    0x000023b5      0x7b1 app/src/SPI.o
 .debug_line    0x00002b66      0xb8b app/src/ADS131E08.o
 .debug_line    0x000036f1      0x893 lpc_chip_43xx/src/sysinit_18xx_43xx.o
 .debug_line    0x00003f84      0x2ae lpc_chip_43xx/src/fpu_init.o
 .debug_line    0x00004232      0x6f1 lpc_chip_43xx/src/chip_18xx_43xx.o
 .debug_line    0x00004923     0x1389 lpc_chip_43xx/src/clock_18xx_43xx.o
 .debug_line    0x00005cac     0x11a1 lpc_chip_43xx/src/ssp_18xx_43xx.o
 .debug_line    0x00006e4d      0x78b lpc_chip_43xx/src/gpio_18xx_43xx.o
 .debug_line    0x000075d8      0xe23 lpc_chip_43xx/src/uart_18xx_43xx.o
 .debug_line    0x000083fb      0x7c1 lpc_board_ciaa_edu_4337/src/sysinit.o
 .debug_line    0x00008bbc       0x42 lpc_board_ciaa_edu_4337/src/crp.o
 .debug_line    0x00008bfe      0x8a3 lpc_board_ciaa_edu_4337/src/board_sysinit.o
 .debug_line    0x000094a1      0x24b lpc_board_ciaa_edu_4337/src/cr_startup_lpc43xx.o
 .debug_line    0x000096ec      0xd34 lpc_board_ciaa_edu_4337/src/board.o

.debug_str      0x00000000    0x1e91a
 .debug_str     0x00000000    0x151cf app/src/GPIO.o
                              0x153ce (size before relaxing)
 .debug_str     0x000151cf      0x1d9 app/src/UART.o
                              0x15385 (size before relaxing)
 .debug_str     0x000153a8     0x7401 app/src/Drv_Devices.o
                              0x1c78f (size before relaxing)
 .debug_str     0x0001c7a9      0x24e app/src/biopotenciales.o
                              0x1be17 (size before relaxing)
 .debug_str     0x0001c9f7      0x2e6 app/src/SPI.o
                              0x154fa (size before relaxing)
 .debug_str     0x0001ccdd      0x120 app/src/ADS131E08.o
                              0x1c447 (size before relaxing)
 .debug_str     0x0001cdfd      0x345 lpc_chip_43xx/src/sysinit_18xx_43xx.o
                              0x15e10 (size before relaxing)
 .debug_str     0x0001d142       0xc0 lpc_chip_43xx/src/fpu_init.o
                               0x996f (size before relaxing)
 .debug_str     0x0001d202      0x212 lpc_chip_43xx/src/chip_18xx_43xx.o
                              0x15eb2 (size before relaxing)
 .debug_str     0x0001d414      0x422 lpc_chip_43xx/src/clock_18xx_43xx.o
                              0x16385 (size before relaxing)
 .debug_str     0x0001d836      0x415 lpc_chip_43xx/src/ssp_18xx_43xx.o
                              0x15b53 (size before relaxing)
 .debug_str     0x0001dc4b       0xe7 lpc_chip_43xx/src/gpio_18xx_43xx.o
                              0x15200 (size before relaxing)
 .debug_str     0x0001dd32      0x35d lpc_chip_43xx/src/uart_18xx_43xx.o
                              0x15fc2 (size before relaxing)
 .debug_str     0x0001e08f       0x41 lpc_board_ciaa_edu_4337/src/sysinit.o
                              0x193a6 (size before relaxing)
 .debug_str     0x0001e0d0       0x41 lpc_board_ciaa_edu_4337/src/crp.o
                               0x2e0f (size before relaxing)
 .debug_str     0x0001e111       0xc9 lpc_board_ciaa_edu_4337/src/board_sysinit.o
                              0x1a17f (size before relaxing)
 .debug_str     0x0001e1da      0x1f7 lpc_board_ciaa_edu_4337/src/cr_startup_lpc43xx.o
                               0x2ff0 (size before relaxing)
 .debug_str     0x0001e3d1      0x549 lpc_board_ciaa_edu_4337/src/board.o
                              0x1a674 (size before relaxing)

.comment        0x00000000       0x68
 .comment       0x00000000       0x68 app/src/GPIO.o
                                 0x69 (size before relaxing)
 .comment       0x00000068       0x69 app/src/UART.o
 .comment       0x00000068       0x69 app/src/Drv_Devices.o
 .comment       0x00000068       0x69 app/src/biopotenciales.o
 .comment       0x00000068       0x69 app/src/SPI.o
 .comment       0x00000068       0x69 app/src/ADS131E08.o
 .comment       0x00000068       0x69 lpc_chip_43xx/src/sysinit_18xx_43xx.o
 .comment       0x00000068       0x69 lpc_chip_43xx/src/fpu_init.o
 .comment       0x00000068       0x69 lpc_chip_43xx/src/chip_18xx_43xx.o
 .comment       0x00000068       0x69 lpc_chip_43xx/src/clock_18xx_43xx.o
 .comment       0x00000068       0x69 lpc_chip_43xx/src/ssp_18xx_43xx.o
 .comment       0x00000068       0x69 lpc_chip_43xx/src/gpio_18xx_43xx.o
 .comment       0x00000068       0x69 lpc_chip_43xx/src/uart_18xx_43xx.o
 .comment       0x00000068       0x69 lpc_board_ciaa_edu_4337/src/sysinit.o
 .comment       0x00000068       0x69 lpc_board_ciaa_edu_4337/src/crp.o
 .comment       0x00000068       0x69 lpc_board_ciaa_edu_4337/src/board_sysinit.o
 .comment       0x00000068       0x69 lpc_board_ciaa_edu_4337/src/cr_startup_lpc43xx.o
 .comment       0x00000068       0x69 lpc_board_ciaa_edu_4337/src/board.o

.ARM.attributes
                0x00000000       0x34
 .ARM.attributes
                0x00000000       0x34 app/src/GPIO.o
 .ARM.attributes
                0x00000034       0x34 app/src/UART.o
 .ARM.attributes
                0x00000068       0x34 app/src/Drv_Devices.o
 .ARM.attributes
                0x0000009c       0x34 app/src/biopotenciales.o
 .ARM.attributes
                0x000000d0       0x34 app/src/SPI.o
 .ARM.attributes
                0x00000104       0x34 app/src/ADS131E08.o
 .ARM.attributes
                0x00000138       0x34 lpc_chip_43xx/src/sysinit_18xx_43xx.o
 .ARM.attributes
                0x0000016c       0x34 lpc_chip_43xx/src/fpu_init.o
 .ARM.attributes
                0x000001a0       0x34 lpc_chip_43xx/src/chip_18xx_43xx.o
 .ARM.attributes
                0x000001d4       0x34 lpc_chip_43xx/src/clock_18xx_43xx.o
 .ARM.attributes
                0x00000208       0x34 lpc_chip_43xx/src/ssp_18xx_43xx.o
 .ARM.attributes
                0x0000023c       0x34 lpc_chip_43xx/src/gpio_18xx_43xx.o
 .ARM.attributes
                0x00000270       0x34 lpc_chip_43xx/src/uart_18xx_43xx.o
 .ARM.attributes
                0x000002a4       0x34 lpc_board_ciaa_edu_4337/src/sysinit.o
 .ARM.attributes
                0x000002d8       0x39 lpc_board_ciaa_edu_4337/src/crp.o
 .ARM.attributes
                0x00000311       0x34 lpc_board_ciaa_edu_4337/src/board_sysinit.o
 .ARM.attributes
                0x00000345       0x34 lpc_board_ciaa_edu_4337/src/cr_startup_lpc43xx.o
 .ARM.attributes
                0x00000379       0x34 lpc_board_ciaa_edu_4337/src/board.o
 .ARM.attributes
                0x000003ad       0x1e c:/ciaa/tools/arm-none-eabi-gcc/bin/../lib/gcc/arm-none-eabi/8.2.1/thumb/v7e-m+fp/hard\libgcc.a(_aeabi_uldivmod.o)
 .ARM.attributes
                0x000003cb       0x34 c:/ciaa/tools/arm-none-eabi-gcc/bin/../lib/gcc/arm-none-eabi/8.2.1/thumb/v7e-m+fp/hard\libgcc.a(_udivmoddi4.o)
 .ARM.attributes
                0x000003ff       0x1e c:/ciaa/tools/arm-none-eabi-gcc/bin/../lib/gcc/arm-none-eabi/8.2.1/thumb/v7e-m+fp/hard\libgcc.a(_dvmd_tls.o)
 .ARM.attributes
                0x0000041d       0x34 c:/ciaa/tools/arm-none-eabi-gcc/bin/../lib/gcc/arm-none-eabi/8.2.1/../../../../arm-none-eabi/lib/thumb/v7e-m+fp/hard\libc_nano.a(lib_a-memset.o)

.debug_frame    0x00000000      0xfb8
 .debug_frame   0x00000000       0xb0 app/src/GPIO.o
 .debug_frame   0x000000b0       0x90 app/src/UART.o
 .debug_frame   0x00000140       0x90 app/src/Drv_Devices.o
 .debug_frame   0x000001d0       0x44 app/src/biopotenciales.o
 .debug_frame   0x00000214       0x88 app/src/SPI.o
 .debug_frame   0x0000029c      0x16c app/src/ADS131E08.o
 .debug_frame   0x00000408       0x80 lpc_chip_43xx/src/sysinit_18xx_43xx.o
 .debug_frame   0x00000488       0x2c lpc_chip_43xx/src/fpu_init.o
 .debug_frame   0x000004b4       0x70 lpc_chip_43xx/src/chip_18xx_43xx.o
 .debug_frame   0x00000524      0x31c lpc_chip_43xx/src/clock_18xx_43xx.o
 .debug_frame   0x00000840      0x198 lpc_chip_43xx/src/ssp_18xx_43xx.o
 .debug_frame   0x000009d8       0x90 lpc_chip_43xx/src/gpio_18xx_43xx.o
 .debug_frame   0x00000a68      0x1f4 lpc_chip_43xx/src/uart_18xx_43xx.o
 .debug_frame   0x00000c5c       0x28 lpc_board_ciaa_edu_4337/src/sysinit.o
 .debug_frame   0x00000c84       0x5c lpc_board_ciaa_edu_4337/src/board_sysinit.o
 .debug_frame   0x00000ce0       0xf4 lpc_board_ciaa_edu_4337/src/cr_startup_lpc43xx.o
 .debug_frame   0x00000dd4      0x164 lpc_board_ciaa_edu_4337/src/board.o
 .debug_frame   0x00000f38       0x2c c:/ciaa/tools/arm-none-eabi-gcc/bin/../lib/gcc/arm-none-eabi/8.2.1/thumb/v7e-m+fp/hard\libgcc.a(_aeabi_uldivmod.o)
 .debug_frame   0x00000f64       0x34 c:/ciaa/tools/arm-none-eabi-gcc/bin/../lib/gcc/arm-none-eabi/8.2.1/thumb/v7e-m+fp/hard\libgcc.a(_udivmoddi4.o)
 .debug_frame   0x00000f98       0x20 c:/ciaa/tools/arm-none-eabi-gcc/bin/../lib/gcc/arm-none-eabi/8.2.1/../../../../arm-none-eabi/lib/thumb/v7e-m+fp/hard\libc_nano.a(lib_a-memset.o)

Cross Reference Table

Symbol                                            File
ADC0_IRQHandler                                   lpc_board_ciaa_edu_4337/src/cr_startup_lpc43xx.o
ADC1_IRQHandler                                   lpc_board_ciaa_edu_4337/src/cr_startup_lpc43xx.o
ADCHS_IRQHandler                                  lpc_board_ciaa_edu_4337/src/cr_startup_lpc43xx.o
ADS131E08_RREG                                    app/src/ADS131E08.o
ADS131E08_WREG                                    app/src/ADS131E08.o
ADS131E08_csHigh                                  app/src/ADS131E08.o
ADS131E08_csLow                                   app/src/ADS131E08.o
ADS131E08_getChannelData                          app/src/ADS131E08.o
                                                  app/src/biopotenciales.o
ADS131E08_getDeviceID                             app/src/ADS131E08.o
ADS131E08_getRegistersData                        app/src/ADS131E08.o
ADS131E08_initialize                              app/src/ADS131E08.o
                                                  app/src/biopotenciales.o
                                                  app/src/Drv_Devices.o
ADS131E08_isDataAvailable                         app/src/ADS131E08.o
                                                  app/src/biopotenciales.o
ADS131E08_sendCommand                             app/src/ADS131E08.o
ADS131E08_signalDown                              app/src/ADS131E08.o
                                                  app/src/biopotenciales.o
                                                  app/src/Drv_Devices.o
ADS131E08_startADS                                app/src/ADS131E08.o
ADS131E08_stopADS                                 app/src/ADS131E08.o
ADS131E08_transfer                                app/src/ADS131E08.o
ATIMER_IRQHandler                                 lpc_board_ciaa_edu_4337/src/cr_startup_lpc43xx.o
Board_DAC_Init                                    lpc_board_ciaa_edu_4337/src/board.o
Board_Debug_Init                                  lpc_board_ciaa_edu_4337/src/board.o
Board_ENET_GetMacADDR                             lpc_board_ciaa_edu_4337/src/board.o
Board_I2C_Init                                    lpc_board_ciaa_edu_4337/src/board.o
Board_Init                                        lpc_board_ciaa_edu_4337/src/board.o
                                                  app/src/biopotenciales.o
Board_LED_Set                                     lpc_board_ciaa_edu_4337/src/board.o
Board_LED_Test                                    lpc_board_ciaa_edu_4337/src/board.o
Board_LED_Toggle                                  lpc_board_ciaa_edu_4337/src/board.o
                                                  app/src/biopotenciales.o
Board_SDMMC_Init                                  lpc_board_ciaa_edu_4337/src/board.o
Board_SSP_Init                                    lpc_board_ciaa_edu_4337/src/board.o
Board_SetupClocking                               lpc_board_ciaa_edu_4337/src/board_sysinit.o
Board_SetupMuxing                                 lpc_board_ciaa_edu_4337/src/board_sysinit.o
Board_SystemInit                                  lpc_board_ciaa_edu_4337/src/board_sysinit.o
                                                  lpc_board_ciaa_edu_4337/src/sysinit.o
Board_TEC_GetStatus                               lpc_board_ciaa_edu_4337/src/board.o
                                                  app/src/biopotenciales.o
Board_UARTGetChar                                 lpc_board_ciaa_edu_4337/src/board.o
                                                  lpc_board_ciaa_edu_4337/src/system.o
Board_UARTPutChar                                 lpc_board_ciaa_edu_4337/src/board.o
                                                  lpc_board_ciaa_edu_4337/src/system.o
Board_UARTPutSTR                                  lpc_board_ciaa_edu_4337/src/board.o
Board_UART_Init                                   lpc_board_ciaa_edu_4337/src/board.o
BusFault_Handler                                  lpc_board_ciaa_edu_4337/src/cr_startup_lpc43xx.o
CAN0_IRQHandler                                   lpc_board_ciaa_edu_4337/src/cr_startup_lpc43xx.o
CAN1_IRQHandler                                   lpc_board_ciaa_edu_4337/src/cr_startup_lpc43xx.o
CRP_WORD                                          lpc_board_ciaa_edu_4337/src/crp.o
Chip_ADC_DeInit                                   lpc_chip_43xx/src/adc_18xx_43xx.o
Chip_ADC_EnableChannel                            lpc_chip_43xx/src/adc_18xx_43xx.o
Chip_ADC_Init                                     lpc_chip_43xx/src/adc_18xx_43xx.o
Chip_ADC_Int_SetChannelCmd                        lpc_chip_43xx/src/adc_18xx_43xx.o
Chip_ADC_ReadByte                                 lpc_chip_43xx/src/adc_18xx_43xx.o
Chip_ADC_ReadStatus                               lpc_chip_43xx/src/adc_18xx_43xx.o
Chip_ADC_ReadValue                                lpc_chip_43xx/src/adc_18xx_43xx.o
Chip_ADC_SetBurstCmd                              lpc_chip_43xx/src/adc_18xx_43xx.o
Chip_ADC_SetResolution                            lpc_chip_43xx/src/adc_18xx_43xx.o
Chip_ADC_SetSampleRate                            lpc_chip_43xx/src/adc_18xx_43xx.o
Chip_ADC_SetStartMode                             lpc_chip_43xx/src/adc_18xx_43xx.o
Chip_AES_Config_DMA                               lpc_chip_43xx/src/aes_18xx_43xx.o
Chip_AES_GetStatusDMA                             lpc_chip_43xx/src/aes_18xx_43xx.o
Chip_AES_Init                                     lpc_chip_43xx/src/aes_18xx_43xx.o
Chip_AES_LoadIV_IC                                lpc_chip_43xx/src/aes_18xx_43xx.o
Chip_AES_LoadIV_SW                                lpc_chip_43xx/src/aes_18xx_43xx.o
Chip_AES_LoadKey                                  lpc_chip_43xx/src/aes_18xx_43xx.o
Chip_AES_LoadKeyRNG                               lpc_chip_43xx/src/aes_18xx_43xx.o
Chip_AES_LoadKeySW                                lpc_chip_43xx/src/aes_18xx_43xx.o
Chip_AES_Operate                                  lpc_chip_43xx/src/aes_18xx_43xx.o
Chip_AES_OperateDMA                               lpc_chip_43xx/src/aes_18xx_43xx.o
Chip_AES_ProgramKey                               lpc_chip_43xx/src/aes_18xx_43xx.o
Chip_AES_SetMode                                  lpc_chip_43xx/src/aes_18xx_43xx.o
Chip_ATIMER_DeInit                                lpc_chip_43xx/src/atimer_18xx_43xx.o
Chip_ATIMER_Init                                  lpc_chip_43xx/src/atimer_18xx_43xx.o
Chip_CCAN_AddReceiveID                            lpc_chip_43xx/src/ccan_18xx_43xx.o
Chip_CCAN_ClearStatus                             lpc_chip_43xx/src/ccan_18xx_43xx.o
Chip_CCAN_DeInit                                  lpc_chip_43xx/src/ccan_18xx_43xx.o
Chip_CCAN_DeleteReceiveID                         lpc_chip_43xx/src/ccan_18xx_43xx.o
Chip_CCAN_GetMsgObject                            lpc_chip_43xx/src/ccan_18xx_43xx.o
Chip_CCAN_Init                                    lpc_chip_43xx/src/ccan_18xx_43xx.o
Chip_CCAN_Send                                    lpc_chip_43xx/src/ccan_18xx_43xx.o
Chip_CCAN_SetBitRate                              lpc_chip_43xx/src/ccan_18xx_43xx.o
Chip_CCAN_SetMsgObject                            lpc_chip_43xx/src/ccan_18xx_43xx.o
Chip_CCAN_SetValidMsg                             lpc_chip_43xx/src/ccan_18xx_43xx.o
Chip_CCAN_TransferMsgObject                       lpc_chip_43xx/src/ccan_18xx_43xx.o
Chip_Clock_CalcMainPLLValue                       lpc_chip_43xx/src/clock_18xx_43xx.o
                                                  lpc_chip_43xx/src/sysinit_18xx_43xx.o
Chip_Clock_ClearPowerDown                         lpc_chip_43xx/src/clock_18xx_43xx.o
Chip_Clock_Disable                                lpc_chip_43xx/src/clock_18xx_43xx.o
                                                  lpc_chip_43xx/src/hsadc_18xx_43xx.o
                                                  lpc_chip_43xx/src/sct_18xx_43xx.o
                                                  lpc_chip_43xx/src/ritimer_18xx_43xx.o
                                                  lpc_chip_43xx/src/i2s_18xx_43xx.o
                                                  lpc_chip_43xx/src/lcd_18xx_43xx.o
                                                  lpc_chip_43xx/src/uart_18xx_43xx.o
                                                  lpc_chip_43xx/src/ccan_18xx_43xx.o
                                                  lpc_chip_43xx/src/sdif_18xx_43xx.o
                                                  lpc_chip_43xx/src/adc_18xx_43xx.o
                                                  lpc_chip_43xx/src/spi_18xx_43xx.o
                                                  lpc_chip_43xx/src/gpdma_18xx_43xx.o
                                                  lpc_chip_43xx/src/enet_18xx_43xx.o
                                                  lpc_chip_43xx/src/ssp_18xx_43xx.o
                                                  lpc_chip_43xx/src/i2c_18xx_43xx.o
                                                  lpc_chip_43xx/src/timer_18xx_43xx.o
                                                  lpc_chip_43xx/src/i2cm_18xx_43xx.o
                                                  lpc_chip_43xx/src/dac_18xx_43xx.o
Chip_Clock_DisableBaseClock                       lpc_chip_43xx/src/clock_18xx_43xx.o
Chip_Clock_DisableCrystal                         lpc_chip_43xx/src/clock_18xx_43xx.o
Chip_Clock_DisablePLL                             lpc_chip_43xx/src/clock_18xx_43xx.o
Chip_Clock_Enable                                 lpc_chip_43xx/src/clock_18xx_43xx.o
                                                  lpc_chip_43xx/src/hsadc_18xx_43xx.o
                                                  lpc_chip_43xx/src/i2s_18xx_43xx.o
                                                  lpc_chip_43xx/src/spi_18xx_43xx.o
                                                  lpc_chip_43xx/src/ssp_18xx_43xx.o
                                                  lpc_chip_43xx/src/i2c_18xx_43xx.o
                                                  lpc_chip_43xx/src/timer_18xx_43xx.o
                                                  lpc_chip_43xx/src/i2cm_18xx_43xx.o
Chip_Clock_EnableBaseClock                        lpc_chip_43xx/src/clock_18xx_43xx.o
                                                  lpc_chip_43xx/src/chip_18xx_43xx.o
Chip_Clock_EnableCrystal                          lpc_chip_43xx/src/clock_18xx_43xx.o
                                                  lpc_chip_43xx/src/sysinit_18xx_43xx.o
Chip_Clock_EnableOpts                             lpc_chip_43xx/src/clock_18xx_43xx.o
                                                  lpc_chip_43xx/src/hsadc_18xx_43xx.o
                                                  lpc_chip_43xx/src/sct_18xx_43xx.o
                                                  lpc_chip_43xx/src/ritimer_18xx_43xx.o
                                                  lpc_chip_43xx/src/lcd_18xx_43xx.o
                                                  lpc_chip_43xx/src/uart_18xx_43xx.o
                                                  lpc_chip_43xx/src/ccan_18xx_43xx.o
                                                  lpc_chip_43xx/src/sdif_18xx_43xx.o
                                                  lpc_chip_43xx/src/adc_18xx_43xx.o
                                                  lpc_chip_43xx/src/gpdma_18xx_43xx.o
                                                  lpc_chip_43xx/src/enet_18xx_43xx.o
                                                  lpc_chip_43xx/src/dac_18xx_43xx.o
                                                  lpc_chip_43xx/src/chip_18xx_43xx.o
Chip_Clock_EnablePLL                              lpc_chip_43xx/src/clock_18xx_43xx.o
                                                  lpc_chip_43xx/src/chip_18xx_43xx.o
Chip_Clock_GetBaseClock                           lpc_chip_43xx/src/clock_18xx_43xx.o
Chip_Clock_GetBaseClockOpts                       lpc_chip_43xx/src/clock_18xx_43xx.o
Chip_Clock_GetBaseClocktHz                        lpc_chip_43xx/src/clock_18xx_43xx.o
                                                  lpc_chip_43xx/src/sdio_18xx_43xx.o
                                                  lpc_chip_43xx/src/sdmmc_18xx_43xx.o
Chip_Clock_GetClockInputHz                        lpc_chip_43xx/src/clock_18xx_43xx.o
                                                  lpc_chip_43xx/src/chip_18xx_43xx.o
Chip_Clock_GetDividerDivisor                      lpc_chip_43xx/src/clock_18xx_43xx.o
Chip_Clock_GetDividerSource                       lpc_chip_43xx/src/clock_18xx_43xx.o
Chip_Clock_GetEMCRate                             lpc_chip_43xx/src/clock_18xx_43xx.o
                                                  lpc_chip_43xx/src/emc_18xx_43xx.o
Chip_Clock_GetMainPLLHz                           lpc_chip_43xx/src/clock_18xx_43xx.o
Chip_Clock_GetPLLStatus                           lpc_chip_43xx/src/clock_18xx_43xx.o
                                                  lpc_chip_43xx/src/chip_18xx_43xx.o
Chip_Clock_GetRate                                lpc_chip_43xx/src/clock_18xx_43xx.o
                                                  lpc_chip_43xx/src/hsadc_18xx_43xx.o
                                                  lpc_chip_43xx/src/ritimer_18xx_43xx.o
                                                  lpc_chip_43xx/src/i2s_18xx_43xx.o
                                                  lpc_chip_43xx/src/uart_18xx_43xx.o
                                                  lpc_chip_43xx/src/ccan_18xx_43xx.o
                                                  lpc_chip_43xx/src/sct_pwm_18xx_43xx.o
                                                  lpc_chip_43xx/src/stopwatch_18xx_43xx.o
                                                  lpc_chip_43xx/src/adc_18xx_43xx.o
                                                  lpc_chip_43xx/src/spi_18xx_43xx.o
                                                  lpc_chip_43xx/src/ssp_18xx_43xx.o
                                                  lpc_chip_43xx/src/i2c_18xx_43xx.o
                                                  lpc_chip_43xx/src/i2cm_18xx_43xx.o
                                                  lpc_chip_43xx/src/eeprom_18xx_43xx.o
                                                  lpc_chip_43xx/src/chip_18xx_43xx.o
Chip_Clock_IsBaseClockEnabled                     lpc_chip_43xx/src/clock_18xx_43xx.o
Chip_Clock_RTCEnable                              lpc_chip_43xx/src/clock_18xx_43xx.o
                                                  lpc_chip_43xx/src/rtc_18xx_43xx.o
Chip_Clock_SetBaseClock                           lpc_chip_43xx/src/clock_18xx_43xx.o
                                                  lpc_board_ciaa_edu_4337/src/board_sysinit.o
                                                  lpc_chip_43xx/src/chip_18xx_43xx.o
                                                  lpc_chip_43xx/src/sysinit_18xx_43xx.o
Chip_Clock_SetDivider                             lpc_chip_43xx/src/clock_18xx_43xx.o
                                                  lpc_chip_43xx/src/chip_18xx_43xx.o
Chip_Clock_SetupMainPLLHz                         lpc_chip_43xx/src/clock_18xx_43xx.o
Chip_Clock_SetupMainPLLMult                       lpc_chip_43xx/src/clock_18xx_43xx.o
Chip_Clock_SetupPLL                               lpc_chip_43xx/src/clock_18xx_43xx.o
                                                  lpc_chip_43xx/src/chip_18xx_43xx.o
Chip_Clock_StartPowerDown                         lpc_chip_43xx/src/clock_18xx_43xx.o
Chip_DAC_DeInit                                   lpc_chip_43xx/src/dac_18xx_43xx.o
Chip_DAC_Init                                     lpc_chip_43xx/src/dac_18xx_43xx.o
Chip_DAC_SetBias                                  lpc_chip_43xx/src/dac_18xx_43xx.o
Chip_DAC_UpdateValue                              lpc_chip_43xx/src/dac_18xx_43xx.o
Chip_EEPROM_EraseProgramPage                      lpc_chip_43xx/src/eeprom_18xx_43xx.o
Chip_EEPROM_Init                                  lpc_chip_43xx/src/eeprom_18xx_43xx.o
Chip_EEPROM_WaitForIntStatus                      lpc_chip_43xx/src/eeprom_18xx_43xx.o
Chip_EMC_Dynamic_Enable                           lpc_chip_43xx/src/emc_18xx_43xx.o
Chip_EMC_Dynamic_Init                             lpc_chip_43xx/src/emc_18xx_43xx.o
Chip_EMC_Enable                                   lpc_chip_43xx/src/emc_18xx_43xx.o
Chip_EMC_Init                                     lpc_chip_43xx/src/emc_18xx_43xx.o
Chip_EMC_LowPowerMode                             lpc_chip_43xx/src/emc_18xx_43xx.o
Chip_EMC_Mirror                                   lpc_chip_43xx/src/emc_18xx_43xx.o
Chip_EMC_Static_Init                              lpc_chip_43xx/src/emc_18xx_43xx.o
Chip_ENET_DeInit                                  lpc_chip_43xx/src/enet_18xx_43xx.o
Chip_ENET_Init                                    lpc_chip_43xx/src/enet_18xx_43xx.o
Chip_ENET_SetDuplex                               lpc_chip_43xx/src/enet_18xx_43xx.o
Chip_ENET_SetSpeed                                lpc_chip_43xx/src/enet_18xx_43xx.o
Chip_ENET_SetupMII                                lpc_chip_43xx/src/enet_18xx_43xx.o
Chip_ENET_StartMIIRead                            lpc_chip_43xx/src/enet_18xx_43xx.o
Chip_ENET_StartMIIWrite                           lpc_chip_43xx/src/enet_18xx_43xx.o
Chip_EVRT_ConfigIntSrcActiveType                  lpc_chip_43xx/src/evrt_18xx_43xx.o
Chip_EVRT_Init                                    lpc_chip_43xx/src/evrt_18xx_43xx.o
Chip_EVRT_IsSourceInterrupting                    lpc_chip_43xx/src/evrt_18xx_43xx.o
Chip_EVRT_SetUpIntSrc                             lpc_chip_43xx/src/evrt_18xx_43xx.o
Chip_GPDMA_ChannelCmd                             lpc_chip_43xx/src/gpdma_18xx_43xx.o
Chip_GPDMA_ClearIntPending                        lpc_chip_43xx/src/gpdma_18xx_43xx.o
Chip_GPDMA_DeInit                                 lpc_chip_43xx/src/gpdma_18xx_43xx.o
Chip_GPDMA_GetFreeChannel                         lpc_chip_43xx/src/gpdma_18xx_43xx.o
Chip_GPDMA_Init                                   lpc_chip_43xx/src/gpdma_18xx_43xx.o
Chip_GPDMA_InitChannelCfg                         lpc_chip_43xx/src/gpdma_18xx_43xx.o
Chip_GPDMA_IntGetStatus                           lpc_chip_43xx/src/gpdma_18xx_43xx.o
Chip_GPDMA_Interrupt                              lpc_chip_43xx/src/gpdma_18xx_43xx.o
Chip_GPDMA_PrepareDescriptor                      lpc_chip_43xx/src/gpdma_18xx_43xx.o
Chip_GPDMA_SGTransfer                             lpc_chip_43xx/src/gpdma_18xx_43xx.o
Chip_GPDMA_Stop                                   lpc_chip_43xx/src/gpdma_18xx_43xx.o
Chip_GPDMA_Transfer                               lpc_chip_43xx/src/gpdma_18xx_43xx.o
Chip_GPIO_DeInit                                  lpc_chip_43xx/src/gpio_18xx_43xx.o
                                                  app/src/GPIO.o
Chip_GPIO_Init                                    lpc_chip_43xx/src/gpio_18xx_43xx.o
                                                  lpc_board_ciaa_edu_4337/src/board.o
                                                  app/src/GPIO.o
Chip_GPIO_SetDir                                  lpc_chip_43xx/src/gpio_18xx_43xx.o
Chip_GPIO_SetPinDIR                               lpc_chip_43xx/src/gpio_18xx_43xx.o
                                                  app/src/GPIO.o
Chip_GPIO_SetPortDIR                              lpc_chip_43xx/src/gpio_18xx_43xx.o
Chip_GPIO_WriteDirBit                             lpc_chip_43xx/src/gpio_18xx_43xx.o
Chip_HSADC_DeInit                                 lpc_chip_43xx/src/hsadc_18xx_43xx.o
Chip_HSADC_Init                                   lpc_chip_43xx/src/hsadc_18xx_43xx.o
Chip_HSADC_SetACDCBias                            lpc_chip_43xx/src/hsadc_18xx_43xx.o
Chip_HSADC_SetPowerSpeed                          lpc_chip_43xx/src/hsadc_18xx_43xx.o
Chip_HSADC_SetSpeed                               lpc_chip_43xx/src/hsadc_18xx_43xx.o
Chip_HSADC_SetThrHighValue                        lpc_chip_43xx/src/hsadc_18xx_43xx.o
Chip_HSADC_SetThrLowValue                         lpc_chip_43xx/src/hsadc_18xx_43xx.o
Chip_HSADC_SetupFIFO                              lpc_chip_43xx/src/hsadc_18xx_43xx.o
Chip_I2CM_DeInit                                  lpc_chip_43xx/src/i2cm_18xx_43xx.o
Chip_I2CM_Init                                    lpc_chip_43xx/src/i2cm_18xx_43xx.o
Chip_I2CM_Read                                    lpc_chip_43xx/src/i2cm_18xx_43xx.o
Chip_I2CM_SetBusSpeed                             lpc_chip_43xx/src/i2cm_18xx_43xx.o
Chip_I2CM_Write                                   lpc_chip_43xx/src/i2cm_18xx_43xx.o
Chip_I2CM_Xfer                                    lpc_chip_43xx/src/i2cm_18xx_43xx.o
Chip_I2CM_XferBlocking                            lpc_chip_43xx/src/i2cm_18xx_43xx.o
Chip_I2CM_XferHandler                             lpc_chip_43xx/src/i2cm_18xx_43xx.o
Chip_I2C_DeInit                                   lpc_chip_43xx/src/i2c_18xx_43xx.o
Chip_I2C_Disable                                  lpc_chip_43xx/src/i2c_18xx_43xx.o
Chip_I2C_EventHandler                             lpc_chip_43xx/src/i2c_18xx_43xx.o
Chip_I2C_EventHandlerPolling                      lpc_chip_43xx/src/i2c_18xx_43xx.o
Chip_I2C_GetClockRate                             lpc_chip_43xx/src/i2c_18xx_43xx.o
Chip_I2C_GetMasterEventHandler                    lpc_chip_43xx/src/i2c_18xx_43xx.o
Chip_I2C_Init                                     lpc_chip_43xx/src/i2c_18xx_43xx.o
Chip_I2C_IsMasterActive                           lpc_chip_43xx/src/i2c_18xx_43xx.o
Chip_I2C_IsStateChanged                           lpc_chip_43xx/src/i2c_18xx_43xx.o
Chip_I2C_MasterCmdRead                            lpc_chip_43xx/src/i2c_18xx_43xx.o
Chip_I2C_MasterRead                               lpc_chip_43xx/src/i2c_18xx_43xx.o
Chip_I2C_MasterSend                               lpc_chip_43xx/src/i2c_18xx_43xx.o
Chip_I2C_MasterStateHandler                       lpc_chip_43xx/src/i2c_18xx_43xx.o
Chip_I2C_MasterTransfer                           lpc_chip_43xx/src/i2c_18xx_43xx.o
Chip_I2C_SetClockRate                             lpc_chip_43xx/src/i2c_18xx_43xx.o
Chip_I2C_SetMasterEventHandler                    lpc_chip_43xx/src/i2c_18xx_43xx.o
Chip_I2C_SlaveSetup                               lpc_chip_43xx/src/i2c_18xx_43xx.o
Chip_I2C_SlaveStateHandler                        lpc_chip_43xx/src/i2c_18xx_43xx.o
Chip_I2S_DMA_RxCmd                                lpc_chip_43xx/src/i2s_18xx_43xx.o
Chip_I2S_DMA_TxCmd                                lpc_chip_43xx/src/i2s_18xx_43xx.o
Chip_I2S_DeInit                                   lpc_chip_43xx/src/i2s_18xx_43xx.o
Chip_I2S_Init                                     lpc_chip_43xx/src/i2s_18xx_43xx.o
Chip_I2S_Int_RxCmd                                lpc_chip_43xx/src/i2s_18xx_43xx.o
Chip_I2S_Int_TxCmd                                lpc_chip_43xx/src/i2s_18xx_43xx.o
Chip_I2S_RxConfig                                 lpc_chip_43xx/src/i2s_18xx_43xx.o
Chip_I2S_TxConfig                                 lpc_chip_43xx/src/i2s_18xx_43xx.o
Chip_IAP_BlankCheckSector                         lpc_chip_43xx/src/iap_18xx_43xx.o
Chip_IAP_Compare                                  lpc_chip_43xx/src/iap_18xx_43xx.o
Chip_IAP_CopyRamToFlash                           lpc_chip_43xx/src/iap_18xx_43xx.o
Chip_IAP_ErasePage                                lpc_chip_43xx/src/iap_18xx_43xx.o
Chip_IAP_EraseSector                              lpc_chip_43xx/src/iap_18xx_43xx.o
Chip_IAP_PreSectorForReadWrite                    lpc_chip_43xx/src/iap_18xx_43xx.o
Chip_IAP_ReadBootCode                             lpc_chip_43xx/src/iap_18xx_43xx.o
Chip_IAP_ReadPID                                  lpc_chip_43xx/src/iap_18xx_43xx.o
Chip_IAP_ReadUID                                  lpc_chip_43xx/src/iap_18xx_43xx.o
Chip_IAP_ReinvokeISP                              lpc_chip_43xx/src/iap_18xx_43xx.o
Chip_IAP_SetBootFlashBank                         lpc_chip_43xx/src/iap_18xx_43xx.o
Chip_LCD_Cursor_Config                            lpc_chip_43xx/src/lcd_18xx_43xx.o
Chip_LCD_Cursor_WriteImage                        lpc_chip_43xx/src/lcd_18xx_43xx.o
Chip_LCD_DeInit                                   lpc_chip_43xx/src/lcd_18xx_43xx.o
Chip_LCD_Init                                     lpc_chip_43xx/src/lcd_18xx_43xx.o
Chip_LCD_LoadPalette                              lpc_chip_43xx/src/lcd_18xx_43xx.o
Chip_OTP_GenRand                                  lpc_chip_43xx/src/otp_18xx_43xx.o
Chip_OTP_Init                                     lpc_chip_43xx/src/otp_18xx_43xx.o
Chip_OTP_ProgBootSrc                              lpc_chip_43xx/src/otp_18xx_43xx.o
Chip_OTP_ProgGPWord                               lpc_chip_43xx/src/otp_18xx_43xx.o
Chip_OTP_ProgJTAGDis                              lpc_chip_43xx/src/otp_18xx_43xx.o
Chip_OTP_ProgKey                                  lpc_chip_43xx/src/otp_18xx_43xx.o
Chip_OTP_ProgUSBID                                lpc_chip_43xx/src/otp_18xx_43xx.o
Chip_PMC_Set_PwrState                             lpc_chip_43xx/src/pmc_18xx_43xx.o
Chip_PMC_Sleep                                    lpc_chip_43xx/src/pmc_18xx_43xx.o
Chip_RIT_DeInit                                   lpc_chip_43xx/src/ritimer_18xx_43xx.o
Chip_RIT_GetIntStatus                             lpc_chip_43xx/src/ritimer_18xx_43xx.o
Chip_RIT_Init                                     lpc_chip_43xx/src/ritimer_18xx_43xx.o
Chip_RIT_SetTimerInterval                         lpc_chip_43xx/src/ritimer_18xx_43xx.o
Chip_RTC_AlarmIntConfig                           lpc_chip_43xx/src/rtc_18xx_43xx.o
Chip_RTC_CalibCounterCmd                          lpc_chip_43xx/src/rtc_18xx_43xx.o
Chip_RTC_CntIncrIntConfig                         lpc_chip_43xx/src/rtc_18xx_43xx.o
Chip_RTC_DeInit                                   lpc_chip_43xx/src/rtc_18xx_43xx.o
Chip_RTC_EV_GetFirstTimeStamp                     lpc_chip_43xx/src/rtc_18xx_43xx.o
Chip_RTC_EV_GetLastTimeStamp                      lpc_chip_43xx/src/rtc_18xx_43xx.o
Chip_RTC_Enable                                   lpc_chip_43xx/src/rtc_18xx_43xx.o
Chip_RTC_GetFullAlarmTime                         lpc_chip_43xx/src/rtc_18xx_43xx.o
Chip_RTC_GetFullTime                              lpc_chip_43xx/src/rtc_18xx_43xx.o
Chip_RTC_Init                                     lpc_chip_43xx/src/rtc_18xx_43xx.o
Chip_RTC_ResetClockTickCounter                    lpc_chip_43xx/src/rtc_18xx_43xx.o
Chip_RTC_SetFullAlarmTime                         lpc_chip_43xx/src/rtc_18xx_43xx.o
Chip_RTC_SetFullTime                              lpc_chip_43xx/src/rtc_18xx_43xx.o
Chip_SCTPWM_SetOutPin                             lpc_chip_43xx/src/sct_pwm_18xx_43xx.o
Chip_SCTPWM_SetRate                               lpc_chip_43xx/src/sct_pwm_18xx_43xx.o
Chip_SCT_DeInit                                   lpc_chip_43xx/src/sct_18xx_43xx.o
Chip_SCT_Init                                     lpc_chip_43xx/src/sct_18xx_43xx.o
Chip_SCT_SetClrControl                            lpc_chip_43xx/src/sct_18xx_43xx.o
Chip_SCT_SetConflictResolution                    lpc_chip_43xx/src/sct_18xx_43xx.o
Chip_SDIF_DeInit                                  lpc_chip_43xx/src/sdif_18xx_43xx.o
Chip_SDIF_DmaSetup                                lpc_chip_43xx/src/sdif_18xx_43xx.o
                                                  lpc_chip_43xx/src/sdio_18xx_43xx.o
                                                  lpc_chip_43xx/src/sdmmc_18xx_43xx.o
Chip_SDIF_GetResponse                             lpc_chip_43xx/src/sdif_18xx_43xx.o
                                                  lpc_chip_43xx/src/sdio_18xx_43xx.o
                                                  lpc_chip_43xx/src/sdmmc_18xx_43xx.o
Chip_SDIF_Init                                    lpc_chip_43xx/src/sdif_18xx_43xx.o
Chip_SDIF_SendCmd                                 lpc_chip_43xx/src/sdif_18xx_43xx.o
                                                  lpc_chip_43xx/src/sdio_18xx_43xx.o
                                                  lpc_chip_43xx/src/sdmmc_18xx_43xx.o
Chip_SDIF_SetClearIntFifo                         lpc_chip_43xx/src/sdif_18xx_43xx.o
                                                  lpc_chip_43xx/src/sdmmc_18xx_43xx.o
Chip_SDIF_SetClock                                lpc_chip_43xx/src/sdif_18xx_43xx.o
                                                  lpc_chip_43xx/src/sdio_18xx_43xx.o
                                                  lpc_chip_43xx/src/sdmmc_18xx_43xx.o
Chip_SDMMC_Acquire                                lpc_chip_43xx/src/sdmmc_18xx_43xx.o
Chip_SDMMC_GetDeviceBlocks                        lpc_chip_43xx/src/sdmmc_18xx_43xx.o
Chip_SDMMC_GetDeviceSize                          lpc_chip_43xx/src/sdmmc_18xx_43xx.o
Chip_SDMMC_GetState                               lpc_chip_43xx/src/sdmmc_18xx_43xx.o
Chip_SDMMC_ReadBlocks                             lpc_chip_43xx/src/sdmmc_18xx_43xx.o
Chip_SDMMC_WriteBlocks                            lpc_chip_43xx/src/sdmmc_18xx_43xx.o
Chip_SPI_DeInit                                   lpc_chip_43xx/src/spi_18xx_43xx.o
Chip_SPI_Init                                     lpc_chip_43xx/src/spi_18xx_43xx.o
Chip_SPI_Int_FlushData                            lpc_chip_43xx/src/spi_18xx_43xx.o
Chip_SPI_Int_RWFrames                             lpc_chip_43xx/src/spi_18xx_43xx.o
Chip_SPI_Int_RWFrames16Bits                       lpc_chip_43xx/src/spi_18xx_43xx.o
Chip_SPI_Int_RWFrames8Bits                        lpc_chip_43xx/src/spi_18xx_43xx.o
Chip_SPI_RWFrames_Blocking                        lpc_chip_43xx/src/spi_18xx_43xx.o
Chip_SPI_SetBitRate                               lpc_chip_43xx/src/spi_18xx_43xx.o
Chip_SSP_DeInit                                   lpc_chip_43xx/src/ssp_18xx_43xx.o
                                                  app/src/SPI.o
Chip_SSP_Init                                     lpc_chip_43xx/src/ssp_18xx_43xx.o
                                                  app/src/SPI.o
Chip_SSP_Int_FlushData                            lpc_chip_43xx/src/ssp_18xx_43xx.o
Chip_SSP_Int_RWFrames16Bits                       lpc_chip_43xx/src/ssp_18xx_43xx.o
Chip_SSP_Int_RWFrames8Bits                        lpc_chip_43xx/src/ssp_18xx_43xx.o
Chip_SSP_RWFrames_Blocking                        lpc_chip_43xx/src/ssp_18xx_43xx.o
Chip_SSP_ReadFrames_Blocking                      lpc_chip_43xx/src/ssp_18xx_43xx.o
Chip_SSP_SetBitRate                               lpc_chip_43xx/src/ssp_18xx_43xx.o
                                                  app/src/SPI.o
Chip_SSP_SetClockRate                             lpc_chip_43xx/src/ssp_18xx_43xx.o
Chip_SSP_SetMaster                                lpc_chip_43xx/src/ssp_18xx_43xx.o
                                                  app/src/SPI.o
Chip_SSP_WriteFrames_Blocking                     lpc_chip_43xx/src/ssp_18xx_43xx.o
Chip_SetupCoreClock                               lpc_chip_43xx/src/sysinit_18xx_43xx.o
                                                  lpc_board_ciaa_edu_4337/src/board_sysinit.o
Chip_SetupIrcClocking                             lpc_chip_43xx/src/sysinit_18xx_43xx.o
Chip_SetupXtalClocking                            lpc_chip_43xx/src/sysinit_18xx_43xx.o
Chip_SystemInit                                   lpc_chip_43xx/src/sysinit_18xx_43xx.o
Chip_TIMER_DeInit                                 lpc_chip_43xx/src/timer_18xx_43xx.o
Chip_TIMER_ExtMatchControlSet                     lpc_chip_43xx/src/timer_18xx_43xx.o
Chip_TIMER_Init                                   lpc_chip_43xx/src/timer_18xx_43xx.o
                                                  lpc_chip_43xx/src/stopwatch_18xx_43xx.o
Chip_TIMER_Reset                                  lpc_chip_43xx/src/timer_18xx_43xx.o
Chip_UART_ABCmd                                   lpc_chip_43xx/src/uart_18xx_43xx.o
Chip_UART_CheckBusy                               lpc_chip_43xx/src/uart_18xx_43xx.o
Chip_UART_DeInit                                  lpc_chip_43xx/src/uart_18xx_43xx.o
                                                  app/src/UART.o
Chip_UART_GetABEOStatus                           lpc_chip_43xx/src/uart_18xx_43xx.o
Chip_UART_IRQRBHandler                            lpc_chip_43xx/src/uart_18xx_43xx.o
Chip_UART_Init                                    lpc_chip_43xx/src/uart_18xx_43xx.o
                                                  lpc_board_ciaa_edu_4337/src/board.o
                                                  app/src/UART.o
Chip_UART_RXIntHandlerRB                          lpc_chip_43xx/src/uart_18xx_43xx.o
Chip_UART_Read                                    lpc_chip_43xx/src/uart_18xx_43xx.o
                                                  app/src/UART.o
Chip_UART_ReadBlocking                            lpc_chip_43xx/src/uart_18xx_43xx.o
Chip_UART_ReadRB                                  lpc_chip_43xx/src/uart_18xx_43xx.o
Chip_UART_Send                                    lpc_chip_43xx/src/uart_18xx_43xx.o
Chip_UART_SendBlocking                            lpc_chip_43xx/src/uart_18xx_43xx.o
                                                  app/src/UART.o
Chip_UART_SendRB                                  lpc_chip_43xx/src/uart_18xx_43xx.o
Chip_UART_SetBaud                                 lpc_chip_43xx/src/uart_18xx_43xx.o
                                                  app/src/UART.o
Chip_UART_SetBaudFDR                              lpc_chip_43xx/src/uart_18xx_43xx.o
                                                  lpc_board_ciaa_edu_4337/src/board.o
Chip_UART_TXIntHandlerRB                          lpc_chip_43xx/src/uart_18xx_43xx.o
Chip_USB0_Init                                    lpc_chip_43xx/src/chip_18xx_43xx.o
Chip_USB1_Init                                    lpc_chip_43xx/src/chip_18xx_43xx.o
Chip_WWDT_ClearStatusFlag                         lpc_chip_43xx/src/wwdt_18xx_43xx.o
Chip_WWDT_DeInit                                  lpc_chip_43xx/src/wwdt_18xx_43xx.o
Chip_WWDT_Init                                    lpc_chip_43xx/src/wwdt_18xx_43xx.o
DAC_IRQHandler                                    lpc_board_ciaa_edu_4337/src/cr_startup_lpc43xx.o
DMA_IRQHandler                                    lpc_board_ciaa_edu_4337/src/cr_startup_lpc43xx.o
DebugMon_Handler                                  lpc_board_ciaa_edu_4337/src/cr_startup_lpc43xx.o
Drv_Devices_getIsMaster                           app/src/Drv_Devices.o
Drv_Devices_getIsRunning                          app/src/Drv_Devices.o
Drv_Devices_isMaster                              app/src/Drv_Devices.o
Drv_Devices_startFromScratch                      app/src/Drv_Devices.o
ETH_IRQHandler                                    lpc_board_ciaa_edu_4337/src/cr_startup_lpc43xx.o
EVRT_IRQHandler                                   lpc_board_ciaa_edu_4337/src/cr_startup_lpc43xx.o
ExtRateIn                                         lpc_board_ciaa_edu_4337/src/board.o
                                                  lpc_chip_43xx/src/clock_18xx_43xx.o
FLASH_EEPROM_IRQHandler                           lpc_board_ciaa_edu_4337/src/cr_startup_lpc43xx.o
GINT0_IRQHandler                                  lpc_board_ciaa_edu_4337/src/cr_startup_lpc43xx.o
GINT1_IRQHandler                                  lpc_board_ciaa_edu_4337/src/cr_startup_lpc43xx.o
GPIO0_IRQHandler                                  lpc_board_ciaa_edu_4337/src/cr_startup_lpc43xx.o
GPIO1_IRQHandler                                  lpc_board_ciaa_edu_4337/src/cr_startup_lpc43xx.o
GPIO2_IRQHandler                                  lpc_board_ciaa_edu_4337/src/cr_startup_lpc43xx.o
GPIO3_IRQHandler                                  lpc_board_ciaa_edu_4337/src/cr_startup_lpc43xx.o
GPIO4_IRQHandler                                  lpc_board_ciaa_edu_4337/src/cr_startup_lpc43xx.o
GPIO5_IRQHandler                                  lpc_board_ciaa_edu_4337/src/cr_startup_lpc43xx.o
GPIO6_IRQHandler                                  lpc_board_ciaa_edu_4337/src/cr_startup_lpc43xx.o
GPIO7_IRQHandler                                  lpc_board_ciaa_edu_4337/src/cr_startup_lpc43xx.o
GPIO_deInit                                       app/src/GPIO.o
GPIO_getPinDir                                    app/src/GPIO.o
GPIO_getPinState                                  app/src/GPIO.o
                                                  app/src/ADS131E08.o
                                                  app/src/Drv_Devices.o
GPIO_init                                         app/src/GPIO.o
                                                  app/src/biopotenciales.o
GPIO_setPinDir                                    app/src/GPIO.o
GPIO_setPinState                                  app/src/GPIO.o
                                                  app/src/ADS131E08.o
GPIO_setPinToggle                                 app/src/GPIO.o
HardFault_Handler                                 lpc_board_ciaa_edu_4337/src/cr_startup_lpc43xx.o
I2C0_IRQHandler                                   lpc_board_ciaa_edu_4337/src/cr_startup_lpc43xx.o
I2C1_IRQHandler                                   lpc_board_ciaa_edu_4337/src/cr_startup_lpc43xx.o
I2S0_IRQHandler                                   lpc_board_ciaa_edu_4337/src/cr_startup_lpc43xx.o
I2S1_IRQHandler                                   lpc_board_ciaa_edu_4337/src/cr_startup_lpc43xx.o
IntDefaultHandler                                 lpc_board_ciaa_edu_4337/src/cr_startup_lpc43xx.o
LCD_IRQHandler                                    lpc_board_ciaa_edu_4337/src/cr_startup_lpc43xx.o
M0APP_IRQHandler                                  lpc_board_ciaa_edu_4337/src/cr_startup_lpc43xx.o
M0SUB_IRQHandler                                  lpc_board_ciaa_edu_4337/src/cr_startup_lpc43xx.o
MCPWM_IRQHandler                                  lpc_board_ciaa_edu_4337/src/cr_startup_lpc43xx.o
MemManage_Handler                                 lpc_board_ciaa_edu_4337/src/cr_startup_lpc43xx.o
NMI_Handler                                       lpc_board_ciaa_edu_4337/src/cr_startup_lpc43xx.o
OscRateIn                                         lpc_board_ciaa_edu_4337/src/board.o
                                                  lpc_chip_43xx/src/clock_18xx_43xx.o
PendSV_Handler                                    lpc_board_ciaa_edu_4337/src/cr_startup_lpc43xx.o
QEI_IRQHandler                                    lpc_board_ciaa_edu_4337/src/cr_startup_lpc43xx.o
RIT_IRQHandler                                    lpc_board_ciaa_edu_4337/src/cr_startup_lpc43xx.o
RTC_IRQHandler                                    lpc_board_ciaa_edu_4337/src/cr_startup_lpc43xx.o
ResetISR                                          lpc_board_ciaa_edu_4337/src/cr_startup_lpc43xx.o
RingBuffer_Init                                   lpc_chip_43xx/src/ring_buffer.o
RingBuffer_Insert                                 lpc_chip_43xx/src/ring_buffer.o
                                                  lpc_chip_43xx/src/uart_18xx_43xx.o
RingBuffer_InsertMult                             lpc_chip_43xx/src/ring_buffer.o
                                                  lpc_chip_43xx/src/uart_18xx_43xx.o
RingBuffer_Pop                                    lpc_chip_43xx/src/ring_buffer.o
                                                  lpc_chip_43xx/src/uart_18xx_43xx.o
RingBuffer_PopMult                                lpc_chip_43xx/src/ring_buffer.o
                                                  lpc_chip_43xx/src/uart_18xx_43xx.o
SCT_IRQHandler                                    lpc_board_ciaa_edu_4337/src/cr_startup_lpc43xx.o
SDIO_Card_DisableInt                              lpc_chip_43xx/src/sdio_18xx_43xx.o
SDIO_Card_EnableInt                               lpc_chip_43xx/src/sdio_18xx_43xx.o
SDIO_Card_GetBlockSize                            lpc_chip_43xx/src/sdio_18xx_43xx.o
SDIO_Card_Init                                    lpc_chip_43xx/src/sdio_18xx_43xx.o
SDIO_Card_ReadData                                lpc_chip_43xx/src/sdio_18xx_43xx.o
SDIO_Card_SetBlockSize                            lpc_chip_43xx/src/sdio_18xx_43xx.o
SDIO_Card_WriteData                               lpc_chip_43xx/src/sdio_18xx_43xx.o
SDIO_Handler                                      lpc_chip_43xx/src/sdio_18xx_43xx.o
SDIO_IRQHandler                                   lpc_board_ciaa_edu_4337/src/cr_startup_lpc43xx.o
SDIO_Read_Direct                                  lpc_chip_43xx/src/sdio_18xx_43xx.o
SDIO_Send_Command                                 lpc_chip_43xx/src/sdio_18xx_43xx.o
SDIO_Setup_Callback                               lpc_chip_43xx/src/sdio_18xx_43xx.o
SDIO_WriteRead_Direct                             lpc_chip_43xx/src/sdio_18xx_43xx.o
SDIO_Write_Direct                                 lpc_chip_43xx/src/sdio_18xx_43xx.o
SGPIO_IRQHandler                                  lpc_board_ciaa_edu_4337/src/cr_startup_lpc43xx.o
SPIFI_IRQHandler                                  lpc_board_ciaa_edu_4337/src/cr_startup_lpc43xx.o
SPI_IRQHandler                                    lpc_board_ciaa_edu_4337/src/cr_startup_lpc43xx.o
SPI_Receive                                       app/src/SPI.o
SPI_Send                                          app/src/SPI.o
SPI_deInit                                        app/src/SPI.o
SPI_init                                          app/src/SPI.o
                                                  app/src/biopotenciales.o
SPI_setup                                         app/src/SPI.o
                                                  app/src/biopotenciales.o
SPI_transfer                                      app/src/SPI.o
                                                  app/src/ADS131E08.o
SSP0_IRQHandler                                   lpc_board_ciaa_edu_4337/src/cr_startup_lpc43xx.o
SSP1_IRQHandler                                   lpc_board_ciaa_edu_4337/src/cr_startup_lpc43xx.o
SVC_Handler                                       lpc_board_ciaa_edu_4337/src/cr_startup_lpc43xx.o
StopWatch_Init                                    lpc_chip_43xx/src/stopwatch_18xx_43xx.o
StopWatch_MsToTicks                               lpc_chip_43xx/src/stopwatch_18xx_43xx.o
StopWatch_Start                                   lpc_chip_43xx/src/stopwatch_18xx_43xx.o
StopWatch_TicksPerSecond                          lpc_chip_43xx/src/stopwatch_18xx_43xx.o
StopWatch_TicksToMs                               lpc_chip_43xx/src/stopwatch_18xx_43xx.o
StopWatch_TicksToUs                               lpc_chip_43xx/src/stopwatch_18xx_43xx.o
StopWatch_UsToTicks                               lpc_chip_43xx/src/stopwatch_18xx_43xx.o
SysTick_Handler                                   app/src/Drv_Devices.o
SystemCoreClock                                   lpc_chip_43xx/src/chip_18xx_43xx.o
                                                  lpc_chip_43xx/src/iap_18xx_43xx.o
                                                  lpc_chip_43xx/src/enet_18xx_43xx.o
                                                  app/src/biopotenciales.o
                                                  app/src/Drv_Devices.o
SystemCoreClockUpdate                             lpc_chip_43xx/src/chip_18xx_43xx.o
                                                  app/src/biopotenciales.o
SystemInit                                        lpc_board_ciaa_edu_4337/src/sysinit.o
                                                  lpc_board_ciaa_edu_4337/src/cr_startup_lpc43xx.o
TIMER0_IRQHandler                                 lpc_board_ciaa_edu_4337/src/cr_startup_lpc43xx.o
TIMER1_IRQHandler                                 lpc_board_ciaa_edu_4337/src/cr_startup_lpc43xx.o
TIMER2_IRQHandler                                 lpc_board_ciaa_edu_4337/src/cr_startup_lpc43xx.o
TIMER3_IRQHandler                                 lpc_board_ciaa_edu_4337/src/cr_startup_lpc43xx.o
UART0_IRQHandler                                  lpc_board_ciaa_edu_4337/src/cr_startup_lpc43xx.o
UART1_IRQHandler                                  lpc_board_ciaa_edu_4337/src/cr_startup_lpc43xx.o
UART2_IRQHandler                                  lpc_board_ciaa_edu_4337/src/cr_startup_lpc43xx.o
UART3_IRQHandler                                  lpc_board_ciaa_edu_4337/src/cr_startup_lpc43xx.o
UART_DeInit                                       app/src/UART.o
UART_ReadByte                                     app/src/UART.o